Archive member included to satisfy reference by file (symbol)

c:/ac6/systemworkbench/plugins/fr.ac6.mcu.externaltools.arm-none.win32_1.13.3.201707031232/tools/compiler/bin/../lib/gcc/arm-none-eabi/5.4.1/armv6-m\libgcc.a(_udivsi3.o)
                              Drivers/STM32F0xx_HAL_Driver/Src/stm32f0xx_hal.o (__aeabi_uidiv)
c:/ac6/systemworkbench/plugins/fr.ac6.mcu.externaltools.arm-none.win32_1.13.3.201707031232/tools/compiler/bin/../lib/gcc/arm-none-eabi/5.4.1/armv6-m\libgcc.a(_divsi3.o)
                              Src/vl6180x_api.o (__aeabi_idiv)
c:/ac6/systemworkbench/plugins/fr.ac6.mcu.externaltools.arm-none.win32_1.13.3.201707031232/tools/compiler/bin/../lib/gcc/arm-none-eabi/5.4.1/armv6-m\libgcc.a(_dvmd_tls.o)
                              c:/ac6/systemworkbench/plugins/fr.ac6.mcu.externaltools.arm-none.win32_1.13.3.201707031232/tools/compiler/bin/../lib/gcc/arm-none-eabi/5.4.1/armv6-m\libgcc.a(_udivsi3.o) (__aeabi_idiv0)
c:/ac6/systemworkbench/plugins/fr.ac6.mcu.externaltools.arm-none.win32_1.13.3.201707031232/tools/compiler/bin/../lib/gcc/arm-none-eabi/5.4.1/../../../../arm-none-eabi/lib/armv6-m\libc_nano.a(lib_a-exit.o)
                              c:/ac6/systemworkbench/plugins/fr.ac6.mcu.externaltools.arm-none.win32_1.13.3.201707031232/tools/compiler/bin/../lib/gcc/arm-none-eabi/5.4.1/../../../../arm-none-eabi/lib/armv6-m/crt0.o (exit)
c:/ac6/systemworkbench/plugins/fr.ac6.mcu.externaltools.arm-none.win32_1.13.3.201707031232/tools/compiler/bin/../lib/gcc/arm-none-eabi/5.4.1/../../../../arm-none-eabi/lib/armv6-m\libc_nano.a(lib_a-impure.o)
                              c:/ac6/systemworkbench/plugins/fr.ac6.mcu.externaltools.arm-none.win32_1.13.3.201707031232/tools/compiler/bin/../lib/gcc/arm-none-eabi/5.4.1/../../../../arm-none-eabi/lib/armv6-m\libc_nano.a(lib_a-exit.o) (_global_impure_ptr)
c:/ac6/systemworkbench/plugins/fr.ac6.mcu.externaltools.arm-none.win32_1.13.3.201707031232/tools/compiler/bin/../lib/gcc/arm-none-eabi/5.4.1/../../../../arm-none-eabi/lib/armv6-m\libc_nano.a(lib_a-init.o)
                              c:/ac6/systemworkbench/plugins/fr.ac6.mcu.externaltools.arm-none.win32_1.13.3.201707031232/tools/compiler/bin/../lib/gcc/arm-none-eabi/5.4.1/../../../../arm-none-eabi/lib/armv6-m/crt0.o (__libc_init_array)
c:/ac6/systemworkbench/plugins/fr.ac6.mcu.externaltools.arm-none.win32_1.13.3.201707031232/tools/compiler/bin/../lib/gcc/arm-none-eabi/5.4.1/../../../../arm-none-eabi/lib/armv6-m\libc_nano.a(lib_a-memcpy-stub.o)
                              Drivers/STM32F0xx_HAL_Driver/Src/stm32f0xx_hal_rcc.o (memcpy)
c:/ac6/systemworkbench/plugins/fr.ac6.mcu.externaltools.arm-none.win32_1.13.3.201707031232/tools/compiler/bin/../lib/gcc/arm-none-eabi/5.4.1/../../../../arm-none-eabi/lib/armv6-m\libc_nano.a(lib_a-memset.o)
                              c:/ac6/systemworkbench/plugins/fr.ac6.mcu.externaltools.arm-none.win32_1.13.3.201707031232/tools/compiler/bin/../lib/gcc/arm-none-eabi/5.4.1/../../../../arm-none-eabi/lib/armv6-m/crt0.o (memset)
c:/ac6/systemworkbench/plugins/fr.ac6.mcu.externaltools.arm-none.win32_1.13.3.201707031232/tools/compiler/bin/../lib/gcc/arm-none-eabi/5.4.1/../../../../arm-none-eabi/lib/armv6-m\libc_nano.a(lib_a-sprintf.o)
                              Src/PuttyInterface.o (sprintf)
c:/ac6/systemworkbench/plugins/fr.ac6.mcu.externaltools.arm-none.win32_1.13.3.201707031232/tools/compiler/bin/../lib/gcc/arm-none-eabi/5.4.1/../../../../arm-none-eabi/lib/armv6-m\libc_nano.a(lib_a-strcmp.o)
                              Src/main.o (strcmp)
c:/ac6/systemworkbench/plugins/fr.ac6.mcu.externaltools.arm-none.win32_1.13.3.201707031232/tools/compiler/bin/../lib/gcc/arm-none-eabi/5.4.1/../../../../arm-none-eabi/lib/armv6-m\libc_nano.a(lib_a-strcpy.o)
                              Src/PuttyInterface.o (strcpy)
c:/ac6/systemworkbench/plugins/fr.ac6.mcu.externaltools.arm-none.win32_1.13.3.201707031232/tools/compiler/bin/../lib/gcc/arm-none-eabi/5.4.1/../../../../arm-none-eabi/lib/armv6-m\libc_nano.a(lib_a-strlen.o)
                              Src/PuttyInterface.o (strlen)
c:/ac6/systemworkbench/plugins/fr.ac6.mcu.externaltools.arm-none.win32_1.13.3.201707031232/tools/compiler/bin/../lib/gcc/arm-none-eabi/5.4.1/../../../../arm-none-eabi/lib/armv6-m\libc_nano.a(lib_a-nano-svfprintf.o)
                              c:/ac6/systemworkbench/plugins/fr.ac6.mcu.externaltools.arm-none.win32_1.13.3.201707031232/tools/compiler/bin/../lib/gcc/arm-none-eabi/5.4.1/../../../../arm-none-eabi/lib/armv6-m\libc_nano.a(lib_a-sprintf.o) (_svfprintf_r)
c:/ac6/systemworkbench/plugins/fr.ac6.mcu.externaltools.arm-none.win32_1.13.3.201707031232/tools/compiler/bin/../lib/gcc/arm-none-eabi/5.4.1/../../../../arm-none-eabi/lib/armv6-m\libc_nano.a(lib_a-nano-vfprintf_i.o)
[...]
Memory Configuration

Name             Origin             Length             Attributes
RAM              0x20000000         0x00008000         xrw
FLASH            0x08000000         0x00040000         xr
*default*        0x00000000         0xffffffff

Linker script and memory map

LOAD c:/ac6/systemworkbench/plugins/fr.ac6.mcu.externaltools.arm-none.win32_1.13.3.201707031232/tools/compiler/bin/../lib/gcc/arm-none-eabi/5.4.1/armv6-m/crti.o
LOAD c:/ac6/systemworkbench/plugins/fr.ac6.mcu.externaltools.arm-none.win32_1.13.3.201707031232/tools/compiler/bin/../lib/gcc/arm-none-eabi/5.4.1/armv6-m/crtbegin.o
LOAD c:/ac6/systemworkbench/plugins/fr.ac6.mcu.externaltools.arm-none.win32_1.13.3.201707031232/tools/compiler/bin/../lib/gcc/arm-none-eabi/5.4.1/../../../../arm-none-eabi/lib/armv6-m/crt0.o
LOAD Drivers/STM32F0xx_HAL_Driver/Src/stm32f0xx_hal.o
LOAD Drivers/STM32F0xx_HAL_Driver/Src/stm32f0xx_hal_cortex.o
LOAD Drivers/STM32F0xx_HAL_Driver/Src/stm32f0xx_hal_dma.o
LOAD Drivers/STM32F0xx_HAL_Driver/Src/stm32f0xx_hal_flash.o
LOAD Drivers/STM32F0xx_HAL_Driver/Src/stm32f0xx_hal_flash_ex.o
LOAD Drivers/STM32F0xx_HAL_Driver/Src/stm32f0xx_hal_gpio.o
LOAD Drivers/STM32F0xx_HAL_Driver/Src/stm32f0xx_hal_i2c.o
LOAD Drivers/STM32F0xx_HAL_Driver/Src/stm32f0xx_hal_i2c_ex.o
LOAD Drivers/STM32F0xx_HAL_Driver/Src/stm32f0xx_hal_pwr.o
LOAD Drivers/STM32F0xx_HAL_Driver/Src/stm32f0xx_hal_pwr_ex.o
LOAD Drivers/STM32F0xx_HAL_Driver/Src/stm32f0xx_hal_rcc.o
LOAD Drivers/STM32F0xx_HAL_Driver/Src/stm32f0xx_hal_rcc_ex.o
LOAD Drivers/STM32F0xx_HAL_Driver/Src/stm32f0xx_hal_tim.o
LOAD Drivers/STM32F0xx_HAL_Driver/Src/stm32f0xx_hal_tim_ex.o
LOAD Drivers/STM32F0xx_HAL_Driver/Src/stm32f0xx_hal_uart.o
LOAD Drivers/STM32F0xx_HAL_Driver/Src/stm32f0xx_hal_uart_ex.o
LOAD Src/PuttyInterface.o
LOAD Src/gpio.o
LOAD Src/i2c.o
LOAD Src/main.o
LOAD Src/stm32f0xx_hal_msp.o
LOAD Src/stm32f0xx_it.o
LOAD Src/system_stm32f0xx.o
LOAD Src/usart.o
LOAD Src/vl6180x_api.o
LOAD Src/vl6180x_i2c.o
LOAD startup/startup_stm32f091xc.o
LOAD c:/ac6/systemworkbench/plugins/fr.ac6.mcu.externaltools.arm-none.win32_1.13.3.201707031232/tools/compiler/bin/../lib/gcc/arm-none-eabi/5.4.1/../../../../arm-none-eabi/lib/armv6-m\libm.a
START GROUP
LOAD c:/ac6/systemworkbench/plugins/fr.ac6.mcu.externaltools.arm-none.win32_1.13.3.201707031232/tools/compiler/bin/../lib/gcc/arm-none-eabi/5.4.1/armv6-m\libgcc.a
LOAD c:/ac6/systemworkbench/plugins/fr.ac6.mcu.externaltools.arm-none.win32_1.13.3.201707031232/tools/compiler/bin/../lib/gcc/arm-none-eabi/5.4.1/../../../../arm-none-eabi/lib/armv6-m\libc_nano.a
END GROUP
START GROUP
LOAD c:/ac6/systemworkbench/plugins/fr.ac6.mcu.externaltools.arm-none.win32_1.13.3.201707031232/tools/compiler/bin/../lib/gcc/arm-none-eabi/5.4.1/armv6-m\libgcc.a
LOAD c:/ac6/systemworkbench/plugins/fr.ac6.mcu.externaltools.arm-none.win32_1.13.3.201707031232/tools/compiler/bin/../lib/gcc/arm-none-eabi/5.4.1/../../../../arm-none-eabi/lib/armv6-m\libc_nano.a
LOAD c:/ac6/systemworkbench/plugins/fr.ac6.mcu.externaltools.arm-none.win32_1.13.3.201707031232/tools/compiler/bin/../lib/gcc/arm-none-eabi/5.4.1/../../../../arm-none-eabi/lib/armv6-m\libnosys.a
END GROUP
START GROUP
LOAD c:/ac6/systemworkbench/plugins/fr.ac6.mcu.externaltools.arm-none.win32_1.13.3.201707031232/tools/compiler/bin/../lib/gcc/arm-none-eabi/5.4.1/armv6-m\libgcc.a
LOAD c:/ac6/systemworkbench/plugins/fr.ac6.mcu.externaltools.arm-none.win32_1.13.3.201707031232/tools/compiler/bin/../lib/gcc/arm-none-eabi/5.4.1/../../../../arm-none-eabi/lib/armv6-m\libc_nano.a
LOAD c:/ac6/systemworkbench/plugins/fr.ac6.mcu.externaltools.arm-none.win32_1.13.3.201707031232/tools/compiler/bin/../lib/gcc/arm-none-eabi/5.4.1/../../../../arm-none-eabi/lib/armv6-m\libnosys.a
END GROUP
LOAD c:/ac6/systemworkbench/plugins/fr.ac6.mcu.externaltools.arm-none.win32_1.13.3.201707031232/tools/compiler/bin/../lib/gcc/arm-none-eabi/5.4.1/armv6-m/crtend.o
LOAD c:/ac6/systemworkbench/plugins/fr.ac6.mcu.externaltools.arm-none.win32_1.13.3.201707031232/tools/compiler/bin/../lib/gcc/arm-none-eabi/5.4.1/armv6-m/crtn.o
                0x20008000                _estack = 0x20008000
                0x00000200                _Min_Heap_Size = 0x200
                0x00000400                _Min_Stack_Size = 0x400

.isr_vector     0x08000000       0xbc
                0x08000000                . = ALIGN (0x4)
 *(.isr_vector)
 .isr_vector    0x08000000       0xbc startup/startup_stm32f091xc.o
                0x08000000                g_pfnVectors
                0x080000bc                . = ALIGN (0x4)

.text           0x080000bc     0x4768
                0x080000bc                . = ALIGN (0x4)
 *(.text)
 .text          0x080000bc       0x60 c:/ac6/systemworkbench/plugins/fr.ac6.mcu.externaltools.arm-none.win32_1.13.3.201707031232/tools/compiler/bin/../lib/gcc/arm-none-eabi/5.4.1/armv6-m/crtbegin.o
 .text          0x0800011c      0x114 c:/ac6/systemworkbench/plugins/fr.ac6.mcu.externaltools.arm-none.win32_1.13.3.201707031232/tools/compiler/bin/../lib/gcc/arm-none-eabi/5.4.1/armv6-m\libgcc.a(_udivsi3.o)
                0x0800011c                __aeabi_uidiv
                0x0800011c                __udivsi3
                0x08000228                __aeabi_uidivmod
 .text          0x08000230      0x1d4 c:/ac6/systemworkbench/plugins/fr.ac6.mcu.externaltools.arm-none.win32_1.13.3.201707031232/tools/compiler/bin/../lib/gcc/arm-none-eabi/5.4.1/armv6-m\libgcc.a(_divsi3.o)
                0x08000230                __divsi3
                0x08000230                __aeabi_idiv
                0x080003fc                __aeabi_idivmod
 .text          0x08000404        0x4 c:/ac6/systemworkbench/plugins/fr.ac6.mcu.externaltools.arm-none.win32_1.13.3.201707031232/tools/compiler/bin/../lib/gcc/arm-none-eabi/5.4.1/armv6-m\libgcc.a(_dvmd_tls.o)
                0x08000404                __aeabi_idiv0
                0x08000404                __aeabi_ldiv0
 .text          0x08000408       0x14 c:/ac6/systemworkbench/plugins/fr.ac6.mcu.externaltools.arm-none.win32_1.13.3.201707031232/tools/compiler/bin/../lib/gcc/arm-none-eabi/5.4.1/../../../../arm-none-eabi/lib/armv6-m\libc_nano.a(lib_a-strcmp.o)
                0x08000408                strcmp
 .text          0x0800041c        0xe c:/ac6/systemworkbench/plugins/fr.ac6.mcu.externaltools.arm-none.win32_1.13.3.201707031232/tools/compiler/bin/../lib/gcc/arm-none-eabi/5.4.1/../../../../arm-none-eabi/lib/armv6-m\libc_nano.a(lib_a-strlen.o)
                0x0800041c                strlen
 *(.text*)
 *fill*         0x0800042a        0x2 
 .text.HAL_InitTick
                0x0800042c       0x24 Drivers/STM32F0xx_HAL_Driver/Src/stm32f0xx_hal.o
                0x0800042c                HAL_InitTick
 .text.HAL_Init
                0x08000450       0x20 Drivers/STM32F0xx_HAL_Driver/Src/stm32f0xx_hal.o
                0x08000450                HAL_Init
 .text.HAL_IncTick
                0x08000470       0x10 Drivers/STM32F0xx_HAL_Driver/Src/stm32f0xx_hal.o
                0x08000470                HAL_IncTick
 .text.HAL_GetTick
                0x08000480        0xc Drivers/STM32F0xx_HAL_Driver/Src/stm32f0xx_hal.o
                0x08000480                HAL_GetTick
 .text.HAL_Delay
                0x0800048c       0x24 Drivers/STM32F0xx_HAL_Driver/Src/stm32f0xx_hal.o
                0x0800048c                HAL_Delay
 .text.HAL_NVIC_SetPriority
                0x080004b0       0x64 Drivers/STM32F0xx_HAL_Driver/Src/stm32f0xx_hal_cortex.o
                0x080004b0                HAL_NVIC_SetPriority
 .text.HAL_NVIC_EnableIRQ
                0x08000514       0x14 Drivers/STM32F0xx_HAL_Driver/Src/stm32f0xx_hal_cortex.o
                0x08000514                HAL_NVIC_EnableIRQ
 .text.HAL_SYSTICK_Config
                0x08000528       0x38 Drivers/STM32F0xx_HAL_Driver/Src/stm32f0xx_hal_cortex.o
                0x08000528                HAL_SYSTICK_Config
 .text.HAL_SYSTICK_CLKSourceConfig
                0x08000560       0x20 Drivers/STM32F0xx_HAL_Driver/Src/stm32f0xx_hal_cortex.o
                0x08000560                HAL_SYSTICK_CLKSourceConfig
 .text.HAL_SYSTICK_Callback
                0x08000580        0x4 Drivers/STM32F0xx_HAL_Driver/Src/stm32f0xx_hal_cortex.o
                0x08000580                HAL_SYSTICK_Callback
 .text.HAL_SYSTICK_IRQHandler
                0x08000584        0x8 Drivers/STM32F0xx_HAL_Driver/Src/stm32f0xx_hal_cortex.o
                0x08000584                HAL_SYSTICK_IRQHandler
 .text.HAL_DMA_Abort_IT
                0x0800058c       0x4c Drivers/STM32F0xx_HAL_Driver/Src/stm32f0xx_hal_dma.o
                0x0800058c                HAL_DMA_Abort_IT
 .text.HAL_GPIO_Init
                0x080005d8      0x198 Drivers/STM32F0xx_HAL_Driver/Src/stm32f0xx_hal_gpio.o
                0x080005d8                HAL_GPIO_Init
 .text.HAL_GPIO_WritePin
                0x08000770        0xc Drivers/STM32F0xx_HAL_Driver/Src/stm32f0xx_hal_gpio.o
                0x08000770                HAL_GPIO_WritePin
 .text.HAL_GPIO_EXTI_IRQHandler
                0x0800077c       0x18 Drivers/STM32F0xx_HAL_Driver/Src/stm32f0xx_hal_gpio.o
                0x0800077c                HAL_GPIO_EXTI_IRQHandler
 .text.I2C_Flush_TXDR
                0x08000794       0x20 Drivers/STM32F0xx_HAL_Driver/Src/stm32f0xx_hal_i2c.o
 .text.I2C_TransferConfig
                0x080007b4       0x24 Drivers/STM32F0xx_HAL_Driver/Src/stm32f0xx_hal_i2c.o
 .text.I2C_IsAcknowledgeFailed
                0x080007d8       0x78 Drivers/STM32F0xx_HAL_Driver/Src/stm32f0xx_hal_i2c.o
 .text.I2C_WaitOnTXISFlagUntilTimeout
                0x08000850       0x54 Drivers/STM32F0xx_HAL_Driver/Src/stm32f0xx_hal_i2c.o
 .text.I2C_WaitOnFlagUntilTimeout
                0x080008a4       0x4c Drivers/STM32F0xx_HAL_Driver/Src/stm32f0xx_hal_i2c.o
 .text.I2C_WaitOnSTOPFlagUntilTimeout
                0x080008f0       0x50 Drivers/STM32F0xx_HAL_Driver/Src/stm32f0xx_hal_i2c.o
 .text.I2C_WaitOnRXNEFlagUntilTimeout
                0x08000940       0x7c Drivers/STM32F0xx_HAL_Driver/Src/stm32f0xx_hal_i2c.o
 .text.HAL_I2C_Init
                0x080009bc       0xc8 Drivers/STM32F0xx_HAL_Driver/Src/stm32f0xx_hal_i2c.o
                0x080009bc                HAL_I2C_Init
 .text.HAL_I2C_Master_Transmit
                0x08000a84      0x180 Drivers/STM32F0xx_HAL_Driver/Src/stm32f0xx_hal_i2c.o
                0x08000a84                HAL_I2C_Master_Transmit
 .text.HAL_I2C_Master_Receive
                0x08000c04      0x180 Drivers/STM32F0xx_HAL_Driver/Src/stm32f0xx_hal_i2c.o
                0x08000c04                HAL_I2C_Master_Receive
 .text.HAL_I2CEx_ConfigAnalogFilter
                0x08000d84       0x58 Drivers/STM32F0xx_HAL_Driver/Src/stm32f0xx_hal_i2c_ex.o
                0x08000d84                HAL_I2CEx_ConfigAnalogFilter
 .text.HAL_I2CEx_ConfigDigitalFilter
                0x08000ddc       0x54 Drivers/STM32F0xx_HAL_Driver/Src/stm32f0xx_hal_i2c_ex.o
                0x08000ddc                HAL_I2CEx_ConfigDigitalFilter
 .text.HAL_RCC_OscConfig
                0x08000e30      0x538 Drivers/STM32F0xx_HAL_Driver/Src/stm32f0xx_hal_rcc.o
                0x08000e30                HAL_RCC_OscConfig
 .text.HAL_RCC_GetSysClockFreq
                0x08001368       0x90 Drivers/STM32F0xx_HAL_Driver/Src/stm32f0xx_hal_rcc.o
                0x08001368                HAL_RCC_GetSysClockFreq
 .text.HAL_RCC_ClockConfig
                0x080013f8      0x198 Drivers/STM32F0xx_HAL_Driver/Src/stm32f0xx_hal_rcc.o
                0x080013f8                HAL_RCC_ClockConfig
 .text.HAL_RCC_GetHCLKFreq
                0x08001590        0xc Drivers/STM32F0xx_HAL_Driver/Src/stm32f0xx_hal_rcc.o
                0x08001590                HAL_RCC_GetHCLKFreq
 .text.HAL_RCC_GetPCLK1Freq
                0x0800159c       0x20 Drivers/STM32F0xx_HAL_Driver/Src/stm32f0xx_hal_rcc.o
                0x0800159c                HAL_RCC_GetPCLK1Freq
 .text.HAL_RCCEx_PeriphCLKConfig
                0x080015bc      0x160 Drivers/STM32F0xx_HAL_Driver/Src/stm32f0xx_hal_rcc_ex.o
                0x080015bc                HAL_RCCEx_PeriphCLKConfig
 .text.UART_EndRxTransfer
                0x0800171c       0x20 Drivers/STM32F0xx_HAL_Driver/Src/stm32f0xx_hal_uart.o
 .text.HAL_UART_Receive_IT
                0x0800173c       0xd4 Drivers/STM32F0xx_HAL_Driver/Src/stm32f0xx_hal_uart.o
                0x0800173c                HAL_UART_Receive_IT
 .text.HAL_UART_TxCpltCallback
                0x08001810        0x4 Drivers/STM32F0xx_HAL_Driver/Src/stm32f0xx_hal_uart.o
                0x08001810                HAL_UART_TxCpltCallback
 .text.HAL_UART_ErrorCallback
                0x08001814        0x4 Drivers/STM32F0xx_HAL_Driver/Src/stm32f0xx_hal_uart.o
                0x08001814                HAL_UART_ErrorCallback
 .text.UART_DMAAbortOnError
                0x08001818       0x14 Drivers/STM32F0xx_HAL_Driver/Src/stm32f0xx_hal_uart.o
 .text.UART_SetConfig
                0x0800182c      0x280 Drivers/STM32F0xx_HAL_Driver/Src/stm32f0xx_hal_uart.o
                0x0800182c                UART_SetConfig
 .text.UART_AdvFeatureConfig
                0x08001aac       0xe0 Drivers/STM32F0xx_HAL_Driver/Src/stm32f0xx_hal_uart.o
                0x08001aac                UART_AdvFeatureConfig
 .text.UART_WaitOnFlagUntilTimeout
                0x08001b8c       0x6c Drivers/STM32F0xx_HAL_Driver/Src/stm32f0xx_hal_uart.o
                0x08001b8c                UART_WaitOnFlagUntilTimeout
 .text.HAL_UART_Transmit
                0x08001bf8       0xe4 Drivers/STM32F0xx_HAL_Driver/Src/stm32f0xx_hal_uart.o
                0x08001bf8                HAL_UART_Transmit
 .text.UART_CheckIdleState
                0x08001cdc       0x8c Drivers/STM32F0xx_HAL_Driver/Src/stm32f0xx_hal_uart.o
                0x08001cdc                UART_CheckIdleState
 .text.HAL_UART_Init
                0x08001d68       0x6c Drivers/STM32F0xx_HAL_Driver/Src/stm32f0xx_hal_uart.o
                0x08001d68                HAL_UART_Init
 .text.UART_Transmit_IT
                0x08001dd4       0x6c Drivers/STM32F0xx_HAL_Driver/Src/stm32f0xx_hal_uart.o
                0x08001dd4                UART_Transmit_IT
 .text.UART_EndTransmit_IT
                0x08001e40       0x1c Drivers/STM32F0xx_HAL_Driver/Src/stm32f0xx_hal_uart.o
                0x08001e40                UART_EndTransmit_IT
 .text.UART_Receive_IT
                0x08001e5c       0x88 Drivers/STM32F0xx_HAL_Driver/Src/stm32f0xx_hal_uart.o
                0x08001e5c                UART_Receive_IT
 .text.HAL_UART_IRQHandler
                0x08001ee4      0x140 Drivers/STM32F0xx_HAL_Driver/Src/stm32f0xx_hal_uart.o
                0x08001ee4                HAL_UART_IRQHandler
 .text.HAL_UARTEx_WakeupCallback
                0x08002024        0x4 Drivers/STM32F0xx_HAL_Driver/Src/stm32f0xx_hal_uart_ex.o
                0x08002024                HAL_UARTEx_WakeupCallback
 .text.wrap     0x08002028       0x2c Src/PuttyInterface.o
 .text.TextOut  0x08002054       0x20 Src/PuttyInterface.o
                0x08002054                TextOut
 .text.ClearLine
                0x08002074       0x10 Src/PuttyInterface.o
 .text.HandlePcInput
                0x08002084      0x170 Src/PuttyInterface.o
                0x08002084                HandlePcInput
 .text.PuttyInterface_Init
                0x080021f4       0x34 Src/PuttyInterface.o
                0x080021f4                PuttyInterface_Init
 .text.PuttyInterface_Update
                0x08002228       0x28 Src/PuttyInterface.o
                0x08002228                PuttyInterface_Update
 .text.MX_GPIO_Init
                0x08002250       0xc0 Src/gpio.o
                0x08002250                MX_GPIO_Init
 .text.MX_I2C1_Init
                0x08002310       0x68 Src/i2c.o
                0x08002310                MX_I2C1_Init
 .text.HAL_I2C_MspInit
                0x08002378       0x4c Src/i2c.o
                0x08002378                HAL_I2C_MspInit
 .text.SimpleRange
                0x080023c4      0x114 Src/main.o
                0x080023c4                SimpleRange
 .text.HandleCommand
                0x080024d8       0x88 Src/main.o
                0x080024d8                HandleCommand
 .text.HAL_GPIO_EXTI_Callback
                0x08002560       0x28 Src/main.o
                0x08002560                HAL_GPIO_EXTI_Callback
 .text.HAL_UART_RxCpltCallback
                0x08002588       0x14 Src/main.o
                0x08002588                HAL_UART_RxCpltCallback
 .text._Error_Handler
                0x0800259c        0x4 Src/main.o
                0x0800259c                _Error_Handler
 .text.SystemClock_Config
                0x080025a0       0x90 Src/main.o
                0x080025a0                SystemClock_Config
 .text.main     0x08002630       0x38 Src/main.o
                0x08002630                main
 .text.HAL_MspInit
                0x08002668       0x40 Src/stm32f0xx_hal_msp.o
                0x08002668                HAL_MspInit
 .text.SysTick_Handler
                0x080026a8        0xc Src/stm32f0xx_it.o
                0x080026a8                SysTick_Handler
 .text.EXTI4_15_IRQHandler
                0x080026b4       0x14 Src/stm32f0xx_it.o
                0x080026b4                EXTI4_15_IRQHandler
 .text.USART2_IRQHandler
                0x080026c8       0x10 Src/stm32f0xx_it.o
                0x080026c8                USART2_IRQHandler
 .text.SystemInit
                0x080026d8       0x60 Src/system_stm32f0xx.o
                0x080026d8                SystemInit
 .text.MX_USART2_UART_Init
                0x08002738       0x40 Src/usart.o
                0x08002738                MX_USART2_UART_Init
 .text.HAL_UART_MspInit
                0x08002778       0x58 Src/usart.o
                0x08002778                HAL_UART_MspInit
 .text._filter_Init
                0x080027d0       0x4c Src/vl6180x_api.o
 .text._filter_StdDevDamper
                0x0800281c       0x4c Src/vl6180x_api.o
 .text._GetAveTotalTime
                0x08002868       0x88 Src/vl6180x_api.o
 .text._GetRateResult
                0x080028f0      0x104 Src/vl6180x_api.o
 .text.VL6180x_RangeSetEarlyConvergenceEestimateThreshold
                0x080029f4       0xa4 Src/vl6180x_api.o
 .text._filter_Start
                0x08002a98      0x610 Src/vl6180x_api.o
 .text._filter_GetResult
                0x080030a8       0x6c Src/vl6180x_api.o
 .text._UpscaleInitPatch0
                0x08003114       0x14 Src/vl6180x_api.o
 .text.VL6180x_SetGroupParamHold
                0x08003128       0x14 Src/vl6180x_api.o
                0x08003128                VL6180x_SetGroupParamHold
 .text.VL6180x_AlsConfigInterrupt
                0x0800313c       0x34 Src/vl6180x_api.o
                0x0800313c                VL6180x_AlsConfigInterrupt
 .text.VL6180x_AlsSetThresholds
                0x08003170       0x20 Src/vl6180x_api.o
                0x08003170                VL6180x_AlsSetThresholds
 .text.VL6180x_AlsSetAnalogueGain
                0x08003190       0x28 Src/vl6180x_api.o
                0x08003190                VL6180x_AlsSetAnalogueGain
 .text.VL6180x_AlsSetInterMeasurementPeriod
                0x080031b8       0x28 Src/vl6180x_api.o
                0x080031b8                VL6180x_AlsSetInterMeasurementPeriod
 .text.VL6180x_AlsSetIntegrationPeriod
                0x080031e0       0x38 Src/vl6180x_api.o
                0x080031e0                VL6180x_AlsSetIntegrationPeriod
 .text.VL6180x_FilterSetState
                0x08003218        0xc Src/vl6180x_api.o
                0x08003218                VL6180x_FilterSetState
 .text.VL6180x_RangeGetResult
                0x08003224       0x2c Src/vl6180x_api.o
                0x08003224                VL6180x_RangeGetResult
 .text.VL6180x_RangeSetRawThresholds
                0x08003250       0x1c Src/vl6180x_api.o
                0x08003250                VL6180x_RangeSetRawThresholds
 .text.VL6180x_RangeSetThresholds
                0x0800326c       0x90 Src/vl6180x_api.o
                0x0800326c                VL6180x_RangeSetThresholds
 .text.VL6180x_ClearInterrupt
                0x080032fc       0x18 Src/vl6180x_api.o
                0x080032fc                VL6180x_ClearInterrupt
 .text.VL6180x_SetupGPIOx
                0x08003314       0x74 Src/vl6180x_api.o
                0x08003314                VL6180x_SetupGPIOx
 .text.VL6180x_SetupGPIO1
                0x08003388       0x10 Src/vl6180x_api.o
                0x08003388                VL6180x_SetupGPIO1
 .text.VL6180x_RangeConfigInterrupt
                0x08003398       0x34 Src/vl6180x_api.o
                0x08003398                VL6180x_RangeConfigInterrupt
 .text.VL6180x_RangeSetEceState
                0x080033cc       0x18 Src/vl6180x_api.o
                0x080033cc                VL6180x_RangeSetEceState
 .text.VL6180x_UpscaleSetScaling
                0x080033e4       0x64 Src/vl6180x_api.o
                0x080033e4                VL6180x_UpscaleSetScaling
 .text.VL6180x_RangeSetInterMeasPeriod
                0x08003448       0x60 Src/vl6180x_api.o
                0x08003448                VL6180x_RangeSetInterMeasPeriod
 .text.VL6180x_RangeSetSystemMode
                0x080034a8       0x38 Src/vl6180x_api.o
                0x080034a8                VL6180x_RangeSetSystemMode
 .text.VL6180x_RangeStartContinuousMode
                0x080034e0       0x28 Src/vl6180x_api.o
                0x080034e0                VL6180x_RangeStartContinuousMode
 .text.VL6180x_SqrtUint32
                0x08003508       0x2c Src/vl6180x_api.o
                0x08003508                VL6180x_SqrtUint32
 .text._DMax_RawValueAtRateKCps
                0x08003534       0x54 Src/vl6180x_api.o
 .text._DMax_InitData
                0x08003588      0x1a4 Src/vl6180x_api.o
 .text.VL6180x_RangeSetMaxConvergenceTime
                0x0800372c       0x24 Src/vl6180x_api.o
                0x0800372c                VL6180x_RangeSetMaxConvergenceTime
 .text.VL6180x_UpscaleRegInit
                0x08003750      0x1a0 Src/vl6180x_api.o
                0x08003750                VL6180x_UpscaleRegInit
 .text.VL6180x_UpscaleStaticInit
                0x080038f0       0x48 Src/vl6180x_api.o
 .text.VL6180x_StaticInit
                0x08003938       0xa4 Src/vl6180x_api.o
                0x08003938                VL6180x_StaticInit
 .text.VL6180x_Prepare
                0x080039dc       0xac Src/vl6180x_api.o
                0x080039dc                VL6180x_Prepare
 .text._DMax_Compute
                0x08003a88       0x48 Src/vl6180x_api.o
 .text.VL6180x_RangeGetMeasurement
                0x08003ad0       0xd8 Src/vl6180x_api.o
                0x08003ad0                VL6180x_RangeGetMeasurement
 .text._DMax_OneTimeInit
                0x08003ba8        0xc Src/vl6180x_api.o
                0x08003ba8                _DMax_OneTimeInit
 .text.VL6180x_InitData
                0x08003bb4      0x180 Src/vl6180x_api.o
                0x08003bb4                VL6180x_InitData
 .text.VL6180x_I2CWrite
                0x08003d34       0x24 Src/vl6180x_i2c.o
                0x08003d34                VL6180x_I2CWrite
 .text.VL6180x_I2CRead
                0x08003d58       0x24 Src/vl6180x_i2c.o
                0x08003d58                VL6180x_I2CRead
 .text.VL6180x_WrByte
                0x08003d7c       0x1c Src/vl6180x_i2c.o
                0x08003d7c                VL6180x_WrByte
 .text.VL6180x_WrWord
                0x08003d98       0x20 Src/vl6180x_i2c.o
                0x08003d98                VL6180x_WrWord
 .text.VL6180x_WrDWord
                0x08003db8       0x28 Src/vl6180x_i2c.o
                0x08003db8                VL6180x_WrDWord
 .text.VL6180x_UpdateByte
                0x08003de0       0x48 Src/vl6180x_i2c.o
                0x08003de0                VL6180x_UpdateByte
 .text.VL6180x_RdByte
                0x08003e28       0x34 Src/vl6180x_i2c.o
                0x08003e28                VL6180x_RdByte
 .text.VL6180x_RdWord
                0x08003e5c       0x3c Src/vl6180x_i2c.o
                0x08003e5c                VL6180x_RdWord
 .text.VL6180x_RdDWord
                0x08003e98       0x4c Src/vl6180x_i2c.o
                0x08003e98                VL6180x_RdDWord
 .text.Reset_Handler
                0x08003ee4       0x50 startup/startup_stm32f091xc.o
                0x08003ee4                Reset_Handler
 .text.Default_Handler
                0x08003f34        0x2 startup/startup_stm32f091xc.o
                0x08003f34                TIM1_CC_IRQHandler
                0x08003f34                TSC_IRQHandler
                0x08003f34                HardFault_Handler
                0x08003f34                ADC1_COMP_IRQHandler
                0x08003f34                PendSV_Handler
                0x08003f34                NMI_Handler
                0x08003f34                I2C1_IRQHandler
                0x08003f34                RCC_CRS_IRQHandler
                0x08003f34                SPI1_IRQHandler
                0x08003f34                TIM6_DAC_IRQHandler
                0x08003f34                DMA1_Ch1_IRQHandler
                0x08003f34                EXTI2_3_IRQHandler
                0x08003f34                I2C2_IRQHandler
                0x08003f34                TIM17_IRQHandler
                0x08003f34                CEC_CAN_IRQHandler
                0x08003f34                RTC_IRQHandler
                0x08003f34                PVD_VDDIO2_IRQHandler
                0x08003f34                TIM16_IRQHandler
                0x08003f34                TIM3_IRQHandler
                0x08003f34                USART3_8_IRQHandler
                0x08003f34                Default_Handler
                0x08003f34                TIM14_IRQHandler
                0x08003f34                TIM7_IRQHandler
                0x08003f34                TIM15_IRQHandler
                0x08003f34                EXTI0_1_IRQHandler
                0x08003f34                SPI2_IRQHandler
                0x08003f34                DMA1_Ch2_3_DMA2_Ch1_2_IRQHandler
                0x08003f34                SVC_Handler
                0x08003f34                DMA1_Ch4_7_DMA2_Ch3_5_IRQHandler
                0x08003f34                WWDG_IRQHandler
                0x08003f34                TIM2_IRQHandler
                0x08003f34                FLASH_IRQHandler
                0x08003f34                USART1_IRQHandler
                0x08003f34                TIM1_BRK_UP_TRG_COM_IRQHandler
 *fill*         0x08003f36        0x2 
 .text.__libc_init_array
                0x08003f38       0x4c c:/ac6/systemworkbench/plugins/fr.ac6.mcu.externaltools.arm-none.win32_1.13.3.201707031232/tools/compiler/bin/../lib/gcc/arm-none-eabi/5.4.1/../../../../arm-none-eabi/lib/armv6-m\libc_nano.a(lib_a-init.o)
                0x08003f38                __libc_init_array
 .text.memcpy   0x08003f84       0x12 c:/ac6/systemworkbench/plugins/fr.ac6.mcu.externaltools.arm-none.win32_1.13.3.201707031232/tools/compiler/bin/../lib/gcc/arm-none-eabi/5.4.1/../../../../arm-none-eabi/lib/armv6-m\libc_nano.a(lib_a-memcpy-stub.o)
                0x08003f84                memcpy
 *fill*         0x08003f96        0x2 
 .text.sprintf  0x08003f98       0x44 c:/ac6/systemworkbench/plugins/fr.ac6.mcu.externaltools.arm-none.win32_1.13.3.201707031232/tools/compiler/bin/../lib/gcc/arm-none-eabi/5.4.1/../../../../arm-none-eabi/lib/armv6-m\libc_nano.a(lib_a-sprintf.o)
                0x08003f98                siprintf
                0x08003f98                sprintf
 .text.strcpy   0x08003fdc       0x10 c:/ac6/systemworkbench/plugins/fr.ac6.mcu.externaltools.arm-none.win32_1.13.3.201707031232/tools/compiler/bin/../lib/gcc/arm-none-eabi/5.4.1/../../../../arm-none-eabi/lib/armv6-m\libc_nano.a(lib_a-strcpy.o)
                0x08003fdc                strcpy
 .text.__ssputs_r
                0x08003fec       0xc4 c:/ac6/systemworkbench/plugins/fr.ac6.mcu.externaltools.arm-none.win32_1.13.3.201707031232/tools/compiler/bin/../lib/gcc/arm-none-eabi/5.4.1/../../../../arm-none-eabi/lib/armv6-m\libc_nano.a(lib_a-nano-svfprintf.o)
                0x08003fec                __ssputs_r
 .text._svfprintf_r
                0x080040b0      0x1fc c:/ac6/systemworkbench/plugins/fr.ac6.mcu.externaltools.arm-none.win32_1.13.3.201707031232/tools/compiler/bin/../lib/gcc/arm-none-eabi/5.4.1/../../../../arm-none-eabi/lib/armv6-m\libc_nano.a(lib_a-nano-svfprintf.o)
                0x080040b0                _svfiprintf_r
                0x080040b0                _svfprintf_r
 .text._printf_common
                0x080042ac       0xdc c:/ac6/systemworkbench/plugins/fr.ac6.mcu.externaltools.arm-none.win32_1.13.3.201707031232/tools/compiler/bin/../lib/gcc/arm-none-eabi/5.4.1/../../../../arm-none-eabi/lib/armv6-m\libc_nano.a(lib_a-nano-vfprintf_i.o)
                0x080042ac                _printf_common
 .text._printf_i
                0x08004388      0x244 c:/ac6/systemworkbench/plugins/fr.ac6.mcu.externaltools.arm-none.win32_1.13.3.201707031232/tools/compiler/bin/../lib/gcc/arm-none-eabi/5.4.1/../../../../arm-none-eabi/lib/armv6-m\libc_nano.a(lib_a-nano-vfprintf_i.o)
                0x08004388                _printf_i
 .text.memchr   0x080045cc       0x16 c:/ac6/systemworkbench/plugins/fr.ac6.mcu.externaltools.arm-none.win32_1.13.3.201707031232/tools/compiler/bin/../lib/gcc/arm-none-eabi/5.4.1/../../../../arm-none-eabi/lib/armv6-m\libc_nano.a(lib_a-memchr-stub.o)
                0x080045cc                memchr
 .text.memmove  0x080045e2       0x2a c:/ac6/systemworkbench/plugins/fr.ac6.mcu.externaltools.arm-none.win32_1.13.3.201707031232/tools/compiler/bin/../lib/gcc/arm-none-eabi/5.4.1/../../../../arm-none-eabi/lib/armv6-m\libc_nano.a(lib_a-memmove.o)
                0x080045e2                memmove
 .text._free_r  0x0800460c       0x98 c:/ac6/systemworkbench/plugins/fr.ac6.mcu.externaltools.arm-none.win32_1.13.3.201707031232/tools/compiler/bin/../lib/gcc/arm-none-eabi/5.4.1/../../../../arm-none-eabi/lib/armv6-m\libc_nano.a(lib_a-nano-freer.o)
                0x0800460c                _free_r
 .text._malloc_r
                0x080046a4       0xc0 c:/ac6/systemworkbench/plugins/fr.ac6.mcu.externaltools.arm-none.win32_1.13.3.201707031232/tools/compiler/bin/../lib/gcc/arm-none-eabi/5.4.1/../../../../arm-none-eabi/lib/armv6-m\libc_nano.a(lib_a-nano-mallocr.o)
                0x080046a4                _malloc_r
 .text._realloc_r
                0x08004764       0x4c c:/ac6/systemworkbench/plugins/fr.ac6.mcu.externaltools.arm-none.win32_1.13.3.201707031232/tools/compiler/bin/../lib/gcc/arm-none-eabi/5.4.1/../../../../arm-none-eabi/lib/armv6-m\libc_nano.a(lib_a-nano-reallocr.o)
                0x08004764                _realloc_r
 .text._sbrk_r  0x080047b0       0x24 c:/ac6/systemworkbench/plugins/fr.ac6.mcu.externaltools.arm-none.win32_1.13.3.201707031232/tools/compiler/bin/../lib/gcc/arm-none-eabi/5.4.1/../../../../arm-none-eabi/lib/armv6-m\libc_nano.a(lib_a-sbrkr.o)
                0x080047b0                _sbrk_r
 .text.__malloc_lock
                0x080047d4        0x2 c:/ac6/systemworkbench/plugins/fr.ac6.mcu.externaltools.arm-none.win32_1.13.3.201707031232/tools/compiler/bin/../lib/gcc/arm-none-eabi/5.4.1/../../../../arm-none-eabi/lib/armv6-m\libc_nano.a(lib_a-mlock.o)
                0x080047d4                __malloc_lock
 .text.__malloc_unlock
                0x080047d6        0x2 c:/ac6/systemworkbench/plugins/fr.ac6.mcu.externaltools.arm-none.win32_1.13.3.201707031232/tools/compiler/bin/../lib/gcc/arm-none-eabi/5.4.1/../../../../arm-none-eabi/lib/armv6-m\libc_nano.a(lib_a-mlock.o)
                0x080047d6                __malloc_unlock
 .text._malloc_usable_size_r
                0x080047d8       0x16 c:/ac6/systemworkbench/plugins/fr.ac6.mcu.externaltools.arm-none.win32_1.13.3.201707031232/tools/compiler/bin/../lib/gcc/arm-none-eabi/5.4.1/../../../../arm-none-eabi/lib/armv6-m\libc_nano.a(lib_a-nano-msizer.o)
                0x080047d8                _malloc_usable_size_r
 *fill*         0x080047ee        0x2 
 .text._sbrk    0x080047f0       0x1c c:/ac6/systemworkbench/plugins/fr.ac6.mcu.externaltools.arm-none.win32_1.13.3.201707031232/tools/compiler/bin/../lib/gcc/arm-none-eabi/5.4.1/../../../../arm-none-eabi/lib/armv6-m\libnosys.a(sbrk.o)
                0x080047f0                _sbrk
 *(.glue_7)
 .glue_7        0x0800480c        0x0 linker stubs
 *(.glue_7t)
 .glue_7t       0x0800480c        0x0 linker stubs
 *(.eh_frame)
 .eh_frame      0x0800480c        0x0 c:/ac6/systemworkbench/plugins/fr.ac6.mcu.externaltools.arm-none.win32_1.13.3.201707031232/tools/compiler/bin/../lib/gcc/arm-none-eabi/5.4.1/armv6-m/crtbegin.o
 *(.init)
 .init          0x0800480c        0x4 c:/ac6/systemworkbench/plugins/fr.ac6.mcu.externaltools.arm-none.win32_1.13.3.201707031232/tools/compiler/bin/../lib/gcc/arm-none-eabi/5.4.1/armv6-m/crti.o
                0x0800480c                _init
 .init          0x08004810        0x8 c:/ac6/systemworkbench/plugins/fr.ac6.mcu.externaltools.arm-none.win32_1.13.3.201707031232/tools/compiler/bin/../lib/gcc/arm-none-eabi/5.4.1/armv6-m/crtn.o
 *(.fini)
 .fini          0x08004818        0x4 c:/ac6/systemworkbench/plugins/fr.ac6.mcu.externaltools.arm-none.win32_1.13.3.201707031232/tools/compiler/bin/../lib/gcc/arm-none-eabi/5.4.1/armv6-m/crti.o
                0x08004818                _fini
 .fini          0x0800481c        0x8 c:/ac6/systemworkbench/plugins/fr.ac6.mcu.externaltools.arm-none.win32_1.13.3.201707031232/tools/compiler/bin/../lib/gcc/arm-none-eabi/5.4.1/armv6-m/crtn.o
                0x08004824                . = ALIGN (0x4)
                0x08004824                _etext = .

.vfp11_veneer   0x08004824        0x0
 .vfp11_veneer  0x08004824        0x0 linker stubs

.v4_bx          0x08004824        0x0
 .v4_bx         0x08004824        0x0 linker stubs

.iplt           0x08004824        0x0
 .iplt          0x08004824        0x0 c:/ac6/systemworkbench/plugins/fr.ac6.mcu.externaltools.arm-none.win32_1.13.3.201707031232/tools/compiler/bin/../lib/gcc/arm-none-eabi/5.4.1/armv6-m/crtbegin.o

.rodata         0x08004824      0x960
                0x08004824                . = ALIGN (0x4)
 *(.rodata)
 .rodata        0x08004824       0x20 Drivers/STM32F0xx_HAL_Driver/Src/stm32f0xx_hal_rcc.o
 .rodata        0x08004844       0x18 Src/system_stm32f0xx.o
                0x08004844                AHBPrescTable
                0x08004854                APBPrescTable
 .rodata        0x0800485c       0x1e Src/vl6180x_api.o
 *(.rodata*)
 *fill*         0x0800487a        0x2 
 .rodata.str1.4
                0x0800487c       0x8b Src/PuttyInterface.o
                                 0x93 (size before relaxing)
 *fill*         0x08004907        0x1 
 .rodata.str1.4
                0x08004908        0xd Src/i2c.o
 *fill*         0x08004915        0x3 
 .rodata.str1.4
                0x08004918       0x7a Src/main.o
 *fill*         0x08004992        0x2 
 .rodata.str1.4
                0x08004994        0xf Src/usart.o
 *fill*         0x080049a3        0x1 
 .rodata.str1.4
                0x080049a4      0x7ac Src/vl6180x_api.o
                                0x7dc (size before relaxing)
 .rodata.str1.1
                0x08005150       0x11 c:/ac6/systemworkbench/plugins/fr.ac6.mcu.externaltools.arm-none.win32_1.13.3.201707031232/tools/compiler/bin/../lib/gcc/arm-none-eabi/5.4.1/../../../../arm-none-eabi/lib/armv6-m\libc_nano.a(lib_a-nano-svfprintf.o)
 .rodata.str1.1
                0x08005161       0x22 c:/ac6/systemworkbench/plugins/fr.ac6.mcu.externaltools.arm-none.win32_1.13.3.201707031232/tools/compiler/bin/../lib/gcc/arm-none-eabi/5.4.1/../../../../arm-none-eabi/lib/armv6-m\libc_nano.a(lib_a-nano-vfprintf_i.o)
                0x08005184                . = ALIGN (0x4)
 *fill*         0x08005183        0x1 

.rel.dyn        0x08005184        0x0
 .rel.iplt      0x08005184        0x0 c:/ac6/systemworkbench/plugins/fr.ac6.mcu.externaltools.arm-none.win32_1.13.3.201707031232/tools/compiler/bin/../lib/gcc/arm-none-eabi/5.4.1/armv6-m/crtbegin.o

.ARM.extab
 *(.ARM.extab* .gnu.linkonce.armextab.*)

.ARM            0x08005184        0x0
                0x08005184                __exidx_start = .
 *(.ARM.exidx*)
                0x08005184                __exidx_end = .

.preinit_array  0x08005184        0x0
                0x08005184                PROVIDE (__preinit_array_start, .)
 *(.preinit_array*)
                0x08005184                PROVIDE (__preinit_array_end, .)

.init_array     0x08005184        0x4
                0x08005184                PROVIDE (__init_array_start, .)
 *(SORT(.init_array.*))
 *(.init_array*)
 .init_array    0x08005184        0x4 c:/ac6/systemworkbench/plugins/fr.ac6.mcu.externaltools.arm-none.win32_1.13.3.201707031232/tools/compiler/bin/../lib/gcc/arm-none-eabi/5.4.1/armv6-m/crtbegin.o
                0x08005188                PROVIDE (__init_array_end, .)

.fini_array     0x08005188        0x4
                [!provide]                PROVIDE (__fini_array_start, .)
 *(SORT(.fini_array.*))
 *(.fini_array*)
 .fini_array    0x08005188        0x4 c:/ac6/systemworkbench/plugins/fr.ac6.mcu.externaltools.arm-none.win32_1.13.3.201707031232/tools/compiler/bin/../lib/gcc/arm-none-eabi/5.4.1/armv6-m/crtbegin.o
                [!provide]                PROVIDE (__fini_array_end, .)
                0x0800518c                _sidata = LOADADDR (.data)

.data           0x20000000      0x11c load address 0x0800518c
                0x20000000                . = ALIGN (0x4)
                0x20000000                _sdata = .
 *(.data)
 .data          0x20000000        0x4 Src/system_stm32f0xx.o
                0x20000000                SystemCoreClock
 .data          0x20000004       0xb4 Src/vl6180x_api.o
                0x20000004                SingleVL6180xDevData
                0x20000074                VL6180x_RangeStatusErrString
 *(.data*)
 .data.impure_data
                0x200000b8       0x60 c:/ac6/systemworkbench/plugins/fr.ac6.mcu.externaltools.arm-none.win32_1.13.3.201707031232/tools/compiler/bin/../lib/gcc/arm-none-eabi/5.4.1/../../../../arm-none-eabi/lib/armv6-m\libc_nano.a(lib_a-impure.o)
 .data._impure_ptr
                0x20000118        0x4 c:/ac6/systemworkbench/plugins/fr.ac6.mcu.externaltools.arm-none.win32_1.13.3.201707031232/tools/compiler/bin/../lib/gcc/arm-none-eabi/5.4.1/../../../../arm-none-eabi/lib/armv6-m\libc_nano.a(lib_a-impure.o)
                0x20000118                _impure_ptr
                0x2000011c                . = ALIGN (0x4)
                0x2000011c                _edata = .

.jcr            0x2000011c        0x0 load address 0x080052a8
 .jcr           0x2000011c        0x0 c:/ac6/systemworkbench/plugins/fr.ac6.mcu.externaltools.arm-none.win32_1.13.3.201707031232/tools/compiler/bin/../lib/gcc/arm-none-eabi/5.4.1/armv6-m/crtbegin.o

.igot.plt       0x2000011c        0x0 load address 0x080052a8
 .igot.plt      0x2000011c        0x0 c:/ac6/systemworkbench/plugins/fr.ac6.mcu.externaltools.arm-none.win32_1.13.3.201707031232/tools/compiler/bin/../lib/gcc/arm-none-eabi/5.4.1/armv6-m/crtbegin.o
                0x2000011c                . = ALIGN (0x4)

.bss            0x2000011c      0x930 load address 0x080052a8
                0x2000011c                _sbss = .
                0x2000011c                __bss_start__ = _sbss
 *(.bss)
 .bss           0x2000011c       0x1c c:/ac6/systemworkbench/plugins/fr.ac6.mcu.externaltools.arm-none.win32_1.13.3.201707031232/tools/compiler/bin/../lib/gcc/arm-none-eabi/5.4.1/armv6-m/crtbegin.o
 .bss           0x20000138      0x405 Src/PuttyInterface.o
 *fill*         0x2000053d        0x3 
 .bss           0x20000540        0x4 Src/main.o
                0x20000540                Configured
 *(.bss*)
 .bss.__malloc_sbrk_start
                0x20000544        0x4 c:/ac6/systemworkbench/plugins/fr.ac6.mcu.externaltools.arm-none.win32_1.13.3.201707031232/tools/compiler/bin/../lib/gcc/arm-none-eabi/5.4.1/../../../../arm-none-eabi/lib/armv6-m\libc_nano.a(lib_a-nano-mallocr.o)
                0x20000544                __malloc_sbrk_start
 .bss.__malloc_free_list
                0x20000548        0x4 c:/ac6/systemworkbench/plugins/fr.ac6.mcu.externaltools.arm-none.win32_1.13.3.201707031232/tools/compiler/bin/../lib/gcc/arm-none-eabi/5.4.1/../../../../arm-none-eabi/lib/armv6-m\libc_nano.a(lib_a-nano-mallocr.o)
                0x20000548                __malloc_free_list
 .bss.heap_end.4167
                0x2000054c        0x4 c:/ac6/systemworkbench/plugins/fr.ac6.mcu.externaltools.arm-none.win32_1.13.3.201707031232/tools/compiler/bin/../lib/gcc/arm-none-eabi/5.4.1/../../../../arm-none-eabi/lib/armv6-m\libnosys.a(sbrk.o)
 *(COMMON)
 COMMON         0x20000550        0x4 Drivers/STM32F0xx_HAL_Driver/Src/stm32f0xx_hal.o
                0x20000550                uwTick
 COMMON         0x20000554      0x400 Src/PuttyInterface.o
                0x20000554                smallStrBuffer
 COMMON         0x20000954       0x4c Src/i2c.o
                0x20000954                hi2c1
 COMMON         0x200009a0       0x38 Src/main.o
                0x200009a0                pitd
                0x200009b0                myDev
                0x200009b4                Range
 COMMON         0x200009d8       0x70 Src/usart.o
                0x200009d8                huart2
 COMMON         0x20000a48        0x4 c:/ac6/systemworkbench/plugins/fr.ac6.mcu.externaltools.arm-none.win32_1.13.3.201707031232/tools/compiler/bin/../lib/gcc/arm-none-eabi/5.4.1/../../../../arm-none-eabi/lib/armv6-m\libc_nano.a(lib_a-reent.o)
                0x20000a48                errno
                0x20000a4c                . = ALIGN (0x4)
                0x20000a4c                _ebss = .
                0x20000a4c                __bss_end__ = _ebss

._user_heap_stack
                0x20000a4c      0x604 load address 0x080052a8
                0x20000a50                . = ALIGN (0x8)
 *fill*         0x20000a4c        0x4 
                0x20000a50                PROVIDE (end, .)
                [!provide]                PROVIDE (_end, .)
                0x20000c50                . = (. + _Min_Heap_Size)
 *fill*         0x20000a50      0x200 
                0x20001050                . = (. + _Min_Stack_Size)
 *fill*         0x20000c50      0x400 
                0x20001050                . = ALIGN (0x8)

/DISCARD/
 libc.a(*)
 libm.a(*)
 libgcc.a(*)

.ARM.attributes
                0x00000000       0x28
 *(.ARM.attributes)
 .ARM.attributes
                0x00000000       0x1e c:/ac6/systemworkbench/plugins/fr.ac6.mcu.externaltools.arm-none.win32_1.13.3.201707031232/tools/compiler/bin/../lib/gcc/arm-none-eabi/5.4.1/armv6-m/crti.o
 .ARM.attributes
                0x0000001e       0x2c c:/ac6/systemworkbench/plugins/fr.ac6.mcu.externaltools.arm-none.win32_1.13.3.201707031232/tools/compiler/bin/../lib/gcc/arm-none-eabi/5.4.1/armv6-m/crtbegin.o
 .ARM.attributes
                0x0000004a       0x31 Drivers/STM32F0xx_HAL_Driver/Src/stm32f0xx_hal.o
 .ARM.attributes
                0x0000007b       0x31 Drivers/STM32F0xx_HAL_Driver/Src/stm32f0xx_hal_cortex.o
 .ARM.attributes
                0x000000ac       0x31 Drivers/STM32F0xx_HAL_Driver/Src/stm32f0xx_hal_dma.o
 .ARM.attributes
                0x000000dd       0x31 Drivers/STM32F0xx_HAL_Driver/Src/stm32f0xx_hal_gpio.o
 .ARM.attributes
                0x0000010e       0x31 Drivers/STM32F0xx_HAL_Driver/Src/stm32f0xx_hal_i2c.o
 .ARM.attributes
                0x0000013f       0x31 Drivers/STM32F0xx_HAL_Driver/Src/stm32f0xx_hal_i2c_ex.o
 .ARM.attributes
                0x00000170       0x31 Drivers/STM32F0xx_HAL_Driver/Src/stm32f0xx_hal_rcc.o
 .ARM.attributes
                0x000001a1       0x31 Drivers/STM32F0xx_HAL_Driver/Src/stm32f0xx_hal_rcc_ex.o
 .ARM.attributes
                0x000001d2       0x31 Drivers/STM32F0xx_HAL_Driver/Src/stm32f0xx_hal_uart.o
 .ARM.attributes
                0x00000203       0x31 Drivers/STM32F0xx_HAL_Driver/Src/stm32f0xx_hal_uart_ex.o
 .ARM.attributes
                0x00000234       0x31 Src/PuttyInterface.o
 .ARM.attributes
                0x00000265       0x31 Src/gpio.o
 .ARM.attributes
                0x00000296       0x31 Src/i2c.o
 .ARM.attributes
                0x000002c7       0x31 Src/main.o
 .ARM.attributes
                0x000002f8       0x31 Src/stm32f0xx_hal_msp.o
 .ARM.attributes
                0x00000329       0x31 Src/stm32f0xx_it.o
 .ARM.attributes
                0x0000035a       0x31 Src/system_stm32f0xx.o
 .ARM.attributes
                0x0000038b       0x31 Src/usart.o
 .ARM.attributes
                0x000003bc       0x31 Src/vl6180x_api.o
 .ARM.attributes
                0x000003ed       0x31 Src/vl6180x_i2c.o
 .ARM.attributes
                0x0000041e       0x21 startup/startup_stm32f091xc.o
 .ARM.attributes
                0x0000043f       0x1e c:/ac6/systemworkbench/plugins/fr.ac6.mcu.externaltools.arm-none.win32_1.13.3.201707031232/tools/compiler/bin/../lib/gcc/arm-none-eabi/5.4.1/armv6-m\libgcc.a(_udivsi3.o)
 .ARM.attributes
                0x0000045d       0x1e c:/ac6/systemworkbench/plugins/fr.ac6.mcu.externaltools.arm-none.win32_1.13.3.201707031232/tools/compiler/bin/../lib/gcc/arm-none-eabi/5.4.1/armv6-m\libgcc.a(_divsi3.o)
 .ARM.attributes
                0x0000047b       0x1e c:/ac6/systemworkbench/plugins/fr.ac6.mcu.externaltools.arm-none.win32_1.13.3.201707031232/tools/compiler/bin/../lib/gcc/arm-none-eabi/5.4.1/armv6-m\libgcc.a(_dvmd_tls.o)
 .ARM.attributes
                0x00000499       0x2c c:/ac6/systemworkbench/plugins/fr.ac6.mcu.externaltools.arm-none.win32_1.13.3.201707031232/tools/compiler/bin/../lib/gcc/arm-none-eabi/5.4.1/../../../../arm-none-eabi/lib/armv6-m\libc_nano.a(lib_a-impure.o)
 .ARM.attributes
                0x000004c5       0x2c c:/ac6/systemworkbench/plugins/fr.ac6.mcu.externaltools.arm-none.win32_1.13.3.201707031232/tools/compiler/bin/../lib/gcc/arm-none-eabi/5.4.1/../../../../arm-none-eabi/lib/armv6-m\libc_nano.a(lib_a-init.o)
 .ARM.attributes
                0x000004f1       0x2c c:/ac6/systemworkbench/plugins/fr.ac6.mcu.externaltools.arm-none.win32_1.13.3.201707031232/tools/compiler/bin/../lib/gcc/arm-none-eabi/5.4.1/../../../../arm-none-eabi/lib/armv6-m\libc_nano.a(lib_a-memcpy-stub.o)
 .ARM.attributes
                0x0000051d       0x2c c:/ac6/systemworkbench/plugins/fr.ac6.mcu.externaltools.arm-none.win32_1.13.3.201707031232/tools/compiler/bin/../lib/gcc/arm-none-eabi/5.4.1/../../../../arm-none-eabi/lib/armv6-m\libc_nano.a(lib_a-sprintf.o)
 .ARM.attributes
                0x00000549       0x1c c:/ac6/systemworkbench/plugins/fr.ac6.mcu.externaltools.arm-none.win32_1.13.3.201707031232/tools/compiler/bin/../lib/gcc/arm-none-eabi/5.4.1/../../../../arm-none-eabi/lib/armv6-m\libc_nano.a(lib_a-strcmp.o)
 .ARM.attributes
                0x00000565       0x2c c:/ac6/systemworkbench/plugins/fr.ac6.mcu.externaltools.arm-none.win32_1.13.3.201707031232/tools/compiler/bin/../lib/gcc/arm-none-eabi/5.4.1/../../../../arm-none-eabi/lib/armv6-m\libc_nano.a(lib_a-strcpy.o)
 .ARM.attributes
                0x00000591       0x1c c:/ac6/systemworkbench/plugins/fr.ac6.mcu.externaltools.arm-none.win32_1.13.3.201707031232/tools/compiler/bin/../lib/gcc/arm-none-eabi/5.4.1/../../../../arm-none-eabi/lib/armv6-m\libc_nano.a(lib_a-strlen.o)
 .ARM.attributes
                0x000005ad       0x2c c:/ac6/systemworkbench/plugins/fr.ac6.mcu.externaltools.arm-none.win32_1.13.3.201707031232/tools/compiler/bin/../lib/gcc/arm-none-eabi/5.4.1/../../../../arm-none-eabi/lib/armv6-m\libc_nano.a(lib_a-nano-svfprintf.o)
 .ARM.attributes
                0x000005d9       0x2c c:/ac6/systemworkbench/plugins/fr.ac6.mcu.externaltools.arm-none.win32_1.13.3.201707031232/tools/compiler/bin/../lib/gcc/arm-none-eabi/5.4.1/../../../../arm-none-eabi/lib/armv6-m\libc_nano.a(lib_a-nano-vfprintf_i.o)
 .ARM.attributes
                0x00000605       0x2c c:/ac6/systemworkbench/plugins/fr.ac6.mcu.externaltools.arm-none.win32_1.13.3.201707031232/tools/compiler/bin/../lib/gcc/arm-none-eabi/5.4.1/../../../../arm-none-eabi/lib/armv6-m\libc_nano.a(lib_a-memchr-stub.o)
 .ARM.attributes
                0x00000631       0x2c c:/ac6/systemworkbench/plugins/fr.ac6.mcu.externaltools.arm-none.win32_1.13.3.201707031232/tools/compiler/bin/../lib/gcc/arm-none-eabi/5.4.1/../../../../arm-none-eabi/lib/armv6-m\libc_nano.a(lib_a-memmove.o)
 .ARM.attributes
                0x0000065d       0x2c c:/ac6/systemworkbench/plugins/fr.ac6.mcu.externaltools.arm-none.win32_1.13.3.201707031232/tools/compiler/bin/../lib/gcc/arm-none-eabi/5.4.1/../../../../arm-none-eabi/lib/armv6-m\libc_nano.a(lib_a-nano-freer.o)
 .ARM.attributes
                0x00000689       0x2c c:/ac6/systemworkbench/plugins/fr.ac6.mcu.externaltools.arm-none.win32_1.13.3.201707031232/tools/compiler/bin/../lib/gcc/arm-none-eabi/5.4.1/../../../../arm-none-eabi/lib/armv6-m\libc_nano.a(lib_a-nano-mallocr.o)
 .ARM.attributes
                0x000006b5       0x2c c:/ac6/systemworkbench/plugins/fr.ac6.mcu.externaltools.arm-none.win32_1.13.3.201707031232/tools/compiler/bin/../lib/gcc/arm-none-eabi/5.4.1/../../../../arm-none-eabi/lib/armv6-m\libc_nano.a(lib_a-nano-reallocr.o)
 .ARM.attributes
                0x000006e1       0x2c c:/ac6/systemworkbench/plugins/fr.ac6.mcu.externaltools.arm-none.win32_1.13.3.201707031232/tools/compiler/bin/../lib/gcc/arm-none-eabi/5.4.1/../../../../arm-none-eabi/lib/armv6-m\libc_nano.a(lib_a-sbrkr.o)
 .ARM.attributes
                0x0000070d       0x2c c:/ac6/systemworkbench/plugins/fr.ac6.mcu.externaltools.arm-none.win32_1.13.3.201707031232/tools/compiler/bin/../lib/gcc/arm-none-eabi/5.4.1/../../../../arm-none-eabi/lib/armv6-m\libc_nano.a(lib_a-mlock.o)
 .ARM.attributes
                0x00000739       0x2c c:/ac6/systemworkbench/plugins/fr.ac6.mcu.externaltools.arm-none.win32_1.13.3.201707031232/tools/compiler/bin/../lib/gcc/arm-none-eabi/5.4.1/../../../../arm-none-eabi/lib/armv6-m\libc_nano.a(lib_a-nano-msizer.o)
 .ARM.attributes
                0x00000765       0x2c c:/ac6/systemworkbench/plugins/fr.ac6.mcu.externaltools.arm-none.win32_1.13.3.201707031232/tools/compiler/bin/../lib/gcc/arm-none-eabi/5.4.1/../../../../arm-none-eabi/lib/armv6-m\libc_nano.a(lib_a-reent.o)
 .ARM.attributes
                0x00000791       0x2c c:/ac6/systemworkbench/plugins/fr.ac6.mcu.externaltools.arm-none.win32_1.13.3.201707031232/tools/compiler/bin/../lib/gcc/arm-none-eabi/5.4.1/../../../../arm-none-eabi/lib/armv6-m\libnosys.a(sbrk.o)
 .ARM.attributes
                0x000007bd       0x1e c:/ac6/systemworkbench/plugins/fr.ac6.mcu.externaltools.arm-none.win32_1.13.3.201707031232/tools/compiler/bin/../lib/gcc/arm-none-eabi/5.4.1/armv6-m/crtn.o
OUTPUT(NewBallSensor.elf elf32-littlearm)

.debug_info     0x00000000    0x11662
 .debug_info    0x00000000      0x615 Drivers/STM32F0xx_HAL_Driver/Src/stm32f0xx_hal.o
 .debug_info    0x00000615      0x785 Drivers/STM32F0xx_HAL_Driver/Src/stm32f0xx_hal_cortex.o
 .debug_info    0x00000d9a      0x808 Drivers/STM32F0xx_HAL_Driver/Src/stm32f0xx_hal_dma.o
 .debug_info    0x000015a2      0x628 Drivers/STM32F0xx_HAL_Driver/Src/stm32f0xx_hal_gpio.o
 .debug_info    0x00001bca     0x3174 Drivers/STM32F0xx_HAL_Driver/Src/stm32f0xx_hal_i2c.o
 .debug_info    0x00004d3e      0x89e Drivers/STM32F0xx_HAL_Driver/Src/stm32f0xx_hal_i2c_ex.o
 .debug_info    0x000055dc      0x9bd Drivers/STM32F0xx_HAL_Driver/Src/stm32f0xx_hal_rcc.o
 .debug_info    0x00005f99      0x67c Drivers/STM32F0xx_HAL_Driver/Src/stm32f0xx_hal_rcc_ex.o
 .debug_info    0x00006615     0x1856 Drivers/STM32F0xx_HAL_Driver/Src/stm32f0xx_hal_uart.o
 .debug_info    0x00007e6b      0x9bf Drivers/STM32F0xx_HAL_Driver/Src/stm32f0xx_hal_uart_ex.o
 .debug_info    0x0000882a      0xa8b Src/PuttyInterface.o
 .debug_info    0x000092b5      0x4d9 Src/gpio.o
 .debug_info    0x0000978e      0x965 Src/i2c.o
 .debug_info    0x0000a0f3     0x114d Src/main.o
 .debug_info    0x0000b240      0x2e3 Src/stm32f0xx_hal_msp.o
 .debug_info    0x0000b523      0x6b1 Src/stm32f0xx_it.o
 .debug_info    0x0000bbd4      0x24b Src/system_stm32f0xx.o
 .debug_info    0x0000be1f      0xa58 Src/usart.o
 .debug_info    0x0000c877     0x41e5 Src/vl6180x_api.o
 .debug_info    0x00010a5c      0xb72 Src/vl6180x_i2c.o
 .debug_info    0x000115ce       0x94 startup/startup_stm32f091xc.o

.debug_abbrev   0x00000000     0x2515
 .debug_abbrev  0x00000000      0x1cc Drivers/STM32F0xx_HAL_Driver/Src/stm32f0xx_hal.o
 .debug_abbrev  0x000001cc      0x257 Drivers/STM32F0xx_HAL_Driver/Src/stm32f0xx_hal_cortex.o
 .debug_abbrev  0x00000423      0x20b Drivers/STM32F0xx_HAL_Driver/Src/stm32f0xx_hal_dma.o
 .debug_abbrev  0x0000062e      0x1e1 Drivers/STM32F0xx_HAL_Driver/Src/stm32f0xx_hal_gpio.o
 .debug_abbrev  0x0000080f      0x216 Drivers/STM32F0xx_HAL_Driver/Src/stm32f0xx_hal_i2c.o
 .debug_abbrev  0x00000a25      0x1a8 Drivers/STM32F0xx_HAL_Driver/Src/stm32f0xx_hal_i2c_ex.o
 .debug_abbrev  0x00000bcd      0x231 Drivers/STM32F0xx_HAL_Driver/Src/stm32f0xx_hal_rcc.o
 .debug_abbrev  0x00000dfe      0x195 Drivers/STM32F0xx_HAL_Driver/Src/stm32f0xx_hal_rcc_ex.o
 .debug_abbrev  0x00000f93      0x1f7 Drivers/STM32F0xx_HAL_Driver/Src/stm32f0xx_hal_uart.o
 .debug_abbrev  0x0000118a      0x1ec Drivers/STM32F0xx_HAL_Driver/Src/stm32f0xx_hal_uart_ex.o
 .debug_abbrev  0x00001376      0x214 Src/PuttyInterface.o
 .debug_abbrev  0x0000158a      0x151 Src/gpio.o
 .debug_abbrev  0x000016db      0x1a2 Src/i2c.o
 .debug_abbrev  0x0000187d      0x246 Src/main.o
 .debug_abbrev  0x00001ac3      0x103 Src/stm32f0xx_hal_msp.o
 .debug_abbrev  0x00001bc6      0x16a Src/stm32f0xx_it.o
 .debug_abbrev  0x00001d30       0xf3 Src/system_stm32f0xx.o
 .debug_abbrev  0x00001e23      0x1a0 Src/usart.o
 .debug_abbrev  0x00001fc3      0x3a9 Src/vl6180x_api.o
 .debug_abbrev  0x0000236c      0x197 Src/vl6180x_i2c.o
 .debug_abbrev  0x00002503       0x12 startup/startup_stm32f091xc.o

.debug_loc      0x00000000     0xa9cd
 .debug_loc     0x00000000       0x7c Drivers/STM32F0xx_HAL_Driver/Src/stm32f0xx_hal.o
 .debug_loc     0x0000007c      0x39b Drivers/STM32F0xx_HAL_Driver/Src/stm32f0xx_hal_cortex.o
 .debug_loc     0x00000417      0x7da Drivers/STM32F0xx_HAL_Driver/Src/stm32f0xx_hal_dma.o
 .debug_loc     0x00000bf1      0x2bc Drivers/STM32F0xx_HAL_Driver/Src/stm32f0xx_hal_gpio.o
 .debug_loc     0x00000ead     0x331a Drivers/STM32F0xx_HAL_Driver/Src/stm32f0xx_hal_i2c.o
 .debug_loc     0x000041c7      0x245 Drivers/STM32F0xx_HAL_Driver/Src/stm32f0xx_hal_i2c_ex.o
 .debug_loc     0x0000440c      0x554 Drivers/STM32F0xx_HAL_Driver/Src/stm32f0xx_hal_rcc.o
 .debug_loc     0x00004960      0x712 Drivers/STM32F0xx_HAL_Driver/Src/stm32f0xx_hal_rcc_ex.o
 .debug_loc     0x00005072     0x14db Drivers/STM32F0xx_HAL_Driver/Src/stm32f0xx_hal_uart.o
 .debug_loc     0x0000654d      0x3d5 Drivers/STM32F0xx_HAL_Driver/Src/stm32f0xx_hal_uart_ex.o
 .debug_loc     0x00006922      0x2c4 Src/PuttyInterface.o
 .debug_loc     0x00006be6       0x42 Src/i2c.o
 .debug_loc     0x00006c28       0x7f Src/main.o
 .debug_loc     0x00006ca7      0x109 Src/system_stm32f0xx.o
 .debug_loc     0x00006db0       0x42 Src/usart.o
 .debug_loc     0x00006df2     0x367a Src/vl6180x_api.o
 .debug_loc     0x0000a46c      0x561 Src/vl6180x_i2c.o

.debug_aranges  0x00000000      0xc40
 .debug_aranges
                0x00000000       0xb8 Drivers/STM32F0xx_HAL_Driver/Src/stm32f0xx_hal.o
 .debug_aranges
                0x000000b8       0x78 Drivers/STM32F0xx_HAL_Driver/Src/stm32f0xx_hal_cortex.o
 .debug_aranges
                0x00000130       0x88 Drivers/STM32F0xx_HAL_Driver/Src/stm32f0xx_hal_dma.o
 .debug_aranges
                0x000001b8       0x58 Drivers/STM32F0xx_HAL_Driver/Src/stm32f0xx_hal_gpio.o
 .debug_aranges
                0x00000210      0x260 Drivers/STM32F0xx_HAL_Driver/Src/stm32f0xx_hal_i2c.o
 .debug_aranges
                0x00000470       0x48 Drivers/STM32F0xx_HAL_Driver/Src/stm32f0xx_hal_i2c_ex.o
 .debug_aranges
                0x000004b8       0x80 Drivers/STM32F0xx_HAL_Driver/Src/stm32f0xx_hal_rcc.o
 .debug_aranges
                0x00000538       0x78 Drivers/STM32F0xx_HAL_Driver/Src/stm32f0xx_hal_rcc_ex.o
 .debug_aranges
                0x000005b0      0x1d8 Drivers/STM32F0xx_HAL_Driver/Src/stm32f0xx_hal_uart.o
 .debug_aranges
                0x00000788       0x60 Drivers/STM32F0xx_HAL_Driver/Src/stm32f0xx_hal_uart_ex.o
 .debug_aranges
                0x000007e8       0x50 Src/PuttyInterface.o
 .debug_aranges
                0x00000838       0x20 Src/gpio.o
 .debug_aranges
                0x00000858       0x30 Src/i2c.o
 .debug_aranges
                0x00000888       0x50 Src/main.o
 .debug_aranges
                0x000008d8       0x20 Src/stm32f0xx_hal_msp.o
 .debug_aranges
                0x000008f8       0x30 Src/stm32f0xx_it.o
 .debug_aranges
                0x00000928       0x28 Src/system_stm32f0xx.o
 .debug_aranges
                0x00000950       0x30 Src/usart.o
 .debug_aranges
                0x00000980      0x238 Src/vl6180x_api.o
 .debug_aranges
                0x00000bb8       0x60 Src/vl6180x_i2c.o
 .debug_aranges
                0x00000c18       0x28 startup/startup_stm32f091xc.o

.debug_ranges   0x00000000      0xb40
 .debug_ranges  0x00000000       0xa8 Drivers/STM32F0xx_HAL_Driver/Src/stm32f0xx_hal.o
 .debug_ranges  0x000000a8       0x68 Drivers/STM32F0xx_HAL_Driver/Src/stm32f0xx_hal_cortex.o
 .debug_ranges  0x00000110       0x78 Drivers/STM32F0xx_HAL_Driver/Src/stm32f0xx_hal_dma.o
 .debug_ranges  0x00000188       0x48 Drivers/STM32F0xx_HAL_Driver/Src/stm32f0xx_hal_gpio.o
 .debug_ranges  0x000001d0      0x250 Drivers/STM32F0xx_HAL_Driver/Src/stm32f0xx_hal_i2c.o
 .debug_ranges  0x00000420       0x38 Drivers/STM32F0xx_HAL_Driver/Src/stm32f0xx_hal_i2c_ex.o
 .debug_ranges  0x00000458       0x88 Drivers/STM32F0xx_HAL_Driver/Src/stm32f0xx_hal_rcc.o
 .debug_ranges  0x000004e0       0x80 Drivers/STM32F0xx_HAL_Driver/Src/stm32f0xx_hal_rcc_ex.o
 .debug_ranges  0x00000560      0x1c8 Drivers/STM32F0xx_HAL_Driver/Src/stm32f0xx_hal_uart.o
 .debug_ranges  0x00000728       0x50 Drivers/STM32F0xx_HAL_Driver/Src/stm32f0xx_hal_uart_ex.o
 .debug_ranges  0x00000778       0x40 Src/PuttyInterface.o
 .debug_ranges  0x000007b8       0x10 Src/gpio.o
 .debug_ranges  0x000007c8       0x20 Src/i2c.o
 .debug_ranges  0x000007e8       0x40 Src/main.o
 .debug_ranges  0x00000828       0x10 Src/stm32f0xx_hal_msp.o
 .debug_ranges  0x00000838       0x20 Src/stm32f0xx_it.o
 .debug_ranges  0x00000858       0x18 Src/system_stm32f0xx.o
 .debug_ranges  0x00000870       0x20 Src/usart.o
 .debug_ranges  0x00000890      0x240 Src/vl6180x_api.o
 .debug_ranges  0x00000ad0       0x50 Src/vl6180x_i2c.o
 .debug_ranges  0x00000b20       0x20 startup/startup_stm32f091xc.o

.debug_macro    0x00000000    0x1a38d
 .debug_macro   0x00000000      0x30e Drivers/STM32F0xx_HAL_Driver/Src/stm32f0xx_hal.o
 .debug_macro   0x0000030e      0x832 Drivers/STM32F0xx_HAL_Driver/Src/stm32f0xx_hal.o
 .debug_macro   0x00000b40       0x70 Drivers/STM32F0xx_HAL_Driver/Src/stm32f0xx_hal.o
 .debug_macro   0x00000bb0       0xa5 Drivers/STM32F0xx_HAL_Driver/Src/stm32f0xx_hal.o
 .debug_macro   0x00000c55       0x2e Drivers/STM32F0xx_HAL_Driver/Src/stm32f0xx_hal.o
 .debug_macro   0x00000c83       0x22 Drivers/STM32F0xx_HAL_Driver/Src/stm32f0xx_hal.o
 .debug_macro   0x00000ca5       0x22 Drivers/STM32F0xx_HAL_Driver/Src/stm32f0xx_hal.o
 .debug_macro   0x00000cc7       0x87 Drivers/STM32F0xx_HAL_Driver/Src/stm32f0xx_hal.o
 .debug_macro   0x00000d4e       0x44 Drivers/STM32F0xx_HAL_Driver/Src/stm32f0xx_hal.o
 .debug_macro   0x00000d92       0xfd Drivers/STM32F0xx_HAL_Driver/Src/stm32f0xx_hal.o
 .debug_macro   0x00000e8f       0x5e Drivers/STM32F0xx_HAL_Driver/Src/stm32f0xx_hal.o
 .debug_macro   0x00000eed      0x1df Drivers/STM32F0xx_HAL_Driver/Src/stm32f0xx_hal.o
 .debug_macro   0x000010cc       0x34 Drivers/STM32F0xx_HAL_Driver/Src/stm32f0xx_hal.o
 .debug_macro   0x00001100       0x26 Drivers/STM32F0xx_HAL_Driver/Src/stm32f0xx_hal.o
 .debug_macro   0x00001126      0x30d Drivers/STM32F0xx_HAL_Driver/Src/stm32f0xx_hal.o
 .debug_macro   0x00001433    0x10e80 Drivers/STM32F0xx_HAL_Driver/Src/stm32f0xx_hal.o
 .debug_macro   0x000122b3       0x3c Drivers/STM32F0xx_HAL_Driver/Src/stm32f0xx_hal.o
 .debug_macro   0x000122ef       0x52 Drivers/STM32F0xx_HAL_Driver/Src/stm32f0xx_hal.o
 .debug_macro   0x00012341       0x35 Drivers/STM32F0xx_HAL_Driver/Src/stm32f0xx_hal.o
 .debug_macro   0x00012376       0x9c Drivers/STM32F0xx_HAL_Driver/Src/stm32f0xx_hal.o
 .debug_macro   0x00012412       0x16 Drivers/STM32F0xx_HAL_Driver/Src/stm32f0xx_hal.o
 .debug_macro   0x00012428       0x97 Drivers/STM32F0xx_HAL_Driver/Src/stm32f0xx_hal.o
 .debug_macro   0x000124bf      0x30d Drivers/STM32F0xx_HAL_Driver/Src/stm32f0xx_hal.o
 .debug_macro   0x000127cc       0xfd Drivers/STM32F0xx_HAL_Driver/Src/stm32f0xx_hal.o
 .debug_macro   0x000128c9       0x10 Drivers/STM32F0xx_HAL_Driver/Src/stm32f0xx_hal.o
 .debug_macro   0x000128d9       0x52 Drivers/STM32F0xx_HAL_Driver/Src/stm32f0xx_hal.o
 .debug_macro   0x0001292b       0x1f Drivers/STM32F0xx_HAL_Driver/Src/stm32f0xx_hal.o
 .debug_macro   0x0001294a       0x43 Drivers/STM32F0xx_HAL_Driver/Src/stm32f0xx_hal.o
 .debug_macro   0x0001298d       0x20 Drivers/STM32F0xx_HAL_Driver/Src/stm32f0xx_hal.o
 .debug_macro   0x000129ad      0x187 Drivers/STM32F0xx_HAL_Driver/Src/stm32f0xx_hal.o
 .debug_macro   0x00012b34       0x10 Drivers/STM32F0xx_HAL_Driver/Src/stm32f0xx_hal.o
 .debug_macro   0x00012b44       0x1c Drivers/STM32F0xx_HAL_Driver/Src/stm32f0xx_hal.o
 .debug_macro   0x00012b60       0x52 Drivers/STM32F0xx_HAL_Driver/Src/stm32f0xx_hal.o
 .debug_macro   0x00012bb2       0x40 Drivers/STM32F0xx_HAL_Driver/Src/stm32f0xx_hal.o
 .debug_macro   0x00012bf2       0x10 Drivers/STM32F0xx_HAL_Driver/Src/stm32f0xx_hal.o
 .debug_macro   0x00012c02       0x40 Drivers/STM32F0xx_HAL_Driver/Src/stm32f0xx_hal.o
 .debug_macro   0x00012c42       0xd7 Drivers/STM32F0xx_HAL_Driver/Src/stm32f0xx_hal.o
 .debug_macro   0x00012d19       0x16 Drivers/STM32F0xx_HAL_Driver/Src/stm32f0xx_hal.o
 .debug_macro   0x00012d2f      0x18b Drivers/STM32F0xx_HAL_Driver/Src/stm32f0xx_hal.o
 .debug_macro   0x00012eba       0x49 Drivers/STM32F0xx_HAL_Driver/Src/stm32f0xx_hal.o
 .debug_macro   0x00012f03      0x951 Drivers/STM32F0xx_HAL_Driver/Src/stm32f0xx_hal.o
 .debug_macro   0x00013854      0x69b Drivers/STM32F0xx_HAL_Driver/Src/stm32f0xx_hal.o
 .debug_macro   0x00013eef      0x13a Drivers/STM32F0xx_HAL_Driver/Src/stm32f0xx_hal.o
 .debug_macro   0x00014029      0x202 Drivers/STM32F0xx_HAL_Driver/Src/stm32f0xx_hal.o
 .debug_macro   0x0001422b      0x1bc Drivers/STM32F0xx_HAL_Driver/Src/stm32f0xx_hal.o
 .debug_macro   0x000143e7      0x4da Drivers/STM32F0xx_HAL_Driver/Src/stm32f0xx_hal.o
 .debug_macro   0x000148c1       0x3c Drivers/STM32F0xx_HAL_Driver/Src/stm32f0xx_hal.o
 .debug_macro   0x000148fd       0x28 Drivers/STM32F0xx_HAL_Driver/Src/stm32f0xx_hal.o
 .debug_macro   0x00014925       0xb6 Drivers/STM32F0xx_HAL_Driver/Src/stm32f0xx_hal.o
 .debug_macro   0x000149db      0x23f Drivers/STM32F0xx_HAL_Driver/Src/stm32f0xx_hal.o
 .debug_macro   0x00014c1a      0x202 Drivers/STM32F0xx_HAL_Driver/Src/stm32f0xx_hal.o
 .debug_macro   0x00014e1c       0x61 Drivers/STM32F0xx_HAL_Driver/Src/stm32f0xx_hal.o
 .debug_macro   0x00014e7d       0x90 Drivers/STM32F0xx_HAL_Driver/Src/stm32f0xx_hal.o
 .debug_macro   0x00014f0d       0x4d Drivers/STM32F0xx_HAL_Driver/Src/stm32f0xx_hal.o
 .debug_macro   0x00014f5a      0x16d Drivers/STM32F0xx_HAL_Driver/Src/stm32f0xx_hal.o
 .debug_macro   0x000150c7      0x38a Drivers/STM32F0xx_HAL_Driver/Src/stm32f0xx_hal.o
 .debug_macro   0x00015451      0x209 Drivers/STM32F0xx_HAL_Driver/Src/stm32f0xx_hal.o
 .debug_macro   0x0001565a      0x42e Drivers/STM32F0xx_HAL_Driver/Src/stm32f0xx_hal.o
 .debug_macro   0x00015a88      0x2ea Drivers/STM32F0xx_HAL_Driver/Src/stm32f0xx_hal_cortex.o
 .debug_macro   0x00015d72      0x2ea Drivers/STM32F0xx_HAL_Driver/Src/stm32f0xx_hal_dma.o
 .debug_macro   0x0001605c      0x322 Drivers/STM32F0xx_HAL_Driver/Src/stm32f0xx_hal_gpio.o
 .debug_macro   0x0001637e      0x3b6 Drivers/STM32F0xx_HAL_Driver/Src/stm32f0xx_hal_i2c.o
 .debug_macro   0x00016734      0x2ea Drivers/STM32F0xx_HAL_Driver/Src/stm32f0xx_hal_i2c_ex.o
 .debug_macro   0x00016a1e      0x2fc Drivers/STM32F0xx_HAL_Driver/Src/stm32f0xx_hal_rcc.o
 .debug_macro   0x00016d1a      0x2fc Drivers/STM32F0xx_HAL_Driver/Src/stm32f0xx_hal_rcc_ex.o
 .debug_macro   0x00017016      0x2f2 Drivers/STM32F0xx_HAL_Driver/Src/stm32f0xx_hal_uart.o
 .debug_macro   0x00017308      0x2ea Drivers/STM32F0xx_HAL_Driver/Src/stm32f0xx_hal_uart_ex.o
 .debug_macro   0x000175f2      0x32c Src/PuttyInterface.o
 .debug_macro   0x0001791e       0x10 Src/PuttyInterface.o
 .debug_macro   0x0001792e       0x22 Src/PuttyInterface.o
 .debug_macro   0x00017950       0x16 Src/PuttyInterface.o
 .debug_macro   0x00017966       0x35 Src/PuttyInterface.o
 .debug_macro   0x0001799b       0x1c Src/PuttyInterface.o
 .debug_macro   0x000179b7      0x2f4 Src/gpio.o
 .debug_macro   0x00017cab      0x2fe Src/i2c.o
 .debug_macro   0x00017fa9      0x3bc Src/main.o
 .debug_macro   0x00018365       0x28 Src/main.o
 .debug_macro   0x0001838d       0x28 Src/main.o
 .debug_macro   0x000183b5      0x2a7 Src/main.o
 .debug_macro   0x0001865c       0x16 Src/main.o
 .debug_macro   0x00018672      0x513 Src/main.o
 .debug_macro   0x00018b85       0x4b Src/main.o
 .debug_macro   0x00018bd0       0x40 Src/main.o
 .debug_macro   0x00018c10      0x2ea Src/stm32f0xx_hal_msp.o
 .debug_macro   0x00018efa      0x2f4 Src/stm32f0xx_it.o
 .debug_macro   0x000191ee      0x2ea Src/system_stm32f0xx.o
 .debug_macro   0x000194d8      0x2fe Src/usart.o
 .debug_macro   0x000197d6      0x4a3 Src/vl6180x_api.o
 .debug_macro   0x00019c79      0x174 Src/vl6180x_api.o
 .debug_macro   0x00019ded       0x10 Src/vl6180x_api.o
 .debug_macro   0x00019dfd       0x3a Src/vl6180x_api.o
 .debug_macro   0x00019e37      0x176 Src/vl6180x_api.o
 .debug_macro   0x00019fad      0x3b0 Src/vl6180x_i2c.o
 .debug_macro   0x0001a35d       0x30 Src/vl6180x_i2c.o

.debug_line     0x00000000     0xd105
 .debug_line    0x00000000      0x919 Drivers/STM32F0xx_HAL_Driver/Src/stm32f0xx_hal.o
 .debug_line    0x00000919      0x8fe Drivers/STM32F0xx_HAL_Driver/Src/stm32f0xx_hal_cortex.o
 .debug_line    0x00001217      0x9de Drivers/STM32F0xx_HAL_Driver/Src/stm32f0xx_hal_dma.o
 .debug_line    0x00001bf5      0x8f2 Drivers/STM32F0xx_HAL_Driver/Src/stm32f0xx_hal_gpio.o
 .debug_line    0x000024e7     0x1828 Drivers/STM32F0xx_HAL_Driver/Src/stm32f0xx_hal_i2c.o
 .debug_line    0x00003d0f      0x8f0 Drivers/STM32F0xx_HAL_Driver/Src/stm32f0xx_hal_i2c_ex.o
 .debug_line    0x000045ff      0xa71 Drivers/STM32F0xx_HAL_Driver/Src/stm32f0xx_hal_rcc.o
 .debug_line    0x00005070      0xa01 Drivers/STM32F0xx_HAL_Driver/Src/stm32f0xx_hal_rcc_ex.o
 .debug_line    0x00005a71     0x119d Drivers/STM32F0xx_HAL_Driver/Src/stm32f0xx_hal_uart.o
 .debug_line    0x00006c0e      0x923 Drivers/STM32F0xx_HAL_Driver/Src/stm32f0xx_hal_uart_ex.o
 .debug_line    0x00007531      0x8b4 Src/PuttyInterface.o
 .debug_line    0x00007de5      0x7ab Src/gpio.o
 .debug_line    0x00008590      0x7dd Src/i2c.o
 .debug_line    0x00008d6d      0x925 Src/main.o
 .debug_line    0x00009692      0x79e Src/stm32f0xx_hal_msp.o
 .debug_line    0x00009e30      0x7ce Src/stm32f0xx_it.o
 .debug_line    0x0000a5fe      0x7ce Src/system_stm32f0xx.o
 .debug_line    0x0000adcc      0x7df Src/usart.o
 .debug_line    0x0000b5ab     0x1194 Src/vl6180x_api.o
 .debug_line    0x0000c73f      0x943 Src/vl6180x_i2c.o
 .debug_line    0x0000d082       0x83 startup/startup_stm32f091xc.o

.debug_str      0x00000000    0x89b52
 .debug_str     0x00000000    0x82f77 Drivers/STM32F0xx_HAL_Driver/Src/stm32f0xx_hal.o
                              0x83211 (size before relaxing)
 .debug_str     0x00082f77      0x1f8 Drivers/STM32F0xx_HAL_Driver/Src/stm32f0xx_hal_cortex.o
                              0x830bf (size before relaxing)
 .debug_str     0x0008316f      0x3f0 Drivers/STM32F0xx_HAL_Driver/Src/stm32f0xx_hal_dma.o
                              0x830a7 (size before relaxing)
 .debug_str     0x0008355f      0x299 Drivers/STM32F0xx_HAL_Driver/Src/stm32f0xx_hal_gpio.o
                              0x82f6a (size before relaxing)
 .debug_str     0x000837f8      0xfed Drivers/STM32F0xx_HAL_Driver/Src/stm32f0xx_hal_i2c.o
                              0x83ec5 (size before relaxing)
 .debug_str     0x000847e5       0xf3 Drivers/STM32F0xx_HAL_Driver/Src/stm32f0xx_hal_i2c_ex.o
                              0x83288 (size before relaxing)
 .debug_str     0x000848d8      0x364 Drivers/STM32F0xx_HAL_Driver/Src/stm32f0xx_hal_rcc.o
                              0x83109 (size before relaxing)
 .debug_str     0x00084c3c      0x38b Drivers/STM32F0xx_HAL_Driver/Src/stm32f0xx_hal_rcc_ex.o
                              0x830d4 (size before relaxing)
 .debug_str     0x00084fc7      0x8e9 Drivers/STM32F0xx_HAL_Driver/Src/stm32f0xx_hal_uart.o
                              0x8388b (size before relaxing)
 .debug_str     0x000858b0      0x177 Drivers/STM32F0xx_HAL_Driver/Src/stm32f0xx_hal_uart_ex.o
                              0x832fd (size before relaxing)
 .debug_str     0x00085a27      0x283 Src/PuttyInterface.o
                              0x83374 (size before relaxing)
 .debug_str     0x00085caa       0x35 Src/gpio.o
                              0x82f42 (size before relaxing)
 .debug_str     0x00085cdf       0x42 Src/i2c.o
                              0x83277 (size before relaxing)
 .debug_str     0x00085d21     0x23a4 Src/main.o
                              0x85b41 (size before relaxing)
 .debug_str     0x000880c5       0x1b Src/stm32f0xx_hal_msp.o
                              0x82e74 (size before relaxing)
 .debug_str     0x000880e0       0x5e Src/stm32f0xx_it.o
                              0x83144 (size before relaxing)
 .debug_str     0x0008813e       0x5a Src/system_stm32f0xx.o
                              0x82cec (size before relaxing)
 .debug_str     0x00088198       0x1a Src/usart.o
                              0x83439 (size before relaxing)
 .debug_str     0x000881b2     0x1838 Src/vl6180x_api.o
                              0x86a46 (size before relaxing)
 .debug_str     0x000899ea      0x168 Src/vl6180x_i2c.o
                              0x85281 (size before relaxing)

.comment        0x00000000       0x6e
 .comment       0x00000000       0x6e Drivers/STM32F0xx_HAL_Driver/Src/stm32f0xx_hal.o
                                 0x6f (size before relaxing)
 .comment       0x0000006e       0x6f Drivers/STM32F0xx_HAL_Driver/Src/stm32f0xx_hal_cortex.o
 .comment       0x0000006e       0x6f Drivers/STM32F0xx_HAL_Driver/Src/stm32f0xx_hal_dma.o
 .comment       0x0000006e       0x6f Drivers/STM32F0xx_HAL_Driver/Src/stm32f0xx_hal_gpio.o
 .comment       0x0000006e       0x6f Drivers/STM32F0xx_HAL_Driver/Src/stm32f0xx_hal_i2c.o
 .comment       0x0000006e       0x6f Drivers/STM32F0xx_HAL_Driver/Src/stm32f0xx_hal_i2c_ex.o
 .comment       0x0000006e       0x6f Drivers/STM32F0xx_HAL_Driver/Src/stm32f0xx_hal_rcc.o
 .comment       0x0000006e       0x6f Drivers/STM32F0xx_HAL_Driver/Src/stm32f0xx_hal_rcc_ex.o
 .comment       0x0000006e       0x6f Drivers/STM32F0xx_HAL_Driver/Src/stm32f0xx_hal_uart.o
 .comment       0x0000006e       0x6f Drivers/STM32F0xx_HAL_Driver/Src/stm32f0xx_hal_uart_ex.o
 .comment       0x0000006e       0x6f Src/PuttyInterface.o
 .comment       0x0000006e       0x6f Src/gpio.o
 .comment       0x0000006e       0x6f Src/i2c.o
 .comment       0x0000006e       0x6f Src/main.o
 .comment       0x0000006e       0x6f Src/stm32f0xx_hal_msp.o
 .comment       0x0000006e       0x6f Src/stm32f0xx_it.o
 .comment       0x0000006e       0x6f Src/system_stm32f0xx.o
 .comment       0x0000006e       0x6f Src/usart.o
 .comment       0x0000006e       0x6f Src/vl6180x_api.o
 .comment       0x0000006e       0x6f Src/vl6180x_i2c.o

.debug_frame    0x00000000     0x23c4
 .debug_frame   0x00000000      0x174 Drivers/STM32F0xx_HAL_Driver/Src/stm32f0xx_hal.o
 .debug_frame   0x00000174       0xe4 Drivers/STM32F0xx_HAL_Driver/Src/stm32f0xx_hal_cortex.o
 .debug_frame   0x00000258      0x168 Drivers/STM32F0xx_HAL_Driver/Src/stm32f0xx_hal_dma.o
 .debug_frame   0x000003c0       0xcc Drivers/STM32F0xx_HAL_Driver/Src/stm32f0xx_hal_gpio.o
 .debug_frame   0x0000048c      0x784 Drivers/STM32F0xx_HAL_Driver/Src/stm32f0xx_hal_i2c.o
 .debug_frame   0x00000c10       0xc0 Drivers/STM32F0xx_HAL_Driver/Src/stm32f0xx_hal_i2c_ex.o
 .debug_frame   0x00000cd0      0x130 Drivers/STM32F0xx_HAL_Driver/Src/stm32f0xx_hal_rcc.o
 .debug_frame   0x00000e00       0xfc Drivers/STM32F0xx_HAL_Driver/Src/stm32f0xx_hal_rcc_ex.o
 .debug_frame   0x00000efc      0x500 Drivers/STM32F0xx_HAL_Driver/Src/stm32f0xx_hal_uart.o
 .debug_frame   0x000013fc       0xfc Drivers/STM32F0xx_HAL_Driver/Src/stm32f0xx_hal_uart_ex.o
 .debug_frame   0x000014f8       0xc8 Src/PuttyInterface.o
 .debug_frame   0x000015c0       0x30 Src/gpio.o
 .debug_frame   0x000015f0       0x58 Src/i2c.o
 .debug_frame   0x00001648       0xac Src/main.o
 .debug_frame   0x000016f4       0x28 Src/stm32f0xx_hal_msp.o
 .debug_frame   0x0000171c       0x58 Src/stm32f0xx_it.o
 .debug_frame   0x00001774       0x3c Src/system_stm32f0xx.o
 .debug_frame   0x000017b0       0x58 Src/usart.o
 .debug_frame   0x00001808      0x714 Src/vl6180x_api.o
 .debug_frame   0x00001f1c      0x108 Src/vl6180x_i2c.o
 .debug_frame   0x00002024       0x20 c:/ac6/systemworkbench/plugins/fr.ac6.mcu.externaltools.arm-none.win32_1.13.3.201707031232/tools/compiler/bin/../lib/gcc/arm-none-eabi/5.4.1/armv6-m\libgcc.a(_udivsi3.o)
 .debug_frame   0x00002044       0x20 c:/ac6/systemworkbench/plugins/fr.ac6.mcu.externaltools.arm-none.win32_1.13.3.201707031232/tools/compiler/bin/../lib/gcc/arm-none-eabi/5.4.1/armv6-m\libgcc.a(_divsi3.o)
 .debug_frame   0x00002064       0x2c c:/ac6/systemworkbench/plugins/fr.ac6.mcu.externaltools.arm-none.win32_1.13.3.201707031232/tools/compiler/bin/../lib/gcc/arm-none-eabi/5.4.1/../../../../arm-none-eabi/lib/armv6-m\libc_nano.a(lib_a-init.o)
 .debug_frame   0x00002090       0x28 c:/ac6/systemworkbench/plugins/fr.ac6.mcu.externaltools.arm-none.win32_1.13.3.201707031232/tools/compiler/bin/../lib/gcc/arm-none-eabi/5.4.1/../../../../arm-none-eabi/lib/armv6-m\libc_nano.a(lib_a-memcpy-stub.o)
 .debug_frame   0x000020b8       0x50 c:/ac6/systemworkbench/plugins/fr.ac6.mcu.externaltools.arm-none.win32_1.13.3.201707031232/tools/compiler/bin/../lib/gcc/arm-none-eabi/5.4.1/../../../../arm-none-eabi/lib/armv6-m\libc_nano.a(lib_a-sprintf.o)
 .debug_frame   0x00002108       0x20 c:/ac6/systemworkbench/plugins/fr.ac6.mcu.externaltools.arm-none.win32_1.13.3.201707031232/tools/compiler/bin/../lib/gcc/arm-none-eabi/5.4.1/../../../../arm-none-eabi/lib/armv6-m\libc_nano.a(lib_a-strcmp.o)
 .debug_frame   0x00002128       0x20 c:/ac6/systemworkbench/plugins/fr.ac6.mcu.externaltools.arm-none.win32_1.13.3.201707031232/tools/compiler/bin/../lib/gcc/arm-none-eabi/5.4.1/../../../../arm-none-eabi/lib/armv6-m\libc_nano.a(lib_a-strcpy.o)
 .debug_frame   0x00002148       0x74 c:/ac6/systemworkbench/plugins/fr.ac6.mcu.externaltools.arm-none.win32_1.13.3.201707031232/tools/compiler/bin/../lib/gcc/arm-none-eabi/5.4.1/../../../../arm-none-eabi/lib/armv6-m\libc_nano.a(lib_a-nano-svfprintf.o)
 .debug_frame   0x000021bc       0x54 c:/ac6/systemworkbench/plugins/fr.ac6.mcu.externaltools.arm-none.win32_1.13.3.201707031232/tools/compiler/bin/../lib/gcc/arm-none-eabi/5.4.1/../../../../arm-none-eabi/lib/armv6-m\libc_nano.a(lib_a-nano-vfprintf_i.o)
 .debug_frame   0x00002210       0x20 c:/ac6/systemworkbench/plugins/fr.ac6.mcu.externaltools.arm-none.win32_1.13.3.201707031232/tools/compiler/bin/../lib/gcc/arm-none-eabi/5.4.1/../../../../arm-none-eabi/lib/armv6-m\libc_nano.a(lib_a-memchr-stub.o)
 .debug_frame   0x00002230       0x28 c:/ac6/systemworkbench/plugins/fr.ac6.mcu.externaltools.arm-none.win32_1.13.3.201707031232/tools/compiler/bin/../lib/gcc/arm-none-eabi/5.4.1/../../../../arm-none-eabi/lib/armv6-m\libc_nano.a(lib_a-memmove.o)
 .debug_frame   0x00002258       0x2c c:/ac6/systemworkbench/plugins/fr.ac6.mcu.externaltools.arm-none.win32_1.13.3.201707031232/tools/compiler/bin/../lib/gcc/arm-none-eabi/5.4.1/../../../../arm-none-eabi/lib/armv6-m\libc_nano.a(lib_a-nano-freer.o)
 .debug_frame   0x00002284       0x2c c:/ac6/systemworkbench/plugins/fr.ac6.mcu.externaltools.arm-none.win32_1.13.3.201707031232/tools/compiler/bin/../lib/gcc/arm-none-eabi/5.4.1/../../../../arm-none-eabi/lib/armv6-m\libc_nano.a(lib_a-nano-mallocr.o)
 .debug_frame   0x000022b0       0x30 c:/ac6/systemworkbench/plugins/fr.ac6.mcu.externaltools.arm-none.win32_1.13.3.201707031232/tools/compiler/bin/../lib/gcc/arm-none-eabi/5.4.1/../../../../arm-none-eabi/lib/armv6-m\libc_nano.a(lib_a-nano-reallocr.o)
 .debug_frame   0x000022e0       0x2c c:/ac6/systemworkbench/plugins/fr.ac6.mcu.externaltools.arm-none.win32_1.13.3.201707031232/tools/compiler/bin/../lib/gcc/arm-none-eabi/5.4.1/../../../../arm-none-eabi/lib/armv6-m\libc_nano.a(lib_a-sbrkr.o)
 .debug_frame   0x0000230c       0x30 c:/ac6/systemworkbench/plugins/fr.ac6.mcu.externaltools.arm-none.win32_1.13.3.201707031232/tools/compiler/bin/../lib/gcc/arm-none-eabi/5.4.1/../../../../arm-none-eabi/lib/armv6-m\libc_nano.a(lib_a-mlock.o)
 .debug_frame   0x0000233c       0x20 c:/ac6/systemworkbench/plugins/fr.ac6.mcu.externaltools.arm-none.win32_1.13.3.201707031232/tools/compiler/bin/../lib/gcc/arm-none-eabi/5.4.1/../../../../arm-none-eabi/lib/armv6-m\libc_nano.a(lib_a-nano-msizer.o)
 .debug_frame   0x0000235c       0x48 c:/ac6/systemworkbench/plugins/fr.ac6.mcu.externaltools.arm-none.win32_1.13.3.201707031232/tools/compiler/bin/../lib/gcc/arm-none-eabi/5.4.1/../../../../arm-none-eabi/lib/armv6-m\libc_nano.a(lib_a-reent.o)
 .debug_frame   0x000023a4       0x20 c:/ac6/systemworkbench/plugins/fr.ac6.mcu.externaltools.arm-none.win32_1.13.3.201707031232/tools/compiler/bin/../lib/gcc/arm-none-eabi/5.4.1/../../../../arm-none-eabi/lib/armv6-m\libnosys.a(sbrk.o)
