Archive member included to satisfy reference by file (symbol)

c:/ac6/systemworkbench/plugins/fr.ac6.mcu.externaltools.arm-none.win32_1.13.3.201707031232/tools/compiler/bin/../lib/gcc/arm-none-eabi/5.4.1/armv7e-m/fpu\libgcc.a(_aeabi_uldivmod.o)
                              Drivers/STM32F4xx_HAL_Driver/Src/stm32f4xx_hal_rcc.o (__aeabi_uldivmod)
c:/ac6/systemworkbench/plugins/fr.ac6.mcu.externaltools.arm-none.win32_1.13.3.201707031232/tools/compiler/bin/../lib/gcc/arm-none-eabi/5.4.1/armv7e-m/fpu\libgcc.a(_udivmoddi4.o)
                              c:/ac6/systemworkbench/plugins/fr.ac6.mcu.externaltools.arm-none.win32_1.13.3.201707031232/tools/compiler/bin/../lib/gcc/arm-none-eabi/5.4.1/armv7e-m/fpu\libgcc.a(_aeabi_uldivmod.o) (__udivmoddi4)
c:/ac6/systemworkbench/plugins/fr.ac6.mcu.externaltools.arm-none.win32_1.13.3.201707031232/tools/compiler/bin/../lib/gcc/arm-none-eabi/5.4.1/armv7e-m/fpu\libgcc.a(_dvmd_tls.o)
                              c:/ac6/systemworkbench/plugins/fr.ac6.mcu.externaltools.arm-none.win32_1.13.3.201707031232/tools/compiler/bin/../lib/gcc/arm-none-eabi/5.4.1/armv7e-m/fpu\libgcc.a(_aeabi_uldivmod.o) (__aeabi_ldiv0)
c:/ac6/systemworkbench/plugins/fr.ac6.mcu.externaltools.arm-none.win32_1.13.3.201707031232/tools/compiler/bin/../lib/gcc/arm-none-eabi/5.4.1/../../../../arm-none-eabi/lib/armv7e-m/fpu\libc_nano.a(lib_a-exit.o)
                              c:/ac6/systemworkbench/plugins/fr.ac6.mcu.externaltools.arm-none.win32_1.13.3.201707031232/tools/compiler/bin/../lib/gcc/arm-none-eabi/5.4.1/../../../../arm-none-eabi/lib/armv7e-m/fpu/crt0.o (exit)
c:/ac6/systemworkbench/plugins/fr.ac6.mcu.externaltools.arm-none.win32_1.13.3.201707031232/tools/compiler/bin/../lib/gcc/arm-none-eabi/5.4.1/../../../../arm-none-eabi/lib/armv7e-m/fpu\libc_nano.a(lib_a-impure.o)
                              c:/ac6/systemworkbench/plugins/fr.ac6.mcu.externaltools.arm-none.win32_1.13.3.201707031232/tools/compiler/bin/../lib/gcc/arm-none-eabi/5.4.1/../../../../arm-none-eabi/lib/armv7e-m/fpu\libc_nano.a(lib_a-exit.o) (_global_impure_ptr)
c:/ac6/systemworkbench/plugins/fr.ac6.mcu.externaltools.arm-none.win32_1.13.3.201707031232/tools/compiler/bin/../lib/gcc/arm-none-eabi/5.4.1/../../../../arm-none-eabi/lib/armv7e-m/fpu\libc_nano.a(lib_a-init.o)
                              c:/ac6/systemworkbench/plugins/fr.ac6.mcu.externaltools.arm-none.win32_1.13.3.201707031232/tools/compiler/bin/../lib/gcc/arm-none-eabi/5.4.1/../../../../arm-none-eabi/lib/armv7e-m/fpu/crt0.o (__libc_init_array)
c:/ac6/systemworkbench/plugins/fr.ac6.mcu.externaltools.arm-none.win32_1.13.3.201707031232/tools/compiler/bin/../lib/gcc/arm-none-eabi/5.4.1/../../../../arm-none-eabi/lib/armv7e-m/fpu\libc_nano.a(lib_a-memset.o)
                              c:/ac6/systemworkbench/plugins/fr.ac6.mcu.externaltools.arm-none.win32_1.13.3.201707031232/tools/compiler/bin/../lib/gcc/arm-none-eabi/5.4.1/../../../../arm-none-eabi/lib/armv7e-m/fpu/crt0.o (memset)
c:/ac6/systemworkbench/plugins/fr.ac6.mcu.externaltools.arm-none.win32_1.13.3.201707031232/tools/compiler/bin/../lib/gcc/arm-none-eabi/5.4.1/../../../../arm-none-eabi/lib/armv7e-m/fpu\libc_nano.a(lib_a-sprintf.o)
                              Src/PuttyInterface.o (sprintf)
c:/ac6/systemworkbench/plugins/fr.ac6.mcu.externaltools.arm-none.win32_1.13.3.201707031232/tools/compiler/bin/../lib/gcc/arm-none-eabi/5.4.1/../../../../arm-none-eabi/lib/armv7e-m/fpu\libc_nano.a(lib_a-strcmp.o)
                              Src/main.o (strcmp)
c:/ac6/systemworkbench/plugins/fr.ac6.mcu.externaltools.arm-none.win32_1.13.3.201707031232/tools/compiler/bin/../lib/gcc/arm-none-eabi/5.4.1/../../../../arm-none-eabi/lib/armv7e-m/fpu\libc_nano.a(lib_a-strcpy.o)
                              Src/PuttyInterface.o (strcpy)
c:/ac6/systemworkbench/plugins/fr.ac6.mcu.externaltools.arm-none.win32_1.13.3.201707031232/tools/compiler/bin/../lib/gcc/arm-none-eabi/5.4.1/../../../../arm-none-eabi/lib/armv7e-m/fpu\libc_nano.a(lib_a-strlen.o)
                              Src/PuttyInterface.o (strlen)
c:/ac6/systemworkbench/plugins/fr.ac6.mcu.externaltools.arm-none.win32_1.13.3.201707031232/tools/compiler/bin/../lib/gcc/arm-none-eabi/5.4.1/../../../../arm-none-eabi/lib/armv7e-m/fpu\libc_nano.a(lib_a-nano-svfprintf.o)
                              c:/ac6/systemworkbench/plugins/fr.ac6.mcu.externaltools.arm-none.win32_1.13.3.201707031232/tools/compiler/bin/../lib/gcc/arm-none-eabi/5.4.1/../../../../arm-none-eabi/lib/armv7e-m/fpu\libc_nano.a(lib_a-sprintf.o) (_svfprintf_r)
c:/ac6/systemworkbench/plugins/fr.ac6.mcu.externaltools.arm-none.win32_1.13.3.201707031232/tools/compiler/bin/../lib/gcc/arm-none-eabi/5.4.1/../../../../arm-none-eabi/lib/armv7e-m/fpu\libc_nano.a(lib_a-nano-vfprintf_i.o)
[...]
Memory Configuration

Name             Origin             Length             Attributes
RAM              0x20000000         0x00020000         xrw
FLASH            0x08000000         0x00080000         xr
*default*        0x00000000         0xffffffff

Linker script and memory map

LOAD c:/ac6/systemworkbench/plugins/fr.ac6.mcu.externaltools.arm-none.win32_1.13.3.201707031232/tools/compiler/bin/../lib/gcc/arm-none-eabi/5.4.1/armv7e-m/fpu/crti.o
LOAD c:/ac6/systemworkbench/plugins/fr.ac6.mcu.externaltools.arm-none.win32_1.13.3.201707031232/tools/compiler/bin/../lib/gcc/arm-none-eabi/5.4.1/armv7e-m/fpu/crtbegin.o
LOAD c:/ac6/systemworkbench/plugins/fr.ac6.mcu.externaltools.arm-none.win32_1.13.3.201707031232/tools/compiler/bin/../lib/gcc/arm-none-eabi/5.4.1/../../../../arm-none-eabi/lib/armv7e-m/fpu/crt0.o
LOAD Drivers/STM32F4xx_HAL_Driver/Src/stm32f4xx_hal.o
LOAD Drivers/STM32F4xx_HAL_Driver/Src/stm32f4xx_hal_cortex.o
LOAD Drivers/STM32F4xx_HAL_Driver/Src/stm32f4xx_hal_dma.o
LOAD Drivers/STM32F4xx_HAL_Driver/Src/stm32f4xx_hal_dma_ex.o
LOAD Drivers/STM32F4xx_HAL_Driver/Src/stm32f4xx_hal_flash.o
LOAD Drivers/STM32F4xx_HAL_Driver/Src/stm32f4xx_hal_flash_ex.o
LOAD Drivers/STM32F4xx_HAL_Driver/Src/stm32f4xx_hal_flash_ramfunc.o
LOAD Drivers/STM32F4xx_HAL_Driver/Src/stm32f4xx_hal_gpio.o
LOAD Drivers/STM32F4xx_HAL_Driver/Src/stm32f4xx_hal_i2c.o
LOAD Drivers/STM32F4xx_HAL_Driver/Src/stm32f4xx_hal_i2c_ex.o
LOAD Drivers/STM32F4xx_HAL_Driver/Src/stm32f4xx_hal_pwr.o
LOAD Drivers/STM32F4xx_HAL_Driver/Src/stm32f4xx_hal_pwr_ex.o
LOAD Drivers/STM32F4xx_HAL_Driver/Src/stm32f4xx_hal_rcc.o
LOAD Drivers/STM32F4xx_HAL_Driver/Src/stm32f4xx_hal_rcc_ex.o
LOAD Drivers/STM32F4xx_HAL_Driver/Src/stm32f4xx_hal_tim.o
LOAD Drivers/STM32F4xx_HAL_Driver/Src/stm32f4xx_hal_tim_ex.o
LOAD Drivers/STM32F4xx_HAL_Driver/Src/stm32f4xx_hal_uart.o
LOAD Src/PuttyInterface.o
LOAD Src/gpio.o
LOAD Src/i2c.o
LOAD Src/main.o
LOAD Src/stm32f4xx_hal_msp.o
LOAD Src/stm32f4xx_it.o
LOAD Src/system_stm32f4xx.o
LOAD Src/usart.o
LOAD Src/vl6180x_api.o
LOAD Src/vl6180x_i2c.o
LOAD startup/startup_stm32f446xx.o
LOAD c:/ac6/systemworkbench/plugins/fr.ac6.mcu.externaltools.arm-none.win32_1.13.3.201707031232/tools/compiler/bin/../lib/gcc/arm-none-eabi/5.4.1/../../../../arm-none-eabi/lib/armv7e-m/fpu\libm.a
START GROUP
LOAD c:/ac6/systemworkbench/plugins/fr.ac6.mcu.externaltools.arm-none.win32_1.13.3.201707031232/tools/compiler/bin/../lib/gcc/arm-none-eabi/5.4.1/armv7e-m/fpu\libgcc.a
LOAD c:/ac6/systemworkbench/plugins/fr.ac6.mcu.externaltools.arm-none.win32_1.13.3.201707031232/tools/compiler/bin/../lib/gcc/arm-none-eabi/5.4.1/../../../../arm-none-eabi/lib/armv7e-m/fpu\libc_nano.a
END GROUP
START GROUP
LOAD c:/ac6/systemworkbench/plugins/fr.ac6.mcu.externaltools.arm-none.win32_1.13.3.201707031232/tools/compiler/bin/../lib/gcc/arm-none-eabi/5.4.1/armv7e-m/fpu\libgcc.a
LOAD c:/ac6/systemworkbench/plugins/fr.ac6.mcu.externaltools.arm-none.win32_1.13.3.201707031232/tools/compiler/bin/../lib/gcc/arm-none-eabi/5.4.1/../../../../arm-none-eabi/lib/armv7e-m/fpu\libc_nano.a
LOAD c:/ac6/systemworkbench/plugins/fr.ac6.mcu.externaltools.arm-none.win32_1.13.3.201707031232/tools/compiler/bin/../lib/gcc/arm-none-eabi/5.4.1/../../../../arm-none-eabi/lib/armv7e-m/fpu\libnosys.a
END GROUP
START GROUP
LOAD c:/ac6/systemworkbench/plugins/fr.ac6.mcu.externaltools.arm-none.win32_1.13.3.201707031232/tools/compiler/bin/../lib/gcc/arm-none-eabi/5.4.1/armv7e-m/fpu\libgcc.a
LOAD c:/ac6/systemworkbench/plugins/fr.ac6.mcu.externaltools.arm-none.win32_1.13.3.201707031232/tools/compiler/bin/../lib/gcc/arm-none-eabi/5.4.1/../../../../arm-none-eabi/lib/armv7e-m/fpu\libc_nano.a
LOAD c:/ac6/systemworkbench/plugins/fr.ac6.mcu.externaltools.arm-none.win32_1.13.3.201707031232/tools/compiler/bin/../lib/gcc/arm-none-eabi/5.4.1/../../../../arm-none-eabi/lib/armv7e-m/fpu\libnosys.a
END GROUP
LOAD c:/ac6/systemworkbench/plugins/fr.ac6.mcu.externaltools.arm-none.win32_1.13.3.201707031232/tools/compiler/bin/../lib/gcc/arm-none-eabi/5.4.1/armv7e-m/fpu/crtend.o
LOAD c:/ac6/systemworkbench/plugins/fr.ac6.mcu.externaltools.arm-none.win32_1.13.3.201707031232/tools/compiler/bin/../lib/gcc/arm-none-eabi/5.4.1/armv7e-m/fpu/crtn.o
                0x20020000                _estack = 0x20020000
                0x00000200                _Min_Heap_Size = 0x200
                0x00000400                _Min_Stack_Size = 0x400

.isr_vector     0x08000000      0x1c4
                0x08000000                . = ALIGN (0x4)
 *(.isr_vector)
 .isr_vector    0x08000000      0x1c4 startup/startup_stm32f446xx.o
                0x08000000                g_pfnVectors
                0x080001c4                . = ALIGN (0x4)

.text           0x080001d0     0x3ef8
                0x080001d0                . = ALIGN (0x4)
 *(.text)
 .text          0x080001d0       0x5c c:/ac6/systemworkbench/plugins/fr.ac6.mcu.externaltools.arm-none.win32_1.13.3.201707031232/tools/compiler/bin/../lib/gcc/arm-none-eabi/5.4.1/armv7e-m/fpu/crtbegin.o
 .text          0x0800022c       0x30 c:/ac6/systemworkbench/plugins/fr.ac6.mcu.externaltools.arm-none.win32_1.13.3.201707031232/tools/compiler/bin/../lib/gcc/arm-none-eabi/5.4.1/armv7e-m/fpu\libgcc.a(_aeabi_uldivmod.o)
                0x0800022c                __aeabi_uldivmod
 .text          0x0800025c      0x2e4 c:/ac6/systemworkbench/plugins/fr.ac6.mcu.externaltools.arm-none.win32_1.13.3.201707031232/tools/compiler/bin/../lib/gcc/arm-none-eabi/5.4.1/armv7e-m/fpu\libgcc.a(_udivmoddi4.o)
                0x0800025c                __udivmoddi4
 .text          0x08000540        0x4 c:/ac6/systemworkbench/plugins/fr.ac6.mcu.externaltools.arm-none.win32_1.13.3.201707031232/tools/compiler/bin/../lib/gcc/arm-none-eabi/5.4.1/armv7e-m/fpu\libgcc.a(_dvmd_tls.o)
                0x08000540                __aeabi_idiv0
                0x08000540                __aeabi_ldiv0
 .text          0x08000544       0x14 c:/ac6/systemworkbench/plugins/fr.ac6.mcu.externaltools.arm-none.win32_1.13.3.201707031232/tools/compiler/bin/../lib/gcc/arm-none-eabi/5.4.1/../../../../arm-none-eabi/lib/armv7e-m/fpu\libc_nano.a(lib_a-strcmp.o)
                0x08000544                strcmp
 .text          0x08000558       0x10 c:/ac6/systemworkbench/plugins/fr.ac6.mcu.externaltools.arm-none.win32_1.13.3.201707031232/tools/compiler/bin/../lib/gcc/arm-none-eabi/5.4.1/../../../../arm-none-eabi/lib/armv7e-m/fpu\libc_nano.a(lib_a-strlen.o)
                0x08000558                strlen
 *fill*         0x08000568        0x8 
 .text          0x08000570       0xa0 c:/ac6/systemworkbench/plugins/fr.ac6.mcu.externaltools.arm-none.win32_1.13.3.201707031232/tools/compiler/bin/../lib/gcc/arm-none-eabi/5.4.1/../../../../arm-none-eabi/lib/armv7e-m/fpu\libc_nano.a(lib_a-memchr.o)
                0x08000570                memchr
 *(.text*)
 .text.HAL_InitTick
                0x08000610       0x48 Drivers/STM32F4xx_HAL_Driver/Src/stm32f4xx_hal.o
                0x08000610                HAL_InitTick
 .text.HAL_Init
                0x08000658       0x34 Drivers/STM32F4xx_HAL_Driver/Src/stm32f4xx_hal.o
                0x08000658                HAL_Init
 .text.HAL_IncTick
                0x0800068c       0x18 Drivers/STM32F4xx_HAL_Driver/Src/stm32f4xx_hal.o
                0x0800068c                HAL_IncTick
 .text.HAL_GetTick
                0x080006a4        0xc Drivers/STM32F4xx_HAL_Driver/Src/stm32f4xx_hal.o
                0x080006a4                HAL_GetTick
 .text.HAL_Delay
                0x080006b0       0x28 Drivers/STM32F4xx_HAL_Driver/Src/stm32f4xx_hal.o
                0x080006b0                HAL_Delay
 .text.HAL_NVIC_SetPriorityGrouping
                0x080006d8       0x24 Drivers/STM32F4xx_HAL_Driver/Src/stm32f4xx_hal_cortex.o
                0x080006d8                HAL_NVIC_SetPriorityGrouping
 .text.HAL_NVIC_SetPriority
                0x080006fc       0x64 Drivers/STM32F4xx_HAL_Driver/Src/stm32f4xx_hal_cortex.o
                0x080006fc                HAL_NVIC_SetPriority
 .text.HAL_SYSTICK_Config
                0x08000760       0x2c Drivers/STM32F4xx_HAL_Driver/Src/stm32f4xx_hal_cortex.o
                0x08000760                HAL_SYSTICK_Config
 .text.HAL_SYSTICK_CLKSourceConfig
                0x0800078c       0x20 Drivers/STM32F4xx_HAL_Driver/Src/stm32f4xx_hal_cortex.o
                0x0800078c                HAL_SYSTICK_CLKSourceConfig
 .text.HAL_SYSTICK_Callback
                0x080007ac        0x4 Drivers/STM32F4xx_HAL_Driver/Src/stm32f4xx_hal_cortex.o
                0x080007ac                HAL_SYSTICK_Callback
 .text.HAL_SYSTICK_IRQHandler
                0x080007b0        0x8 Drivers/STM32F4xx_HAL_Driver/Src/stm32f4xx_hal_cortex.o
                0x080007b0                HAL_SYSTICK_IRQHandler
 .text.HAL_GPIO_Init
                0x080007b8      0x1b4 Drivers/STM32F4xx_HAL_Driver/Src/stm32f4xx_hal_gpio.o
                0x080007b8                HAL_GPIO_Init
 .text.HAL_GPIO_WritePin
                0x0800096c        0xc Drivers/STM32F4xx_HAL_Driver/Src/stm32f4xx_hal_gpio.o
                0x0800096c                HAL_GPIO_WritePin
 .text.I2C_IsAcknowledgeFailed
                0x08000978       0x2c Drivers/STM32F4xx_HAL_Driver/Src/stm32f4xx_hal_i2c.o
 .text.I2C_WaitOnFlagUntilTimeout
                0x080009a4       0x68 Drivers/STM32F4xx_HAL_Driver/Src/stm32f4xx_hal_i2c.o
 .text.I2C_WaitOnMasterAddressFlagUntilTimeout
                0x08000a0c       0x94 Drivers/STM32F4xx_HAL_Driver/Src/stm32f4xx_hal_i2c.o
 .text.I2C_MasterRequestWrite
                0x08000aa0       0xbc Drivers/STM32F4xx_HAL_Driver/Src/stm32f4xx_hal_i2c.o
 .text.I2C_MasterRequestRead
                0x08000b5c      0x120 Drivers/STM32F4xx_HAL_Driver/Src/stm32f4xx_hal_i2c.o
 .text.I2C_WaitOnTXEFlagUntilTimeout
                0x08000c7c       0x50 Drivers/STM32F4xx_HAL_Driver/Src/stm32f4xx_hal_i2c.o
 .text.I2C_WaitOnBTFFlagUntilTimeout
                0x08000ccc       0x50 Drivers/STM32F4xx_HAL_Driver/Src/stm32f4xx_hal_i2c.o
 .text.I2C_WaitOnRXNEFlagUntilTimeout
                0x08000d1c       0x60 Drivers/STM32F4xx_HAL_Driver/Src/stm32f4xx_hal_i2c.o
 .text.HAL_I2C_Init
                0x08000d7c      0x11c Drivers/STM32F4xx_HAL_Driver/Src/stm32f4xx_hal_i2c.o
                0x08000d7c                HAL_I2C_Init
 .text.HAL_I2C_Master_Transmit
                0x08000e98      0x180 Drivers/STM32F4xx_HAL_Driver/Src/stm32f4xx_hal_i2c.o
                0x08000e98                HAL_I2C_Master_Transmit
 .text.HAL_I2C_Master_Receive
                0x08001018      0x300 Drivers/STM32F4xx_HAL_Driver/Src/stm32f4xx_hal_i2c.o
                0x08001018                HAL_I2C_Master_Receive
 .text.HAL_RCC_ClockConfig
                0x08001318      0x160 Drivers/STM32F4xx_HAL_Driver/Src/stm32f4xx_hal_rcc.o
                0x08001318                HAL_RCC_ClockConfig
 .text.HAL_RCC_GetHCLKFreq
                0x08001478        0xc Drivers/STM32F4xx_HAL_Driver/Src/stm32f4xx_hal_rcc.o
                0x08001478                HAL_RCC_GetHCLKFreq
 .text.HAL_RCC_GetPCLK1Freq
                0x08001484       0x20 Drivers/STM32F4xx_HAL_Driver/Src/stm32f4xx_hal_rcc.o
                0x08001484                HAL_RCC_GetPCLK1Freq
 .text.HAL_RCC_GetPCLK2Freq
                0x080014a4       0x20 Drivers/STM32F4xx_HAL_Driver/Src/stm32f4xx_hal_rcc.o
                0x080014a4                HAL_RCC_GetPCLK2Freq
 .text.HAL_RCC_GetSysClockFreq
                0x080014c4      0x118 Drivers/STM32F4xx_HAL_Driver/Src/stm32f4xx_hal_rcc_ex.o
                0x080014c4                HAL_RCC_GetSysClockFreq
 .text.HAL_RCC_OscConfig
                0x080015dc      0x3e8 Drivers/STM32F4xx_HAL_Driver/Src/stm32f4xx_hal_rcc_ex.o
                0x080015dc                HAL_RCC_OscConfig
 .text.UART_SetConfig
                0x080019c4      0x32c Drivers/STM32F4xx_HAL_Driver/Src/stm32f4xx_hal_uart.o
 .text.UART_WaitOnFlagUntilTimeout
                0x08001cf0       0x68 Drivers/STM32F4xx_HAL_Driver/Src/stm32f4xx_hal_uart.o
 .text.HAL_UART_Init
                0x08001d58       0x64 Drivers/STM32F4xx_HAL_Driver/Src/stm32f4xx_hal_uart.o
                0x08001d58                HAL_UART_Init
 .text.HAL_UART_Transmit
                0x08001dbc       0xe4 Drivers/STM32F4xx_HAL_Driver/Src/stm32f4xx_hal_uart.o
                0x08001dbc                HAL_UART_Transmit
 .text.HAL_UART_Receive_IT
                0x08001ea0       0x54 Drivers/STM32F4xx_HAL_Driver/Src/stm32f4xx_hal_uart.o
                0x08001ea0                HAL_UART_Receive_IT
 .text.wrap     0x08001ef4       0x2c Src/PuttyInterface.o
 .text.TextOut  0x08001f20       0x1c Src/PuttyInterface.o
                0x08001f20                TextOut
 .text.ClearLine
                0x08001f3c       0x10 Src/PuttyInterface.o
 .text.HandlePcInput
                0x08001f4c      0x16c Src/PuttyInterface.o
                0x08001f4c                HandlePcInput
 .text.PuttyInterface_Init
                0x080020b8       0x50 Src/PuttyInterface.o
                0x080020b8                PuttyInterface_Init
 .text.PuttyInterface_Update
                0x08002108       0x28 Src/PuttyInterface.o
                0x08002108                PuttyInterface_Update
 .text.MX_GPIO_Init
                0x08002130       0x84 Src/gpio.o
                0x08002130                MX_GPIO_Init
 .text.MX_I2C1_Init
                0x080021b4       0x40 Src/i2c.o
                0x080021b4                MX_I2C1_Init
 .text.HAL_I2C_MspInit
                0x080021f4       0x58 Src/i2c.o
                0x080021f4                HAL_I2C_MspInit
 .text.HandleCommand
                0x0800224c       0x80 Src/main.o
                0x0800224c                HandleCommand
 .text.Sample_SimpleRanging
                0x080022cc       0x94 Src/main.o
                0x080022cc                Sample_SimpleRanging
 .text.OnErrLog
                0x08002360       0x10 Src/main.o
                0x08002360                OnErrLog
 .text._Error_Handler
                0x08002370        0x4 Src/main.o
                0x08002370                _Error_Handler
 .text.SystemClock_Config
                0x08002374       0xac Src/main.o
                0x08002374                SystemClock_Config
 .text.main     0x08002420       0x2c Src/main.o
                0x08002420                main
 .text.HAL_MspInit
                0x0800244c       0x60 Src/stm32f4xx_hal_msp.o
                0x0800244c                HAL_MspInit
 .text.NMI_Handler
                0x080024ac        0x4 Src/stm32f4xx_it.o
                0x080024ac                NMI_Handler
 .text.HardFault_Handler
                0x080024b0        0x4 Src/stm32f4xx_it.o
                0x080024b0                HardFault_Handler
 .text.MemManage_Handler
                0x080024b4        0x4 Src/stm32f4xx_it.o
                0x080024b4                MemManage_Handler
 .text.BusFault_Handler
                0x080024b8        0x4 Src/stm32f4xx_it.o
                0x080024b8                BusFault_Handler
 .text.UsageFault_Handler
                0x080024bc        0x4 Src/stm32f4xx_it.o
                0x080024bc                UsageFault_Handler
 .text.SVC_Handler
                0x080024c0        0x4 Src/stm32f4xx_it.o
                0x080024c0                SVC_Handler
 .text.DebugMon_Handler
                0x080024c4        0x4 Src/stm32f4xx_it.o
                0x080024c4                DebugMon_Handler
 .text.PendSV_Handler
                0x080024c8        0x4 Src/stm32f4xx_it.o
                0x080024c8                PendSV_Handler
 .text.SysTick_Handler
                0x080024cc        0xc Src/stm32f4xx_it.o
                0x080024cc                SysTick_Handler
 .text.SystemInit
                0x080024d8       0x4c Src/system_stm32f4xx.o
                0x080024d8                SystemInit
 .text.MX_USART2_UART_Init
                0x08002524       0x3c Src/usart.o
                0x08002524                MX_USART2_UART_Init
 .text.HAL_UART_MspInit
                0x08002560       0x54 Src/usart.o
                0x08002560                HAL_UART_MspInit
 .text._filter_Init
                0x080025b4       0x4c Src/vl6180x_api.o
 .text._filter_StdDevDamper
                0x08002600       0x40 Src/vl6180x_api.o
 .text._GetAveTotalTime
                0x08002640       0x54 Src/vl6180x_api.o
 .text._GetRateResult
                0x08002694       0xa8 Src/vl6180x_api.o
 .text.VL6180x_RangeSetEarlyConvergenceEestimateThreshold
                0x0800273c       0x88 Src/vl6180x_api.o
 .text._filter_Start
                0x080027c4      0x4d8 Src/vl6180x_api.o
 .text._filter_GetResult
                0x08002c9c       0x54 Src/vl6180x_api.o
 .text._UpscaleInitPatch0
                0x08002cf0       0x14 Src/vl6180x_api.o
 .text.VL6180x_AlsConfigInterrupt
                0x08002d04       0x20 Src/vl6180x_api.o
                0x08002d04                VL6180x_AlsConfigInterrupt
 .text.VL6180x_AlsSetThresholds
                0x08002d24       0x24 Src/vl6180x_api.o
                0x08002d24                VL6180x_AlsSetThresholds
 .text.VL6180x_AlsSetAnalogueGain
                0x08002d48       0x28 Src/vl6180x_api.o
                0x08002d48                VL6180x_AlsSetAnalogueGain
 .text.VL6180x_AlsSetInterMeasurementPeriod
                0x08002d70       0x24 Src/vl6180x_api.o
                0x08002d70                VL6180x_AlsSetInterMeasurementPeriod
 .text.VL6180x_AlsSetIntegrationPeriod
                0x08002d94       0x38 Src/vl6180x_api.o
                0x08002d94                VL6180x_AlsSetIntegrationPeriod
 .text.VL6180x_RangeGetResult
                0x08002dcc       0x2c Src/vl6180x_api.o
                0x08002dcc                VL6180x_RangeGetResult
 .text.VL6180x_RangeSetRawThresholds
                0x08002df8       0x20 Src/vl6180x_api.o
                0x08002df8                VL6180x_RangeSetRawThresholds
 .text.VL6180x_RangeGetInterruptStatus
                0x08002e18       0x20 Src/vl6180x_api.o
                0x08002e18                VL6180x_RangeGetInterruptStatus
 .text.VL6180x_ClearInterrupt
                0x08002e38       0x18 Src/vl6180x_api.o
                0x08002e38                VL6180x_ClearInterrupt
 .text.VL6180x_RangeConfigInterrupt
                0x08002e50       0x1c Src/vl6180x_api.o
                0x08002e50                VL6180x_RangeConfigInterrupt
 .text.VL6180x_RangeSetEceState
                0x08002e6c       0x14 Src/vl6180x_api.o
                0x08002e6c                VL6180x_RangeSetEceState
 .text.VL6180x_UpscaleSetScaling
                0x08002e80       0x64 Src/vl6180x_api.o
                0x08002e80                VL6180x_UpscaleSetScaling
 .text.VL6180x_RangeSetSystemMode
                0x08002ee4       0x20 Src/vl6180x_api.o
                0x08002ee4                VL6180x_RangeSetSystemMode
 .text.VL6180x_SqrtUint32
                0x08002f04       0x2c Src/vl6180x_api.o
                0x08002f04                VL6180x_SqrtUint32
 .text._DMax_RawValueAtRateKCps
                0x08002f30       0x50 Src/vl6180x_api.o
 .text._DMax_InitData
                0x08002f80      0x128 Src/vl6180x_api.o
 .text.VL6180x_RangeSetMaxConvergenceTime
                0x080030a8       0x28 Src/vl6180x_api.o
                0x080030a8                VL6180x_RangeSetMaxConvergenceTime
 .text.VL6180x_UpscaleRegInit
                0x080030d0      0x19c Src/vl6180x_api.o
                0x080030d0                VL6180x_UpscaleRegInit
 .text.VL6180x_UpscaleStaticInit
                0x0800326c       0x30 Src/vl6180x_api.o
 .text.VL6180x_StaticInit
                0x0800329c       0x68 Src/vl6180x_api.o
                0x0800329c                VL6180x_StaticInit
 .text.VL6180x_Prepare
                0x08003304       0x84 Src/vl6180x_api.o
                0x08003304                VL6180x_Prepare
 .text._DMax_Compute
                0x08003388       0x50 Src/vl6180x_api.o
 .text.VL6180x_RangeGetMeasurement
                0x080033d8       0x98 Src/vl6180x_api.o
                0x080033d8                VL6180x_RangeGetMeasurement
 .text.VL6180x_RangePollMeasurement
                0x08003470       0x68 Src/vl6180x_api.o
                0x08003470                VL6180x_RangePollMeasurement
 .text._DMax_OneTimeInit
                0x080034d8        0xc Src/vl6180x_api.o
                0x080034d8                _DMax_OneTimeInit
 .text.VL6180x_InitData
                0x080034e4       0xd8 Src/vl6180x_api.o
                0x080034e4                VL6180x_InitData
 .text.VL6180x_I2CWrite
                0x080035bc       0x28 Src/vl6180x_i2c.o
                0x080035bc                VL6180x_I2CWrite
 .text.VL6180x_I2CRead
                0x080035e4       0x28 Src/vl6180x_i2c.o
                0x080035e4                VL6180x_I2CRead
 .text.VL6180x_WrByte
                0x0800360c       0x20 Src/vl6180x_i2c.o
                0x0800360c                VL6180x_WrByte
 .text.VL6180x_WrWord
                0x0800362c       0x28 Src/vl6180x_i2c.o
                0x0800362c                VL6180x_WrWord
 .text.VL6180x_WrDWord
                0x08003654       0x34 Src/vl6180x_i2c.o
                0x08003654                VL6180x_WrDWord
 .text.VL6180x_UpdateByte
                0x08003688       0x50 Src/vl6180x_i2c.o
                0x08003688                VL6180x_UpdateByte
 .text.VL6180x_RdByte
                0x080036d8       0x38 Src/vl6180x_i2c.o
                0x080036d8                VL6180x_RdByte
 .text.VL6180x_RdWord
                0x08003710       0x40 Src/vl6180x_i2c.o
                0x08003710                VL6180x_RdWord
 .text.VL6180x_RdDWord
                0x08003750       0x50 Src/vl6180x_i2c.o
                0x08003750                VL6180x_RdDWord
 .text.Reset_Handler
                0x080037a0       0x50 startup/startup_stm32f446xx.o
                0x080037a0                Reset_Handler
 .text.Default_Handler
                0x080037f0        0x2 startup/startup_stm32f446xx.o
                0x080037f0                RTC_Alarm_IRQHandler
                0x080037f0                EXTI2_IRQHandler
                0x080037f0                TIM8_CC_IRQHandler
                0x080037f0                SPI4_IRQHandler
                0x080037f0                TIM1_CC_IRQHandler
                0x080037f0                DMA2_Stream5_IRQHandler
                0x080037f0                DMA1_Stream5_IRQHandler
                0x080037f0                PVD_IRQHandler
                0x080037f0                SDIO_IRQHandler
                0x080037f0                TAMP_STAMP_IRQHandler
                0x080037f0                CAN2_RX1_IRQHandler
                0x080037f0                EXTI3_IRQHandler
                0x080037f0                TIM8_TRG_COM_TIM14_IRQHandler
                0x080037f0                TIM1_UP_TIM10_IRQHandler
                0x080037f0                TIM8_UP_TIM13_IRQHandler
                0x080037f0                I2C3_ER_IRQHandler
                0x080037f0                FMPI2C1_Event_IRQHandler
                0x080037f0                EXTI0_IRQHandler
                0x080037f0                I2C2_EV_IRQHandler
                0x080037f0                DMA1_Stream2_IRQHandler
                0x080037f0                CAN1_RX0_IRQHandler
                0x080037f0                FPU_IRQHandler
                0x080037f0                OTG_HS_WKUP_IRQHandler
                0x080037f0                CAN2_SCE_IRQHandler
                0x080037f0                DMA2_Stream2_IRQHandler
                0x080037f0                SPI1_IRQHandler
                0x080037f0                TIM6_DAC_IRQHandler
                0x080037f0                TIM1_BRK_TIM9_IRQHandler
                0x080037f0                DCMI_IRQHandler
                0x080037f0                CAN2_RX0_IRQHandler
                0x080037f0                DMA2_Stream3_IRQHandler
                0x080037f0                SAI2_IRQHandler
                0x080037f0                USART6_IRQHandler
                0x080037f0                USART3_IRQHandler
                0x080037f0                CAN1_RX1_IRQHandler
                0x080037f0                UART5_IRQHandler
                0x080037f0                DMA2_Stream0_IRQHandler
                0x080037f0                TIM4_IRQHandler
                0x080037f0                QUADSPI_IRQHandler
                0x080037f0                I2C1_EV_IRQHandler
                0x080037f0                DMA1_Stream6_IRQHandler
                0x080037f0                DMA1_Stream1_IRQHandler
                0x080037f0                UART4_IRQHandler
                0x080037f0                TIM3_IRQHandler
                0x080037f0                RCC_IRQHandler
                0x080037f0                TIM8_BRK_TIM12_IRQHandler
                0x080037f0                Default_Handler
                0x080037f0                CEC_IRQHandler
                0x080037f0                EXTI15_10_IRQHandler
                0x080037f0                ADC_IRQHandler
                0x080037f0                DMA1_Stream7_IRQHandler
                0x080037f0                TIM7_IRQHandler
                0x080037f0                CAN2_TX_IRQHandler
                0x080037f0                TIM5_IRQHandler
                0x080037f0                DMA2_Stream7_IRQHandler
                0x080037f0                I2C3_EV_IRQHandler
                0x080037f0                EXTI9_5_IRQHandler
                0x080037f0                RTC_WKUP_IRQHandler
                0x080037f0                SPDIF_RX_IRQHandler
                0x080037f0                SPI2_IRQHandler
                0x080037f0                OTG_HS_EP1_IN_IRQHandler
                0x080037f0                DMA1_Stream0_IRQHandler
                0x080037f0                CAN1_TX_IRQHandler
                0x080037f0                EXTI4_IRQHandler
                0x080037f0                OTG_HS_EP1_OUT_IRQHandler
                0x080037f0                WWDG_IRQHandler
                0x080037f0                TIM2_IRQHandler
                0x080037f0                OTG_FS_WKUP_IRQHandler
                0x080037f0                TIM1_TRG_COM_TIM11_IRQHandler
                0x080037f0                OTG_HS_IRQHandler
                0x080037f0                EXTI1_IRQHandler
                0x080037f0                USART2_IRQHandler
                0x080037f0                I2C2_ER_IRQHandler
                0x080037f0                DMA2_Stream1_IRQHandler
                0x080037f0                CAN1_SCE_IRQHandler
                0x080037f0                FLASH_IRQHandler
                0x080037f0                DMA2_Stream4_IRQHandler
                0x080037f0                USART1_IRQHandler
                0x080037f0                OTG_FS_IRQHandler
                0x080037f0                SPI3_IRQHandler
                0x080037f0                DMA1_Stream4_IRQHandler
                0x080037f0                I2C1_ER_IRQHandler
                0x080037f0                FMC_IRQHandler
                0x080037f0                DMA2_Stream6_IRQHandler
                0x080037f0                SAI1_IRQHandler
                0x080037f0                DMA1_Stream3_IRQHandler
                0x080037f0                FMPI2C1_Error_IRQHandler
 *fill*         0x080037f2        0x2 
 .text.__libc_init_array
                0x080037f4       0x4c c:/ac6/systemworkbench/plugins/fr.ac6.mcu.externaltools.arm-none.win32_1.13.3.201707031232/tools/compiler/bin/../lib/gcc/arm-none-eabi/5.4.1/../../../../arm-none-eabi/lib/armv7e-m/fpu\libc_nano.a(lib_a-init.o)
                0x080037f4                __libc_init_array
 .text.sprintf  0x08003840       0x48 c:/ac6/systemworkbench/plugins/fr.ac6.mcu.externaltools.arm-none.win32_1.13.3.201707031232/tools/compiler/bin/../lib/gcc/arm-none-eabi/5.4.1/../../../../arm-none-eabi/lib/armv7e-m/fpu\libc_nano.a(lib_a-sprintf.o)
                0x08003840                siprintf
                0x08003840                sprintf
 .text.strcpy   0x08003888       0x10 c:/ac6/systemworkbench/plugins/fr.ac6.mcu.externaltools.arm-none.win32_1.13.3.201707031232/tools/compiler/bin/../lib/gcc/arm-none-eabi/5.4.1/../../../../arm-none-eabi/lib/armv7e-m/fpu\libc_nano.a(lib_a-strcpy.o)
                0x08003888                strcpy
 .text.__ssputs_r
                0x08003898       0xb2 c:/ac6/systemworkbench/plugins/fr.ac6.mcu.externaltools.arm-none.win32_1.13.3.201707031232/tools/compiler/bin/../lib/gcc/arm-none-eabi/5.4.1/../../../../arm-none-eabi/lib/armv7e-m/fpu\libc_nano.a(lib_a-nano-svfprintf.o)
                0x08003898                __ssputs_r
 *fill*         0x0800394a        0x2 
 .text._svfprintf_r
                0x0800394c      0x1e8 c:/ac6/systemworkbench/plugins/fr.ac6.mcu.externaltools.arm-none.win32_1.13.3.201707031232/tools/compiler/bin/../lib/gcc/arm-none-eabi/5.4.1/../../../../arm-none-eabi/lib/armv7e-m/fpu\libc_nano.a(lib_a-nano-svfprintf.o)
                0x0800394c                _svfiprintf_r
                0x0800394c                _svfprintf_r
 .text._printf_common
                0x08003b34       0xec c:/ac6/systemworkbench/plugins/fr.ac6.mcu.externaltools.arm-none.win32_1.13.3.201707031232/tools/compiler/bin/../lib/gcc/arm-none-eabi/5.4.1/../../../../arm-none-eabi/lib/armv7e-m/fpu\libc_nano.a(lib_a-nano-vfprintf_i.o)
                0x08003b34                _printf_common
 .text._printf_i
                0x08003c20      0x24c c:/ac6/systemworkbench/plugins/fr.ac6.mcu.externaltools.arm-none.win32_1.13.3.201707031232/tools/compiler/bin/../lib/gcc/arm-none-eabi/5.4.1/../../../../arm-none-eabi/lib/armv7e-m/fpu\libc_nano.a(lib_a-nano-vfprintf_i.o)
                0x08003c20                _printf_i
 .text.memcpy   0x08003e6c       0x16 c:/ac6/systemworkbench/plugins/fr.ac6.mcu.externaltools.arm-none.win32_1.13.3.201707031232/tools/compiler/bin/../lib/gcc/arm-none-eabi/5.4.1/../../../../arm-none-eabi/lib/armv7e-m/fpu\libc_nano.a(lib_a-memcpy-stub.o)
                0x08003e6c                memcpy
 .text.memmove  0x08003e82       0x36 c:/ac6/systemworkbench/plugins/fr.ac6.mcu.externaltools.arm-none.win32_1.13.3.201707031232/tools/compiler/bin/../lib/gcc/arm-none-eabi/5.4.1/../../../../arm-none-eabi/lib/armv7e-m/fpu\libc_nano.a(lib_a-memmove.o)
                0x08003e82                memmove
 .text._free_r  0x08003eb8       0x9c c:/ac6/systemworkbench/plugins/fr.ac6.mcu.externaltools.arm-none.win32_1.13.3.201707031232/tools/compiler/bin/../lib/gcc/arm-none-eabi/5.4.1/../../../../arm-none-eabi/lib/armv7e-m/fpu\libc_nano.a(lib_a-nano-freer.o)
                0x08003eb8                _free_r
 .text._malloc_r
                0x08003f54       0xbc c:/ac6/systemworkbench/plugins/fr.ac6.mcu.externaltools.arm-none.win32_1.13.3.201707031232/tools/compiler/bin/../lib/gcc/arm-none-eabi/5.4.1/../../../../arm-none-eabi/lib/armv7e-m/fpu\libc_nano.a(lib_a-nano-mallocr.o)
                0x08003f54                _malloc_r
 .text._realloc_r
                0x08004010       0x4c c:/ac6/systemworkbench/plugins/fr.ac6.mcu.externaltools.arm-none.win32_1.13.3.201707031232/tools/compiler/bin/../lib/gcc/arm-none-eabi/5.4.1/../../../../arm-none-eabi/lib/armv7e-m/fpu\libc_nano.a(lib_a-nano-reallocr.o)
                0x08004010                _realloc_r
 .text._sbrk_r  0x0800405c       0x20 c:/ac6/systemworkbench/plugins/fr.ac6.mcu.externaltools.arm-none.win32_1.13.3.201707031232/tools/compiler/bin/../lib/gcc/arm-none-eabi/5.4.1/../../../../arm-none-eabi/lib/armv7e-m/fpu\libc_nano.a(lib_a-sbrkr.o)
                0x0800405c                _sbrk_r
 .text.__malloc_lock
                0x0800407c        0x2 c:/ac6/systemworkbench/plugins/fr.ac6.mcu.externaltools.arm-none.win32_1.13.3.201707031232/tools/compiler/bin/../lib/gcc/arm-none-eabi/5.4.1/../../../../arm-none-eabi/lib/armv7e-m/fpu\libc_nano.a(lib_a-mlock.o)
                0x0800407c                __malloc_lock
 .text.__malloc_unlock
                0x0800407e        0x2 c:/ac6/systemworkbench/plugins/fr.ac6.mcu.externaltools.arm-none.win32_1.13.3.201707031232/tools/compiler/bin/../lib/gcc/arm-none-eabi/5.4.1/../../../../arm-none-eabi/lib/armv7e-m/fpu\libc_nano.a(lib_a-mlock.o)
                0x0800407e                __malloc_unlock
 .text._malloc_usable_size_r
                0x08004080       0x14 c:/ac6/systemworkbench/plugins/fr.ac6.mcu.externaltools.arm-none.win32_1.13.3.201707031232/tools/compiler/bin/../lib/gcc/arm-none-eabi/5.4.1/../../../../arm-none-eabi/lib/armv7e-m/fpu\libc_nano.a(lib_a-nano-msizer.o)
                0x08004080                _malloc_usable_size_r
 .text._sbrk    0x08004094       0x1c c:/ac6/systemworkbench/plugins/fr.ac6.mcu.externaltools.arm-none.win32_1.13.3.201707031232/tools/compiler/bin/../lib/gcc/arm-none-eabi/5.4.1/../../../../arm-none-eabi/lib/armv7e-m/fpu\libnosys.a(sbrk.o)
                0x08004094                _sbrk
 *(.glue_7)
 .glue_7        0x080040b0        0x0 linker stubs
 *(.glue_7t)
 .glue_7t       0x080040b0        0x0 linker stubs
 *(.eh_frame)
 .eh_frame      0x080040b0        0x0 c:/ac6/systemworkbench/plugins/fr.ac6.mcu.externaltools.arm-none.win32_1.13.3.201707031232/tools/compiler/bin/../lib/gcc/arm-none-eabi/5.4.1/armv7e-m/fpu/crtbegin.o
 *(.init)
 .init          0x080040b0        0x4 c:/ac6/systemworkbench/plugins/fr.ac6.mcu.externaltools.arm-none.win32_1.13.3.201707031232/tools/compiler/bin/../lib/gcc/arm-none-eabi/5.4.1/armv7e-m/fpu/crti.o
                0x080040b0                _init
 .init          0x080040b4        0x8 c:/ac6/systemworkbench/plugins/fr.ac6.mcu.externaltools.arm-none.win32_1.13.3.201707031232/tools/compiler/bin/../lib/gcc/arm-none-eabi/5.4.1/armv7e-m/fpu/crtn.o
 *(.fini)
 .fini          0x080040bc        0x4 c:/ac6/systemworkbench/plugins/fr.ac6.mcu.externaltools.arm-none.win32_1.13.3.201707031232/tools/compiler/bin/../lib/gcc/arm-none-eabi/5.4.1/armv7e-m/fpu/crti.o
                0x080040bc                _fini
 .fini          0x080040c0        0x8 c:/ac6/systemworkbench/plugins/fr.ac6.mcu.externaltools.arm-none.win32_1.13.3.201707031232/tools/compiler/bin/../lib/gcc/arm-none-eabi/5.4.1/armv7e-m/fpu/crtn.o
                0x080040c8                . = ALIGN (0x4)
                0x080040c8                _etext = .

.vfp11_veneer   0x080040c8        0x0
 .vfp11_veneer  0x080040c8        0x0 linker stubs

.v4_bx          0x080040c8        0x0
 .v4_bx         0x080040c8        0x0 linker stubs

.iplt           0x080040c8        0x0
 .iplt          0x080040c8        0x0 c:/ac6/systemworkbench/plugins/fr.ac6.mcu.externaltools.arm-none.win32_1.13.3.201707031232/tools/compiler/bin/../lib/gcc/arm-none-eabi/5.4.1/armv7e-m/fpu/crtbegin.o

.rodata         0x080040c8      0x2b0
                0x080040c8                . = ALIGN (0x4)
 *(.rodata)
 .rodata        0x080040c8       0x18 Src/system_stm32f4xx.o
                0x080040c8                AHBPrescTable
                0x080040d8                APBPrescTable
 .rodata        0x080040e0       0x1e Src/vl6180x_api.o
 *(.rodata*)
 *fill*         0x080040fe        0x2 
 .rodata.str1.4
                0x08004100       0x8b Src/PuttyInterface.o
                                 0x93 (size before relaxing)
 *fill*         0x0800418b        0x1 
 .rodata.str1.4
                0x0800418c        0xd Src/i2c.o
 *fill*         0x08004199        0x3 
 .rodata.str1.4
                0x0800419c       0x6e Src/main.o
 *fill*         0x0800420a        0x2 
 .rodata.str1.4
                0x0800420c        0xf Src/usart.o
 *fill*         0x0800421b        0x1 
 .rodata.str1.4
                0x0800421c      0x128 Src/vl6180x_api.o
                                0x158 (size before relaxing)
 .rodata.str1.1
                0x08004344       0x11 c:/ac6/systemworkbench/plugins/fr.ac6.mcu.externaltools.arm-none.win32_1.13.3.201707031232/tools/compiler/bin/../lib/gcc/arm-none-eabi/5.4.1/../../../../arm-none-eabi/lib/armv7e-m/fpu\libc_nano.a(lib_a-nano-svfprintf.o)
 .rodata.str1.1
                0x08004355       0x22 c:/ac6/systemworkbench/plugins/fr.ac6.mcu.externaltools.arm-none.win32_1.13.3.201707031232/tools/compiler/bin/../lib/gcc/arm-none-eabi/5.4.1/../../../../arm-none-eabi/lib/armv7e-m/fpu\libc_nano.a(lib_a-nano-vfprintf_i.o)
                0x08004378                . = ALIGN (0x4)
 *fill*         0x08004377        0x1 

.ARM.extab
 *(.ARM.extab* .gnu.linkonce.armextab.*)

.ARM            0x08004378        0x8
                0x08004378                __exidx_start = .
 *(.ARM.exidx*)
 .ARM.exidx     0x08004378        0x8 c:/ac6/systemworkbench/plugins/fr.ac6.mcu.externaltools.arm-none.win32_1.13.3.201707031232/tools/compiler/bin/../lib/gcc/arm-none-eabi/5.4.1/armv7e-m/fpu\libgcc.a(_udivmoddi4.o)
                0x08004380                __exidx_end = .

.rel.dyn        0x08004380        0x0
 .rel.iplt      0x08004380        0x0 c:/ac6/systemworkbench/plugins/fr.ac6.mcu.externaltools.arm-none.win32_1.13.3.201707031232/tools/compiler/bin/../lib/gcc/arm-none-eabi/5.4.1/armv7e-m/fpu/crtbegin.o

.preinit_array  0x08004380        0x0
                0x08004380                PROVIDE (__preinit_array_start, .)
 *(.preinit_array*)
                0x08004380                PROVIDE (__preinit_array_end, .)

.init_array     0x08004380        0x4
                0x08004380                PROVIDE (__init_array_start, .)
 *(SORT(.init_array.*))
 *(.init_array*)
 .init_array    0x08004380        0x4 c:/ac6/systemworkbench/plugins/fr.ac6.mcu.externaltools.arm-none.win32_1.13.3.201707031232/tools/compiler/bin/../lib/gcc/arm-none-eabi/5.4.1/armv7e-m/fpu/crtbegin.o
                0x08004384                PROVIDE (__init_array_end, .)

.fini_array     0x08004384        0x4
                [!provide]                PROVIDE (__fini_array_start, .)
 *(SORT(.fini_array.*))
 *(.fini_array*)
 .fini_array    0x08004384        0x4 c:/ac6/systemworkbench/plugins/fr.ac6.mcu.externaltools.arm-none.win32_1.13.3.201707031232/tools/compiler/bin/../lib/gcc/arm-none-eabi/5.4.1/armv7e-m/fpu/crtbegin.o
                [!provide]                PROVIDE (__fini_array_end, .)
                0x08004388                _sidata = LOADADDR (.data)

.data           0x20000000      0x124 load address 0x08004388
                0x20000000                . = ALIGN (0x4)
                0x20000000                _sdata = .
 *(.data)
 .data          0x20000000        0x8 Drivers/STM32F4xx_HAL_Driver/Src/stm32f4xx_hal.o
                0x20000000                uwTickFreq
                0x20000004                uwTickPrio
 .data          0x20000008        0x4 Src/system_stm32f4xx.o
                0x20000008                SystemCoreClock
 .data          0x2000000c       0xb4 Src/vl6180x_api.o
                0x2000000c                SingleVL6180xDevData
                0x2000007c                VL6180x_RangeStatusErrString
 *(.data*)
 .data.impure_data
                0x200000c0       0x60 c:/ac6/systemworkbench/plugins/fr.ac6.mcu.externaltools.arm-none.win32_1.13.3.201707031232/tools/compiler/bin/../lib/gcc/arm-none-eabi/5.4.1/../../../../arm-none-eabi/lib/armv7e-m/fpu\libc_nano.a(lib_a-impure.o)
 .data._impure_ptr
                0x20000120        0x4 c:/ac6/systemworkbench/plugins/fr.ac6.mcu.externaltools.arm-none.win32_1.13.3.201707031232/tools/compiler/bin/../lib/gcc/arm-none-eabi/5.4.1/../../../../arm-none-eabi/lib/armv7e-m/fpu\libc_nano.a(lib_a-impure.o)
                0x20000120                _impure_ptr
                0x20000124                . = ALIGN (0x4)
                0x20000124                _edata = .

.jcr            0x20000124        0x0 load address 0x080044ac
 .jcr           0x20000124        0x0 c:/ac6/systemworkbench/plugins/fr.ac6.mcu.externaltools.arm-none.win32_1.13.3.201707031232/tools/compiler/bin/../lib/gcc/arm-none-eabi/5.4.1/armv7e-m/fpu/crtbegin.o

.igot.plt       0x20000124        0x0 load address 0x080044ac
 .igot.plt      0x20000124        0x0 c:/ac6/systemworkbench/plugins/fr.ac6.mcu.externaltools.arm-none.win32_1.13.3.201707031232/tools/compiler/bin/../lib/gcc/arm-none-eabi/5.4.1/armv7e-m/fpu/crtbegin.o
                0x20000124                . = ALIGN (0x4)

.bss            0x20000124      0x8e4 load address 0x080044ac
                0x20000124                _sbss = .
                0x20000124                __bss_start__ = _sbss
 *(.bss)
 .bss           0x20000124       0x1c c:/ac6/systemworkbench/plugins/fr.ac6.mcu.externaltools.arm-none.win32_1.13.3.201707031232/tools/compiler/bin/../lib/gcc/arm-none-eabi/5.4.1/armv7e-m/fpu/crtbegin.o
 .bss           0x20000140      0x405 Src/PuttyInterface.o
 *fill*         0x20000545        0x3 
 .bss           0x20000548        0x4 Src/main.o
                0x20000548                nErr
 *(.bss*)
 .bss.__malloc_sbrk_start
                0x2000054c        0x4 c:/ac6/systemworkbench/plugins/fr.ac6.mcu.externaltools.arm-none.win32_1.13.3.201707031232/tools/compiler/bin/../lib/gcc/arm-none-eabi/5.4.1/../../../../arm-none-eabi/lib/armv7e-m/fpu\libc_nano.a(lib_a-nano-mallocr.o)
                0x2000054c                __malloc_sbrk_start
 .bss.__malloc_free_list
                0x20000550        0x4 c:/ac6/systemworkbench/plugins/fr.ac6.mcu.externaltools.arm-none.win32_1.13.3.201707031232/tools/compiler/bin/../lib/gcc/arm-none-eabi/5.4.1/../../../../arm-none-eabi/lib/armv7e-m/fpu\libc_nano.a(lib_a-nano-mallocr.o)
                0x20000550                __malloc_free_list
 .bss.heap_end.4169
                0x20000554        0x4 c:/ac6/systemworkbench/plugins/fr.ac6.mcu.externaltools.arm-none.win32_1.13.3.201707031232/tools/compiler/bin/../lib/gcc/arm-none-eabi/5.4.1/../../../../arm-none-eabi/lib/armv7e-m/fpu\libnosys.a(sbrk.o)
 *(COMMON)
 COMMON         0x20000558        0x4 Drivers/STM32F4xx_HAL_Driver/Src/stm32f4xx_hal.o
                0x20000558                uwTick
 COMMON         0x2000055c      0x400 Src/PuttyInterface.o
                0x2000055c                smallStrBuffer
 COMMON         0x2000095c       0x54 Src/i2c.o
                0x2000095c                hi2c1
 COMMON         0x200009b0       0x14 Src/main.o
                0x200009b0                pitd
                0x200009c0                range
 COMMON         0x200009c4       0x40 Src/usart.o
                0x200009c4                huart2
 COMMON         0x20000a04        0x4 c:/ac6/systemworkbench/plugins/fr.ac6.mcu.externaltools.arm-none.win32_1.13.3.201707031232/tools/compiler/bin/../lib/gcc/arm-none-eabi/5.4.1/../../../../arm-none-eabi/lib/armv7e-m/fpu\libc_nano.a(lib_a-reent.o)
                0x20000a04                errno
                0x20000a08                . = ALIGN (0x4)
                0x20000a08                _ebss = .
                0x20000a08                __bss_end__ = _ebss

._user_heap_stack
                0x20000a08      0x600 load address 0x080044ac
                0x20000a08                . = ALIGN (0x8)
                0x20000a08                PROVIDE (end, .)
                [!provide]                PROVIDE (_end, .)
                0x20000c08                . = (. + _Min_Heap_Size)
 *fill*         0x20000a08      0x200 
                0x20001008                . = (. + _Min_Stack_Size)
 *fill*         0x20000c08      0x400 
                0x20001008                . = ALIGN (0x8)

/DISCARD/
 libc.a(*)
 libm.a(*)
 libgcc.a(*)

.ARM.attributes
                0x00000000       0x30
 *(.ARM.attributes)
 .ARM.attributes
                0x00000000       0x22 c:/ac6/systemworkbench/plugins/fr.ac6.mcu.externaltools.arm-none.win32_1.13.3.201707031232/tools/compiler/bin/../lib/gcc/arm-none-eabi/5.4.1/armv7e-m/fpu/crti.o
 .ARM.attributes
                0x00000022       0x34 c:/ac6/systemworkbench/plugins/fr.ac6.mcu.externaltools.arm-none.win32_1.13.3.201707031232/tools/compiler/bin/../lib/gcc/arm-none-eabi/5.4.1/armv7e-m/fpu/crtbegin.o
 .ARM.attributes
                0x00000056       0x39 Drivers/STM32F4xx_HAL_Driver/Src/stm32f4xx_hal.o
 .ARM.attributes
                0x0000008f       0x39 Drivers/STM32F4xx_HAL_Driver/Src/stm32f4xx_hal_cortex.o
 .ARM.attributes
                0x000000c8       0x39 Drivers/STM32F4xx_HAL_Driver/Src/stm32f4xx_hal_gpio.o
 .ARM.attributes
                0x00000101       0x39 Drivers/STM32F4xx_HAL_Driver/Src/stm32f4xx_hal_i2c.o
 .ARM.attributes
                0x0000013a       0x39 Drivers/STM32F4xx_HAL_Driver/Src/stm32f4xx_hal_rcc.o
 .ARM.attributes
                0x00000173       0x39 Drivers/STM32F4xx_HAL_Driver/Src/stm32f4xx_hal_rcc_ex.o
 .ARM.attributes
                0x000001ac       0x39 Drivers/STM32F4xx_HAL_Driver/Src/stm32f4xx_hal_uart.o
 .ARM.attributes
                0x000001e5       0x39 Src/PuttyInterface.o
 .ARM.attributes
                0x0000021e       0x39 Src/gpio.o
 .ARM.attributes
                0x00000257       0x39 Src/i2c.o
 .ARM.attributes
                0x00000290       0x39 Src/main.o
 .ARM.attributes
                0x000002c9       0x39 Src/stm32f4xx_hal_msp.o
 .ARM.attributes
                0x00000302       0x39 Src/stm32f4xx_it.o
 .ARM.attributes
                0x0000033b       0x39 Src/system_stm32f4xx.o
 .ARM.attributes
                0x00000374       0x39 Src/usart.o
 .ARM.attributes
                0x000003ad       0x39 Src/vl6180x_api.o
 .ARM.attributes
                0x000003e6       0x39 Src/vl6180x_i2c.o
 .ARM.attributes
                0x0000041f       0x21 startup/startup_stm32f446xx.o
 .ARM.attributes
                0x00000440       0x22 c:/ac6/systemworkbench/plugins/fr.ac6.mcu.externaltools.arm-none.win32_1.13.3.201707031232/tools/compiler/bin/../lib/gcc/arm-none-eabi/5.4.1/armv7e-m/fpu\libgcc.a(_aeabi_uldivmod.o)
 .ARM.attributes
                0x00000462       0x34 c:/ac6/systemworkbench/plugins/fr.ac6.mcu.externaltools.arm-none.win32_1.13.3.201707031232/tools/compiler/bin/../lib/gcc/arm-none-eabi/5.4.1/armv7e-m/fpu\libgcc.a(_udivmoddi4.o)
 .ARM.attributes
                0x00000496       0x22 c:/ac6/systemworkbench/plugins/fr.ac6.mcu.externaltools.arm-none.win32_1.13.3.201707031232/tools/compiler/bin/../lib/gcc/arm-none-eabi/5.4.1/armv7e-m/fpu\libgcc.a(_dvmd_tls.o)
 .ARM.attributes
                0x000004b8       0x34 c:/ac6/systemworkbench/plugins/fr.ac6.mcu.externaltools.arm-none.win32_1.13.3.201707031232/tools/compiler/bin/../lib/gcc/arm-none-eabi/5.4.1/../../../../arm-none-eabi/lib/armv7e-m/fpu\libc_nano.a(lib_a-impure.o)
 .ARM.attributes
                0x000004ec       0x34 c:/ac6/systemworkbench/plugins/fr.ac6.mcu.externaltools.arm-none.win32_1.13.3.201707031232/tools/compiler/bin/../lib/gcc/arm-none-eabi/5.4.1/../../../../arm-none-eabi/lib/armv7e-m/fpu\libc_nano.a(lib_a-init.o)
 .ARM.attributes
                0x00000520       0x34 c:/ac6/systemworkbench/plugins/fr.ac6.mcu.externaltools.arm-none.win32_1.13.3.201707031232/tools/compiler/bin/../lib/gcc/arm-none-eabi/5.4.1/../../../../arm-none-eabi/lib/armv7e-m/fpu\libc_nano.a(lib_a-sprintf.o)
 .ARM.attributes
                0x00000554       0x20 c:/ac6/systemworkbench/plugins/fr.ac6.mcu.externaltools.arm-none.win32_1.13.3.201707031232/tools/compiler/bin/../lib/gcc/arm-none-eabi/5.4.1/../../../../arm-none-eabi/lib/armv7e-m/fpu\libc_nano.a(lib_a-strcmp.o)
 .ARM.attributes
                0x00000574       0x34 c:/ac6/systemworkbench/plugins/fr.ac6.mcu.externaltools.arm-none.win32_1.13.3.201707031232/tools/compiler/bin/../lib/gcc/arm-none-eabi/5.4.1/../../../../arm-none-eabi/lib/armv7e-m/fpu\libc_nano.a(lib_a-strcpy.o)
 .ARM.attributes
                0x000005a8       0x1b c:/ac6/systemworkbench/plugins/fr.ac6.mcu.externaltools.arm-none.win32_1.13.3.201707031232/tools/compiler/bin/../lib/gcc/arm-none-eabi/5.4.1/../../../../arm-none-eabi/lib/armv7e-m/fpu\libc_nano.a(lib_a-strlen.o)
 .ARM.attributes
                0x000005c3       0x34 c:/ac6/systemworkbench/plugins/fr.ac6.mcu.externaltools.arm-none.win32_1.13.3.201707031232/tools/compiler/bin/../lib/gcc/arm-none-eabi/5.4.1/../../../../arm-none-eabi/lib/armv7e-m/fpu\libc_nano.a(lib_a-nano-svfprintf.o)
 .ARM.attributes
                0x000005f7       0x34 c:/ac6/systemworkbench/plugins/fr.ac6.mcu.externaltools.arm-none.win32_1.13.3.201707031232/tools/compiler/bin/../lib/gcc/arm-none-eabi/5.4.1/../../../../arm-none-eabi/lib/armv7e-m/fpu\libc_nano.a(lib_a-nano-vfprintf_i.o)
 .ARM.attributes
                0x0000062b       0x20 c:/ac6/systemworkbench/plugins/fr.ac6.mcu.externaltools.arm-none.win32_1.13.3.201707031232/tools/compiler/bin/../lib/gcc/arm-none-eabi/5.4.1/../../../../arm-none-eabi/lib/armv7e-m/fpu\libc_nano.a(lib_a-memchr.o)
 .ARM.attributes
                0x0000064b       0x34 c:/ac6/systemworkbench/plugins/fr.ac6.mcu.externaltools.arm-none.win32_1.13.3.201707031232/tools/compiler/bin/../lib/gcc/arm-none-eabi/5.4.1/../../../../arm-none-eabi/lib/armv7e-m/fpu\libc_nano.a(lib_a-memcpy-stub.o)
 .ARM.attributes
                0x0000067f       0x34 c:/ac6/systemworkbench/plugins/fr.ac6.mcu.externaltools.arm-none.win32_1.13.3.201707031232/tools/compiler/bin/../lib/gcc/arm-none-eabi/5.4.1/../../../../arm-none-eabi/lib/armv7e-m/fpu\libc_nano.a(lib_a-memmove.o)
 .ARM.attributes
                0x000006b3       0x34 c:/ac6/systemworkbench/plugins/fr.ac6.mcu.externaltools.arm-none.win32_1.13.3.201707031232/tools/compiler/bin/../lib/gcc/arm-none-eabi/5.4.1/../../../../arm-none-eabi/lib/armv7e-m/fpu\libc_nano.a(lib_a-nano-freer.o)
 .ARM.attributes
                0x000006e7       0x34 c:/ac6/systemworkbench/plugins/fr.ac6.mcu.externaltools.arm-none.win32_1.13.3.201707031232/tools/compiler/bin/../lib/gcc/arm-none-eabi/5.4.1/../../../../arm-none-eabi/lib/armv7e-m/fpu\libc_nano.a(lib_a-nano-mallocr.o)
 .ARM.attributes
                0x0000071b       0x34 c:/ac6/systemworkbench/plugins/fr.ac6.mcu.externaltools.arm-none.win32_1.13.3.201707031232/tools/compiler/bin/../lib/gcc/arm-none-eabi/5.4.1/../../../../arm-none-eabi/lib/armv7e-m/fpu\libc_nano.a(lib_a-nano-reallocr.o)
 .ARM.attributes
                0x0000074f       0x34 c:/ac6/systemworkbench/plugins/fr.ac6.mcu.externaltools.arm-none.win32_1.13.3.201707031232/tools/compiler/bin/../lib/gcc/arm-none-eabi/5.4.1/../../../../arm-none-eabi/lib/armv7e-m/fpu\libc_nano.a(lib_a-sbrkr.o)
 .ARM.attributes
                0x00000783       0x34 c:/ac6/systemworkbench/plugins/fr.ac6.mcu.externaltools.arm-none.win32_1.13.3.201707031232/tools/compiler/bin/../lib/gcc/arm-none-eabi/5.4.1/../../../../arm-none-eabi/lib/armv7e-m/fpu\libc_nano.a(lib_a-mlock.o)
 .ARM.attributes
                0x000007b7       0x34 c:/ac6/systemworkbench/plugins/fr.ac6.mcu.externaltools.arm-none.win32_1.13.3.201707031232/tools/compiler/bin/../lib/gcc/arm-none-eabi/5.4.1/../../../../arm-none-eabi/lib/armv7e-m/fpu\libc_nano.a(lib_a-nano-msizer.o)
 .ARM.attributes
                0x000007eb       0x34 c:/ac6/systemworkbench/plugins/fr.ac6.mcu.externaltools.arm-none.win32_1.13.3.201707031232/tools/compiler/bin/../lib/gcc/arm-none-eabi/5.4.1/../../../../arm-none-eabi/lib/armv7e-m/fpu\libc_nano.a(lib_a-reent.o)
 .ARM.attributes
                0x0000081f       0x34 c:/ac6/systemworkbench/plugins/fr.ac6.mcu.externaltools.arm-none.win32_1.13.3.201707031232/tools/compiler/bin/../lib/gcc/arm-none-eabi/5.4.1/../../../../arm-none-eabi/lib/armv7e-m/fpu\libnosys.a(sbrk.o)
 .ARM.attributes
                0x00000853       0x22 c:/ac6/systemworkbench/plugins/fr.ac6.mcu.externaltools.arm-none.win32_1.13.3.201707031232/tools/compiler/bin/../lib/gcc/arm-none-eabi/5.4.1/armv7e-m/fpu/crtn.o
OUTPUT(testproject.elf elf32-littlearm)

.debug_info     0x00000000     0xf6ba
 .debug_info    0x00000000      0x9b8 Drivers/STM32F4xx_HAL_Driver/Src/stm32f4xx_hal.o
 .debug_info    0x000009b8      0xf2b Drivers/STM32F4xx_HAL_Driver/Src/stm32f4xx_hal_cortex.o
 .debug_info    0x000018e3      0x778 Drivers/STM32F4xx_HAL_Driver/Src/stm32f4xx_hal_gpio.o
 .debug_info    0x0000205b     0x2e95 Drivers/STM32F4xx_HAL_Driver/Src/stm32f4xx_hal_i2c.o
 .debug_info    0x00004ef0      0xa84 Drivers/STM32F4xx_HAL_Driver/Src/stm32f4xx_hal_rcc.o
 .debug_info    0x00005974      0xbb2 Drivers/STM32F4xx_HAL_Driver/Src/stm32f4xx_hal_rcc_ex.o
 .debug_info    0x00006526     0x16b4 Drivers/STM32F4xx_HAL_Driver/Src/stm32f4xx_hal_uart.o
 .debug_info    0x00007bda      0x9a0 Src/PuttyInterface.o
 .debug_info    0x0000857a      0x4a5 Src/gpio.o
 .debug_info    0x00008a1f      0x9f8 Src/i2c.o
 .debug_info    0x00009417      0xc5a Src/main.o
 .debug_info    0x0000a071      0x3fc Src/stm32f4xx_hal_msp.o
 .debug_info    0x0000a46d      0x173 Src/stm32f4xx_it.o
 .debug_info    0x0000a5e0      0x534 Src/system_stm32f4xx.o
 .debug_info    0x0000ab14      0x958 Src/usart.o
 .debug_info    0x0000b46c     0x366a Src/vl6180x_api.o
 .debug_info    0x0000ead6      0xb5c Src/vl6180x_i2c.o
 .debug_info    0x0000f632       0x88 startup/startup_stm32f446xx.o

.debug_abbrev   0x00000000     0x2078
 .debug_abbrev  0x00000000      0x1f8 Drivers/STM32F4xx_HAL_Driver/Src/stm32f4xx_hal.o
 .debug_abbrev  0x000001f8      0x2fe Drivers/STM32F4xx_HAL_Driver/Src/stm32f4xx_hal_cortex.o
 .debug_abbrev  0x000004f6      0x1cd Drivers/STM32F4xx_HAL_Driver/Src/stm32f4xx_hal_gpio.o
 .debug_abbrev  0x000006c3      0x237 Drivers/STM32F4xx_HAL_Driver/Src/stm32f4xx_hal_i2c.o
 .debug_abbrev  0x000008fa      0x271 Drivers/STM32F4xx_HAL_Driver/Src/stm32f4xx_hal_rcc.o
 .debug_abbrev  0x00000b6b      0x220 Drivers/STM32F4xx_HAL_Driver/Src/stm32f4xx_hal_rcc_ex.o
 .debug_abbrev  0x00000d8b      0x26f Drivers/STM32F4xx_HAL_Driver/Src/stm32f4xx_hal_uart.o
 .debug_abbrev  0x00000ffa      0x227 Src/PuttyInterface.o
 .debug_abbrev  0x00001221      0x148 Src/gpio.o
 .debug_abbrev  0x00001369      0x1a8 Src/i2c.o
 .debug_abbrev  0x00001511      0x232 Src/main.o
 .debug_abbrev  0x00001743       0xc2 Src/stm32f4xx_hal_msp.o
 .debug_abbrev  0x00001805       0xcc Src/stm32f4xx_it.o
 .debug_abbrev  0x000018d1      0x104 Src/system_stm32f4xx.o
 .debug_abbrev  0x000019d5      0x1a8 Src/usart.o
 .debug_abbrev  0x00001b7d      0x34c Src/vl6180x_api.o
 .debug_abbrev  0x00001ec9      0x19d Src/vl6180x_i2c.o
 .debug_abbrev  0x00002066       0x12 startup/startup_stm32f446xx.o

.debug_loc      0x00000000     0x9c33
 .debug_loc     0x00000000      0x108 Drivers/STM32F4xx_HAL_Driver/Src/stm32f4xx_hal.o
 .debug_loc     0x00000108      0x548 Drivers/STM32F4xx_HAL_Driver/Src/stm32f4xx_hal_cortex.o
 .debug_loc     0x00000650      0x38f Drivers/STM32F4xx_HAL_Driver/Src/stm32f4xx_hal_gpio.o
 .debug_loc     0x000009df     0x2ec5 Drivers/STM32F4xx_HAL_Driver/Src/stm32f4xx_hal_i2c.o
 .debug_loc     0x000038a4      0x481 Drivers/STM32F4xx_HAL_Driver/Src/stm32f4xx_hal_rcc.o
 .debug_loc     0x00003d25      0xbec Drivers/STM32F4xx_HAL_Driver/Src/stm32f4xx_hal_rcc_ex.o
 .debug_loc     0x00004911     0x137a Drivers/STM32F4xx_HAL_Driver/Src/stm32f4xx_hal_uart.o
 .debug_loc     0x00005c8b      0x287 Src/PuttyInterface.o
 .debug_loc     0x00005f12       0x4d Src/i2c.o
 .debug_loc     0x00005f5f       0x45 Src/main.o
 .debug_loc     0x00005fa4      0x132 Src/system_stm32f4xx.o
 .debug_loc     0x000060d6       0x4d Src/usart.o
 .debug_loc     0x00006123     0x359e Src/vl6180x_api.o
 .debug_loc     0x000096c1      0x572 Src/vl6180x_i2c.o

.debug_aranges  0x00000000      0xb98
 .debug_aranges
                0x00000000       0xe0 Drivers/STM32F4xx_HAL_Driver/Src/stm32f4xx_hal.o
 .debug_aranges
                0x000000e0       0xa8 Drivers/STM32F4xx_HAL_Driver/Src/stm32f4xx_hal_cortex.o
 .debug_aranges
                0x00000188       0x58 Drivers/STM32F4xx_HAL_Driver/Src/stm32f4xx_hal_gpio.o
 .debug_aranges
                0x000001e0      0x268 Drivers/STM32F4xx_HAL_Driver/Src/stm32f4xx_hal_i2c.o
 .debug_aranges
                0x00000448       0x88 Drivers/STM32F4xx_HAL_Driver/Src/stm32f4xx_hal_rcc.o
 .debug_aranges
                0x000004d0       0x78 Drivers/STM32F4xx_HAL_Driver/Src/stm32f4xx_hal_rcc_ex.o
 .debug_aranges
                0x00000548      0x1d0 Drivers/STM32F4xx_HAL_Driver/Src/stm32f4xx_hal_uart.o
 .debug_aranges
                0x00000718       0x50 Src/PuttyInterface.o
 .debug_aranges
                0x00000768       0x20 Src/gpio.o
 .debug_aranges
                0x00000788       0x30 Src/i2c.o
 .debug_aranges
                0x000007b8       0x48 Src/main.o
 .debug_aranges
                0x00000800       0x20 Src/stm32f4xx_hal_msp.o
 .debug_aranges
                0x00000820       0x60 Src/stm32f4xx_it.o
 .debug_aranges
                0x00000880       0x28 Src/system_stm32f4xx.o
 .debug_aranges
                0x000008a8       0x30 Src/usart.o
 .debug_aranges
                0x000008d8      0x238 Src/vl6180x_api.o
 .debug_aranges
                0x00000b10       0x60 Src/vl6180x_i2c.o
 .debug_aranges
                0x00000b70       0x28 startup/startup_stm32f446xx.o

.debug_ranges   0x00000000      0xac8
 .debug_ranges  0x00000000       0xd0 Drivers/STM32F4xx_HAL_Driver/Src/stm32f4xx_hal.o
 .debug_ranges  0x000000d0       0x98 Drivers/STM32F4xx_HAL_Driver/Src/stm32f4xx_hal_cortex.o
 .debug_ranges  0x00000168       0x48 Drivers/STM32F4xx_HAL_Driver/Src/stm32f4xx_hal_gpio.o
 .debug_ranges  0x000001b0      0x258 Drivers/STM32F4xx_HAL_Driver/Src/stm32f4xx_hal_i2c.o
 .debug_ranges  0x00000408       0x90 Drivers/STM32F4xx_HAL_Driver/Src/stm32f4xx_hal_rcc.o
 .debug_ranges  0x00000498       0x80 Drivers/STM32F4xx_HAL_Driver/Src/stm32f4xx_hal_rcc_ex.o
 .debug_ranges  0x00000518      0x1c0 Drivers/STM32F4xx_HAL_Driver/Src/stm32f4xx_hal_uart.o
 .debug_ranges  0x000006d8       0x40 Src/PuttyInterface.o
 .debug_ranges  0x00000718       0x10 Src/gpio.o
 .debug_ranges  0x00000728       0x20 Src/i2c.o
 .debug_ranges  0x00000748       0x38 Src/main.o
 .debug_ranges  0x00000780       0x10 Src/stm32f4xx_hal_msp.o
 .debug_ranges  0x00000790       0x50 Src/stm32f4xx_it.o
 .debug_ranges  0x000007e0       0x18 Src/system_stm32f4xx.o
 .debug_ranges  0x000007f8       0x20 Src/usart.o
 .debug_ranges  0x00000818      0x240 Src/vl6180x_api.o
 .debug_ranges  0x00000a58       0x50 Src/vl6180x_i2c.o
 .debug_ranges  0x00000aa8       0x20 startup/startup_stm32f446xx.o

.debug_macro    0x00000000    0x22eb4
 .debug_macro   0x00000000      0x373 Drivers/STM32F4xx_HAL_Driver/Src/stm32f4xx_hal.o
 .debug_macro   0x00000373      0x898 Drivers/STM32F4xx_HAL_Driver/Src/stm32f4xx_hal.o
 .debug_macro   0x00000c0b       0x16 Drivers/STM32F4xx_HAL_Driver/Src/stm32f4xx_hal.o
 .debug_macro   0x00000c21      0x180 Drivers/STM32F4xx_HAL_Driver/Src/stm32f4xx_hal.o
 .debug_macro   0x00000da1       0x32 Drivers/STM32F4xx_HAL_Driver/Src/stm32f4xx_hal.o
 .debug_macro   0x00000dd3       0x28 Drivers/STM32F4xx_HAL_Driver/Src/stm32f4xx_hal.o
 .debug_macro   0x00000dfb       0x22 Drivers/STM32F4xx_HAL_Driver/Src/stm32f4xx_hal.o
 .debug_macro   0x00000e1d       0x87 Drivers/STM32F4xx_HAL_Driver/Src/stm32f4xx_hal.o
 .debug_macro   0x00000ea4       0x44 Drivers/STM32F4xx_HAL_Driver/Src/stm32f4xx_hal.o
 .debug_macro   0x00000ee8       0xfd Drivers/STM32F4xx_HAL_Driver/Src/stm32f4xx_hal.o
 .debug_macro   0x00000fe5       0x5e Drivers/STM32F4xx_HAL_Driver/Src/stm32f4xx_hal.o
 .debug_macro   0x00001043      0x1df Drivers/STM32F4xx_HAL_Driver/Src/stm32f4xx_hal.o
 .debug_macro   0x00001222       0x35 Drivers/STM32F4xx_HAL_Driver/Src/stm32f4xx_hal.o
 .debug_macro   0x00001257       0x50 Drivers/STM32F4xx_HAL_Driver/Src/stm32f4xx_hal.o
 .debug_macro   0x000012a7      0xe66 Drivers/STM32F4xx_HAL_Driver/Src/stm32f4xx_hal.o
 .debug_macro   0x0000210d    0x16607 Drivers/STM32F4xx_HAL_Driver/Src/stm32f4xx_hal.o
 .debug_macro   0x00018714       0x43 Drivers/STM32F4xx_HAL_Driver/Src/stm32f4xx_hal.o
 .debug_macro   0x00018757     0x3535 Drivers/STM32F4xx_HAL_Driver/Src/stm32f4xx_hal.o
 .debug_macro   0x0001bc8c       0x52 Drivers/STM32F4xx_HAL_Driver/Src/stm32f4xx_hal.o
 .debug_macro   0x0001bcde       0x35 Drivers/STM32F4xx_HAL_Driver/Src/stm32f4xx_hal.o
 .debug_macro   0x0001bd13       0x9c Drivers/STM32F4xx_HAL_Driver/Src/stm32f4xx_hal.o
 .debug_macro   0x0001bdaf       0x16 Drivers/STM32F4xx_HAL_Driver/Src/stm32f4xx_hal.o
 .debug_macro   0x0001bdc5       0x97 Drivers/STM32F4xx_HAL_Driver/Src/stm32f4xx_hal.o
 .debug_macro   0x0001be5c      0x30d Drivers/STM32F4xx_HAL_Driver/Src/stm32f4xx_hal.o
 .debug_macro   0x0001c169       0xfd Drivers/STM32F4xx_HAL_Driver/Src/stm32f4xx_hal.o
 .debug_macro   0x0001c266       0x10 Drivers/STM32F4xx_HAL_Driver/Src/stm32f4xx_hal.o
 .debug_macro   0x0001c276       0x52 Drivers/STM32F4xx_HAL_Driver/Src/stm32f4xx_hal.o
 .debug_macro   0x0001c2c8       0x1f Drivers/STM32F4xx_HAL_Driver/Src/stm32f4xx_hal.o
 .debug_macro   0x0001c2e7       0x43 Drivers/STM32F4xx_HAL_Driver/Src/stm32f4xx_hal.o
 .debug_macro   0x0001c32a       0x20 Drivers/STM32F4xx_HAL_Driver/Src/stm32f4xx_hal.o
 .debug_macro   0x0001c34a      0x187 Drivers/STM32F4xx_HAL_Driver/Src/stm32f4xx_hal.o
 .debug_macro   0x0001c4d1       0x10 Drivers/STM32F4xx_HAL_Driver/Src/stm32f4xx_hal.o
 .debug_macro   0x0001c4e1       0x1c Drivers/STM32F4xx_HAL_Driver/Src/stm32f4xx_hal.o
 .debug_macro   0x0001c4fd       0x52 Drivers/STM32F4xx_HAL_Driver/Src/stm32f4xx_hal.o
 .debug_macro   0x0001c54f       0x40 Drivers/STM32F4xx_HAL_Driver/Src/stm32f4xx_hal.o
 .debug_macro   0x0001c58f       0x10 Drivers/STM32F4xx_HAL_Driver/Src/stm32f4xx_hal.o
 .debug_macro   0x0001c59f       0x40 Drivers/STM32F4xx_HAL_Driver/Src/stm32f4xx_hal.o
 .debug_macro   0x0001c5df       0xd7 Drivers/STM32F4xx_HAL_Driver/Src/stm32f4xx_hal.o
 .debug_macro   0x0001c6b6       0x16 Drivers/STM32F4xx_HAL_Driver/Src/stm32f4xx_hal.o
 .debug_macro   0x0001c6cc      0x18b Drivers/STM32F4xx_HAL_Driver/Src/stm32f4xx_hal.o
 .debug_macro   0x0001c857       0x50 Drivers/STM32F4xx_HAL_Driver/Src/stm32f4xx_hal.o
 .debug_macro   0x0001c8a7      0xc90 Drivers/STM32F4xx_HAL_Driver/Src/stm32f4xx_hal.o
 .debug_macro   0x0001d537      0xa02 Drivers/STM32F4xx_HAL_Driver/Src/stm32f4xx_hal.o
 .debug_macro   0x0001df39      0x11e Drivers/STM32F4xx_HAL_Driver/Src/stm32f4xx_hal.o
 .debug_macro   0x0001e057      0x1a0 Drivers/STM32F4xx_HAL_Driver/Src/stm32f4xx_hal.o
 .debug_macro   0x0001e1f7       0x27 Drivers/STM32F4xx_HAL_Driver/Src/stm32f4xx_hal.o
 .debug_macro   0x0001e21e      0x287 Drivers/STM32F4xx_HAL_Driver/Src/stm32f4xx_hal.o
 .debug_macro   0x0001e4a5       0x5f Drivers/STM32F4xx_HAL_Driver/Src/stm32f4xx_hal.o
 .debug_macro   0x0001e504      0x23a Drivers/STM32F4xx_HAL_Driver/Src/stm32f4xx_hal.o
 .debug_macro   0x0001e73e      0x13a Drivers/STM32F4xx_HAL_Driver/Src/stm32f4xx_hal.o
 .debug_macro   0x0001e878      0x29c Drivers/STM32F4xx_HAL_Driver/Src/stm32f4xx_hal.o
 .debug_macro   0x0001eb14       0x2e Drivers/STM32F4xx_HAL_Driver/Src/stm32f4xx_hal.o
 .debug_macro   0x0001eb42      0x1a7 Drivers/STM32F4xx_HAL_Driver/Src/stm32f4xx_hal.o
 .debug_macro   0x0001ece9       0x22 Drivers/STM32F4xx_HAL_Driver/Src/stm32f4xx_hal.o
 .debug_macro   0x0001ed0b       0xa5 Drivers/STM32F4xx_HAL_Driver/Src/stm32f4xx_hal.o
 .debug_macro   0x0001edb0      0x11e Drivers/STM32F4xx_HAL_Driver/Src/stm32f4xx_hal.o
 .debug_macro   0x0001eece       0xe8 Drivers/STM32F4xx_HAL_Driver/Src/stm32f4xx_hal.o
 .debug_macro   0x0001efb6       0x89 Drivers/STM32F4xx_HAL_Driver/Src/stm32f4xx_hal.o
 .debug_macro   0x0001f03f      0x287 Drivers/STM32F4xx_HAL_Driver/Src/stm32f4xx_hal.o
 .debug_macro   0x0001f2c6      0x12d Drivers/STM32F4xx_HAL_Driver/Src/stm32f4xx_hal.o
 .debug_macro   0x0001f3f3      0x313 Drivers/STM32F4xx_HAL_Driver/Src/stm32f4xx_hal_cortex.o
 .debug_macro   0x0001f706      0x34b Drivers/STM32F4xx_HAL_Driver/Src/stm32f4xx_hal_gpio.o
 .debug_macro   0x0001fa51      0x353 Drivers/STM32F4xx_HAL_Driver/Src/stm32f4xx_hal_i2c.o
 .debug_macro   0x0001fda4      0x337 Drivers/STM32F4xx_HAL_Driver/Src/stm32f4xx_hal_rcc.o
 .debug_macro   0x000200db      0x313 Drivers/STM32F4xx_HAL_Driver/Src/stm32f4xx_hal_rcc_ex.o
 .debug_macro   0x000203ee      0x314 Drivers/STM32F4xx_HAL_Driver/Src/stm32f4xx_hal_uart.o
 .debug_macro   0x00020702      0x355 Src/PuttyInterface.o
 .debug_macro   0x00020a57       0x10 Src/PuttyInterface.o
 .debug_macro   0x00020a67       0x22 Src/PuttyInterface.o
 .debug_macro   0x00020a89       0x16 Src/PuttyInterface.o
 .debug_macro   0x00020a9f       0x35 Src/PuttyInterface.o
 .debug_macro   0x00020ad4       0x1c Src/PuttyInterface.o
 .debug_macro   0x00020af0      0x31d Src/gpio.o
 .debug_macro   0x00020e0d      0x327 Src/i2c.o
 .debug_macro   0x00021134      0x3c4 Src/main.o
 .debug_macro   0x000214f8       0x28 Src/main.o
 .debug_macro   0x00021520       0x28 Src/main.o
 .debug_macro   0x00021548      0x2a7 Src/main.o
 .debug_macro   0x000217ef       0x22 Src/main.o
 .debug_macro   0x00021811       0x2e Src/main.o
 .debug_macro   0x0002183f       0x40 Src/main.o
 .debug_macro   0x0002187f      0x313 Src/stm32f4xx_hal_msp.o
 .debug_macro   0x00021b92      0x31d Src/stm32f4xx_it.o
 .debug_macro   0x00021eaf      0x31e Src/system_stm32f4xx.o
 .debug_macro   0x000221cd      0x327 Src/usart.o
 .debug_macro   0x000224f4      0x1bd Src/vl6180x_api.o
 .debug_macro   0x000226b1      0x174 Src/vl6180x_api.o
 .debug_macro   0x00022825      0x36f Src/vl6180x_i2c.o
 .debug_macro   0x00022b94      0x2b5 Src/vl6180x_i2c.o
 .debug_macro   0x00022e49       0x3b Src/vl6180x_i2c.o
 .debug_macro   0x00022e84       0x30 Src/vl6180x_i2c.o

.debug_line     0x00000000     0xb6d9
 .debug_line    0x00000000      0x9de Drivers/STM32F4xx_HAL_Driver/Src/stm32f4xx_hal.o
 .debug_line    0x000009de      0xa0a Drivers/STM32F4xx_HAL_Driver/Src/stm32f4xx_hal_cortex.o
 .debug_line    0x000013e8      0x978 Drivers/STM32F4xx_HAL_Driver/Src/stm32f4xx_hal_gpio.o
 .debug_line    0x00001d60     0x182f Drivers/STM32F4xx_HAL_Driver/Src/stm32f4xx_hal_i2c.o
 .debug_line    0x0000358f      0xa8a Drivers/STM32F4xx_HAL_Driver/Src/stm32f4xx_hal_rcc.o
 .debug_line    0x00004019      0xc26 Drivers/STM32F4xx_HAL_Driver/Src/stm32f4xx_hal_rcc_ex.o
 .debug_line    0x00004c3f     0x10a7 Drivers/STM32F4xx_HAL_Driver/Src/stm32f4xx_hal_uart.o
 .debug_line    0x00005ce6      0x911 Src/PuttyInterface.o
 .debug_line    0x000065f7      0x803 Src/gpio.o
 .debug_line    0x00006dfa      0x83a Src/i2c.o
 .debug_line    0x00007634      0x944 Src/main.o
 .debug_line    0x00007f78      0x803 Src/stm32f4xx_hal_msp.o
 .debug_line    0x0000877b      0x88b Src/stm32f4xx_it.o
 .debug_line    0x00009006      0x826 Src/system_stm32f4xx.o
 .debug_line    0x0000982c      0x83d Src/usart.o
 .debug_line    0x0000a069      0xcae Src/vl6180x_api.o
 .debug_line    0x0000ad17      0x943 Src/vl6180x_i2c.o
 .debug_line    0x0000b65a       0x7f startup/startup_stm32f446xx.o

.debug_str      0x00000000    0xc6a0d
 .debug_str     0x00000000    0xc14f3 Drivers/STM32F4xx_HAL_Driver/Src/stm32f4xx_hal.o
                              0xc18a2 (size before relaxing)
 .debug_str     0x000c14f3      0x3b8 Drivers/STM32F4xx_HAL_Driver/Src/stm32f4xx_hal_cortex.o
                              0xc15c1 (size before relaxing)
 .debug_str     0x000c18ab      0x286 Drivers/STM32F4xx_HAL_Driver/Src/stm32f4xx_hal_gpio.o
                              0xc0f38 (size before relaxing)
 .debug_str     0x000c1b31      0xf22 Drivers/STM32F4xx_HAL_Driver/Src/stm32f4xx_hal_i2c.o
                              0xc1b2e (size before relaxing)
 .debug_str     0x000c2a53      0x385 Drivers/STM32F4xx_HAL_Driver/Src/stm32f4xx_hal_rcc.o
                              0xc1133 (size before relaxing)
 .debug_str     0x000c2dd8      0x324 Drivers/STM32F4xx_HAL_Driver/Src/stm32f4xx_hal_rcc_ex.o
                              0xc1166 (size before relaxing)
 .debug_str     0x000c30fc      0x6cd Drivers/STM32F4xx_HAL_Driver/Src/stm32f4xx_hal_uart.o
                              0xc1558 (size before relaxing)
 .debug_str     0x000c37c9      0x282 Src/PuttyInterface.o
                              0xc11ed (size before relaxing)
 .debug_str     0x000c3a4b       0x25 Src/gpio.o
                              0xc0d0c (size before relaxing)
 .debug_str     0x000c3a70       0x42 Src/i2c.o
                              0xc1247 (size before relaxing)
 .debug_str     0x000c3ab2     0x1337 Src/main.o
                              0xc28b9 (size before relaxing)
 .debug_str     0x000c4de9       0x1b Src/stm32f4xx_hal_msp.o
                              0xc1076 (size before relaxing)
 .debug_str     0x000c4e04       0xb8 Src/stm32f4xx_it.o
                              0xc0bc9 (size before relaxing)
 .debug_str     0x000c4ebc       0x5a Src/system_stm32f4xx.o
                              0xc0d20 (size before relaxing)
 .debug_str     0x000c4f16       0x1a Src/usart.o
                              0xc116e (size before relaxing)
 .debug_str     0x000c4f30     0x192f Src/vl6180x_api.o
                               0x64c3 (size before relaxing)
 .debug_str     0x000c685f      0x1ae Src/vl6180x_i2c.o
                              0xc217b (size before relaxing)

.comment        0x00000000       0x6e
 .comment       0x00000000       0x6e Drivers/STM32F4xx_HAL_Driver/Src/stm32f4xx_hal.o
                                 0x6f (size before relaxing)
 .comment       0x0000006e       0x6f Drivers/STM32F4xx_HAL_Driver/Src/stm32f4xx_hal_cortex.o
 .comment       0x0000006e       0x6f Drivers/STM32F4xx_HAL_Driver/Src/stm32f4xx_hal_gpio.o
 .comment       0x0000006e       0x6f Drivers/STM32F4xx_HAL_Driver/Src/stm32f4xx_hal_i2c.o
 .comment       0x0000006e       0x6f Drivers/STM32F4xx_HAL_Driver/Src/stm32f4xx_hal_rcc.o
 .comment       0x0000006e       0x6f Drivers/STM32F4xx_HAL_Driver/Src/stm32f4xx_hal_rcc_ex.o
 .comment       0x0000006e       0x6f Drivers/STM32F4xx_HAL_Driver/Src/stm32f4xx_hal_uart.o
 .comment       0x0000006e       0x6f Src/PuttyInterface.o
 .comment       0x0000006e       0x6f Src/gpio.o
 .comment       0x0000006e       0x6f Src/i2c.o
 .comment       0x0000006e       0x6f Src/main.o
 .comment       0x0000006e       0x6f Src/stm32f4xx_hal_msp.o
 .comment       0x0000006e       0x6f Src/stm32f4xx_it.o
 .comment       0x0000006e       0x6f Src/system_stm32f4xx.o
 .comment       0x0000006e       0x6f Src/usart.o
 .comment       0x0000006e       0x6f Src/vl6180x_api.o
 .comment       0x0000006e       0x6f Src/vl6180x_i2c.o

.debug_frame    0x00000000     0x2394
 .debug_frame   0x00000000      0x1cc Drivers/STM32F4xx_HAL_Driver/Src/stm32f4xx_hal.o
 .debug_frame   0x000001cc      0x154 Drivers/STM32F4xx_HAL_Driver/Src/stm32f4xx_hal_cortex.o
 .debug_frame   0x00000320       0xc4 Drivers/STM32F4xx_HAL_Driver/Src/stm32f4xx_hal_gpio.o
 .debug_frame   0x000003e4      0x808 Drivers/STM32F4xx_HAL_Driver/Src/stm32f4xx_hal_i2c.o
 .debug_frame   0x00000bec      0x170 Drivers/STM32F4xx_HAL_Driver/Src/stm32f4xx_hal_rcc.o
 .debug_frame   0x00000d5c      0x13c Drivers/STM32F4xx_HAL_Driver/Src/stm32f4xx_hal_rcc_ex.o
 .debug_frame   0x00000e98      0x4e8 Drivers/STM32F4xx_HAL_Driver/Src/stm32f4xx_hal_uart.o
 .debug_frame   0x00001380       0xd0 Src/PuttyInterface.o
 .debug_frame   0x00001450       0x30 Src/gpio.o
 .debug_frame   0x00001480       0x60 Src/i2c.o
 .debug_frame   0x000014e0       0x98 Src/main.o
 .debug_frame   0x00001578       0x28 Src/stm32f4xx_hal_msp.o
 .debug_frame   0x000015a0       0xa8 Src/stm32f4xx_it.o
 .debug_frame   0x00001648       0x30 Src/system_stm32f4xx.o
 .debug_frame   0x00001678       0x60 Src/usart.o
 .debug_frame   0x000016d8      0x788 Src/vl6180x_api.o
 .debug_frame   0x00001e60      0x120 Src/vl6180x_i2c.o
 .debug_frame   0x00001f80       0x2c c:/ac6/systemworkbench/plugins/fr.ac6.mcu.externaltools.arm-none.win32_1.13.3.201707031232/tools/compiler/bin/../lib/gcc/arm-none-eabi/5.4.1/armv7e-m/fpu\libgcc.a(_aeabi_uldivmod.o)
 .debug_frame   0x00001fac       0x34 c:/ac6/systemworkbench/plugins/fr.ac6.mcu.externaltools.arm-none.win32_1.13.3.201707031232/tools/compiler/bin/../lib/gcc/arm-none-eabi/5.4.1/armv7e-m/fpu\libgcc.a(_udivmoddi4.o)
 .debug_frame   0x00001fe0       0x2c c:/ac6/systemworkbench/plugins/fr.ac6.mcu.externaltools.arm-none.win32_1.13.3.201707031232/tools/compiler/bin/../lib/gcc/arm-none-eabi/5.4.1/../../../../arm-none-eabi/lib/armv7e-m/fpu\libc_nano.a(lib_a-init.o)
 .debug_frame   0x0000200c       0x70 c:/ac6/systemworkbench/plugins/fr.ac6.mcu.externaltools.arm-none.win32_1.13.3.201707031232/tools/compiler/bin/../lib/gcc/arm-none-eabi/5.4.1/../../../../arm-none-eabi/lib/armv7e-m/fpu\libc_nano.a(lib_a-sprintf.o)
 .debug_frame   0x0000207c       0x20 c:/ac6/systemworkbench/plugins/fr.ac6.mcu.externaltools.arm-none.win32_1.13.3.201707031232/tools/compiler/bin/../lib/gcc/arm-none-eabi/5.4.1/../../../../arm-none-eabi/lib/armv7e-m/fpu\libc_nano.a(lib_a-strcmp.o)
 .debug_frame   0x0000209c       0x20 c:/ac6/systemworkbench/plugins/fr.ac6.mcu.externaltools.arm-none.win32_1.13.3.201707031232/tools/compiler/bin/../lib/gcc/arm-none-eabi/5.4.1/../../../../arm-none-eabi/lib/armv7e-m/fpu\libc_nano.a(lib_a-strcpy.o)
 .debug_frame   0x000020bc       0x90 c:/ac6/systemworkbench/plugins/fr.ac6.mcu.externaltools.arm-none.win32_1.13.3.201707031232/tools/compiler/bin/../lib/gcc/arm-none-eabi/5.4.1/../../../../arm-none-eabi/lib/armv7e-m/fpu\libc_nano.a(lib_a-nano-svfprintf.o)
 .debug_frame   0x0000214c       0x60 c:/ac6/systemworkbench/plugins/fr.ac6.mcu.externaltools.arm-none.win32_1.13.3.201707031232/tools/compiler/bin/../lib/gcc/arm-none-eabi/5.4.1/../../../../arm-none-eabi/lib/armv7e-m/fpu\libc_nano.a(lib_a-nano-vfprintf_i.o)
 .debug_frame   0x000021ac       0x28 c:/ac6/systemworkbench/plugins/fr.ac6.mcu.externaltools.arm-none.win32_1.13.3.201707031232/tools/compiler/bin/../lib/gcc/arm-none-eabi/5.4.1/../../../../arm-none-eabi/lib/armv7e-m/fpu\libc_nano.a(lib_a-memcpy-stub.o)
 .debug_frame   0x000021d4       0x28 c:/ac6/systemworkbench/plugins/fr.ac6.mcu.externaltools.arm-none.win32_1.13.3.201707031232/tools/compiler/bin/../lib/gcc/arm-none-eabi/5.4.1/../../../../arm-none-eabi/lib/armv7e-m/fpu\libc_nano.a(lib_a-memmove.o)
 .debug_frame   0x000021fc       0x38 c:/ac6/systemworkbench/plugins/fr.ac6.mcu.externaltools.arm-none.win32_1.13.3.201707031232/tools/compiler/bin/../lib/gcc/arm-none-eabi/5.4.1/../../../../arm-none-eabi/lib/armv7e-m/fpu\libc_nano.a(lib_a-nano-freer.o)
 .debug_frame   0x00002234       0x2c c:/ac6/systemworkbench/plugins/fr.ac6.mcu.externaltools.arm-none.win32_1.13.3.201707031232/tools/compiler/bin/../lib/gcc/arm-none-eabi/5.4.1/../../../../arm-none-eabi/lib/armv7e-m/fpu\libc_nano.a(lib_a-nano-mallocr.o)
 .debug_frame   0x00002260       0x3c c:/ac6/systemworkbench/plugins/fr.ac6.mcu.externaltools.arm-none.win32_1.13.3.201707031232/tools/compiler/bin/../lib/gcc/arm-none-eabi/5.4.1/../../../../arm-none-eabi/lib/armv7e-m/fpu\libc_nano.a(lib_a-nano-reallocr.o)
 .debug_frame   0x0000229c       0x2c c:/ac6/systemworkbench/plugins/fr.ac6.mcu.externaltools.arm-none.win32_1.13.3.201707031232/tools/compiler/bin/../lib/gcc/arm-none-eabi/5.4.1/../../../../arm-none-eabi/lib/armv7e-m/fpu\libc_nano.a(lib_a-sbrkr.o)
 .debug_frame   0x000022c8       0x30 c:/ac6/systemworkbench/plugins/fr.ac6.mcu.externaltools.arm-none.win32_1.13.3.201707031232/tools/compiler/bin/../lib/gcc/arm-none-eabi/5.4.1/../../../../arm-none-eabi/lib/armv7e-m/fpu\libc_nano.a(lib_a-mlock.o)
 .debug_frame   0x000022f8       0x20 c:/ac6/systemworkbench/plugins/fr.ac6.mcu.externaltools.arm-none.win32_1.13.3.201707031232/tools/compiler/bin/../lib/gcc/arm-none-eabi/5.4.1/../../../../arm-none-eabi/lib/armv7e-m/fpu\libc_nano.a(lib_a-nano-msizer.o)
 .debug_frame   0x00002318       0x5c c:/ac6/systemworkbench/plugins/fr.ac6.mcu.externaltools.arm-none.win32_1.13.3.201707031232/tools/compiler/bin/../lib/gcc/arm-none-eabi/5.4.1/../../../../arm-none-eabi/lib/armv7e-m/fpu\libc_nano.a(lib_a-reent.o)
 .debug_frame   0x00002374       0x20 c:/ac6/systemworkbench/plugins/fr.ac6.mcu.externaltools.arm-none.win32_1.13.3.201707031232/tools/compiler/bin/../lib/gcc/arm-none-eabi/5.4.1/../../../../arm-none-eabi/lib/armv7e-m/fpu\libnosys.a(sbrk.o)
