10:59:59 **** Incremental Build of configuration Debug for project testproject ****
make all 
Building file: ../Src/main.c
Invoking: MCU GCC Compiler
C:\Users\Gebruiker\Documents\werk\Roboteam\stm32\testproject\Debug
arm-none-eabi-gcc -mcpu=cortex-m4 -mthumb -mfloat-abi=hard -mfpu=fpv4-sp-d16 '-D__weak=__attribute__((weak))' '-D__packed=__attribute__((__packed__))' -DUSE_HAL_DRIVER -DSTM32F446xx -I"C:/Users/Gebruiker/Documents/werk/Roboteam/stm32/testproject/Inc" -I"C:/Users/Gebruiker/Documents/werk/Roboteam/stm32/testproject/Drivers/CMSIS/Device/ST/STM32F4xx/Include" -I"C:/Users/Gebruiker/Documents/werk/Roboteam/stm32/testproject/Drivers/STM32F4xx_HAL_Driver/Inc/Legacy" -I"C:/Users/Gebruiker/Documents/werk/Roboteam/stm32/testproject/Drivers/CMSIS/Include" -I"C:/Users/Gebruiker/Documents/werk/Roboteam/stm32/testproject/Drivers/STM32F4xx_HAL_Driver/Inc" -Og -g3 -Wall -fmessage-length=0 -ffunction-sections -c -fmessage-length=0 -MMD -MP -MF"Src/main.d" -MT"Src/main.o" -o "Src/main.o" "../Src/main.c"
Finished building: ../Src/main.c
 
Building target: testproject.elf
Invoking: MCU GCC Linker
arm-none-eabi-gcc -mcpu=cortex-m4 -mthumb -mfloat-abi=hard -mfpu=fpv4-sp-d16 -specs=nosys.specs -specs=nano.specs -T"../STM32F446RETx_FLASH.ld" -Wl,-Map=output.map -Wl,--gc-sections -o "testproject.elf" @"objects.list"   -lm
Finished building target: testproject.elf
 
make --no-print-directory post-build
Generating binary and Printing size information:
arm-none-eabi-objcopy -O binary "testproject.elf" "testproject.bin"
arm-none-eabi-size "testproject.elf"
   text	   data	    bss	    dec	    hex	filename
  17268	    300	   3812	  21380	   5384	testproject.elf
 

11:00:03 Build Finished (took 4s.422ms)

